<!doctype html public "-//w3c//dtd html 4.0 transitional//en">
<html><head>
<title>Static Call Graph - [.\Out\PisAmp.axf]</title></head>
<body><HR>
<H1>Static Call Graph for image .\Out\PisAmp.axf</H1><HR>
<BR><P>#&#060CALLGRAPH&#062# ARM Linker, 5050106: Last Updated: Mon May 24 09:56:27 2021
<BR><P>
<H3>Maximum Stack Usage =        676 bytes + Unknown(Cycles, Untraceable Function Pointers)</H3><H3>
Call chain for Maximum Stack Depth:</H3>
UdpCommanderReceiveCallback &rArr; CommanderReceive &rArr; SetTrainId &rArr; CommanderSendTrainId &rArr; CommanderSendString &rArr; UdpCommanderSend &rArr; udp_send &rArr; udp_sendto &rArr; udp_sendto_if &rArr; ip_output_if &rArr; ip_frag &rArr; pbuf_alloc &rArr; pbuf_free &rArr; mem_free &rArr; plug_holes
<P>
<H3>
Mutually Recursive functions
</H3> <LI><a href="#[6]">SVC_Handler</a>&nbsp;&nbsp;&nbsp;&rArr;&nbsp;&nbsp;&nbsp;<a href="#[6]">SVC_Handler</a><BR>
 <LI><a href="#[8]">PendSV_Handler</a>&nbsp;&nbsp;&nbsp;&rArr;&nbsp;&nbsp;&nbsp;<a href="#[8]">PendSV_Handler</a><BR>
 <LI><a href="#[1c]">ADC_IRQHandler</a>&nbsp;&nbsp;&nbsp;&rArr;&nbsp;&nbsp;&nbsp;<a href="#[1c]">ADC_IRQHandler</a><BR>
</UL>
<P>
<H3>
Function Pointers
</H3><UL>
 <LI><a href="#[1c]">ADC_IRQHandler</a> from startup_stm32f2xx.o(.text) referenced from startup_stm32f2xx.o(RESET)
 <LI><a href="#[4]">BusFault_Handler</a> from stm32f2xx_it.o(.text) referenced from startup_stm32f2xx.o(RESET)
 <LI><a href="#[1e]">CAN1_RX0_IRQHandler</a> from startup_stm32f2xx.o(.text) referenced from startup_stm32f2xx.o(RESET)
 <LI><a href="#[1f]">CAN1_RX1_IRQHandler</a> from startup_stm32f2xx.o(.text) referenced from startup_stm32f2xx.o(RESET)
 <LI><a href="#[20]">CAN1_SCE_IRQHandler</a> from startup_stm32f2xx.o(.text) referenced from startup_stm32f2xx.o(RESET)
 <LI><a href="#[1d]">CAN1_TX_IRQHandler</a> from startup_stm32f2xx.o(.text) referenced from startup_stm32f2xx.o(RESET)
 <LI><a href="#[4a]">CAN2_RX0_IRQHandler</a> from startup_stm32f2xx.o(.text) referenced from startup_stm32f2xx.o(RESET)
 <LI><a href="#[4b]">CAN2_RX1_IRQHandler</a> from startup_stm32f2xx.o(.text) referenced from startup_stm32f2xx.o(RESET)
 <LI><a href="#[4c]">CAN2_SCE_IRQHandler</a> from startup_stm32f2xx.o(.text) referenced from startup_stm32f2xx.o(RESET)
 <LI><a href="#[49]">CAN2_TX_IRQHandler</a> from startup_stm32f2xx.o(.text) referenced from startup_stm32f2xx.o(RESET)
 <LI><a href="#[59]">CRYP_IRQHandler</a> from startup_stm32f2xx.o(.text) referenced from startup_stm32f2xx.o(RESET)
 <LI><a href="#[58]">DCMI_IRQHandler</a> from startup_stm32f2xx.o(.text) referenced from startup_stm32f2xx.o(RESET)
 <LI><a href="#[15]">DMA1_Stream0_IRQHandler</a> from startup_stm32f2xx.o(.text) referenced from startup_stm32f2xx.o(RESET)
 <LI><a href="#[16]">DMA1_Stream1_IRQHandler</a> from startup_stm32f2xx.o(.text) referenced from startup_stm32f2xx.o(RESET)
 <LI><a href="#[17]">DMA1_Stream2_IRQHandler</a> from stm32f2xx_it.o(.text) referenced from startup_stm32f2xx.o(RESET)
 <LI><a href="#[18]">DMA1_Stream3_IRQHandler</a> from startup_stm32f2xx.o(.text) referenced from startup_stm32f2xx.o(RESET)
 <LI><a href="#[19]">DMA1_Stream4_IRQHandler</a> from stm32f2xx_it.o(.text) referenced from startup_stm32f2xx.o(RESET)
 <LI><a href="#[1a]">DMA1_Stream5_IRQHandler</a> from startup_stm32f2xx.o(.text) referenced from startup_stm32f2xx.o(RESET)
 <LI><a href="#[1b]">DMA1_Stream6_IRQHandler</a> from startup_stm32f2xx.o(.text) referenced from startup_stm32f2xx.o(RESET)
 <LI><a href="#[39]">DMA1_Stream7_IRQHandler</a> from startup_stm32f2xx.o(.text) referenced from startup_stm32f2xx.o(RESET)
 <LI><a href="#[42]">DMA2_Stream0_IRQHandler</a> from startup_stm32f2xx.o(.text) referenced from startup_stm32f2xx.o(RESET)
 <LI><a href="#[43]">DMA2_Stream1_IRQHandler</a> from startup_stm32f2xx.o(.text) referenced from startup_stm32f2xx.o(RESET)
 <LI><a href="#[44]">DMA2_Stream2_IRQHandler</a> from startup_stm32f2xx.o(.text) referenced from startup_stm32f2xx.o(RESET)
 <LI><a href="#[45]">DMA2_Stream3_IRQHandler</a> from startup_stm32f2xx.o(.text) referenced from startup_stm32f2xx.o(RESET)
 <LI><a href="#[46]">DMA2_Stream4_IRQHandler</a> from startup_stm32f2xx.o(.text) referenced from startup_stm32f2xx.o(RESET)
 <LI><a href="#[4e]">DMA2_Stream5_IRQHandler</a> from startup_stm32f2xx.o(.text) referenced from startup_stm32f2xx.o(RESET)
 <LI><a href="#[4f]">DMA2_Stream6_IRQHandler</a> from startup_stm32f2xx.o(.text) referenced from startup_stm32f2xx.o(RESET)
 <LI><a href="#[50]">DMA2_Stream7_IRQHandler</a> from startup_stm32f2xx.o(.text) referenced from startup_stm32f2xx.o(RESET)
 <LI><a href="#[7]">DebugMon_Handler</a> from stm32f2xx_it.o(.text) referenced from startup_stm32f2xx.o(RESET)
 <LI><a href="#[47]">ETH_IRQHandler</a> from startup_stm32f2xx.o(.text) referenced from startup_stm32f2xx.o(RESET)
 <LI><a href="#[48]">ETH_WKUP_IRQHandler</a> from startup_stm32f2xx.o(.text) referenced from startup_stm32f2xx.o(RESET)
 <LI><a href="#[10]">EXTI0_IRQHandler</a> from startup_stm32f2xx.o(.text) referenced from startup_stm32f2xx.o(RESET)
 <LI><a href="#[32]">EXTI15_10_IRQHandler</a> from startup_stm32f2xx.o(.text) referenced from startup_stm32f2xx.o(RESET)
 <LI><a href="#[11]">EXTI1_IRQHandler</a> from startup_stm32f2xx.o(.text) referenced from startup_stm32f2xx.o(RESET)
 <LI><a href="#[12]">EXTI2_IRQHandler</a> from startup_stm32f2xx.o(.text) referenced from startup_stm32f2xx.o(RESET)
 <LI><a href="#[13]">EXTI3_IRQHandler</a> from startup_stm32f2xx.o(.text) referenced from startup_stm32f2xx.o(RESET)
 <LI><a href="#[14]">EXTI4_IRQHandler</a> from startup_stm32f2xx.o(.text) referenced from startup_stm32f2xx.o(RESET)
 <LI><a href="#[21]">EXTI9_5_IRQHandler</a> from startup_stm32f2xx.o(.text) referenced from startup_stm32f2xx.o(RESET)
 <LI><a href="#[e]">FLASH_IRQHandler</a> from startup_stm32f2xx.o(.text) referenced from startup_stm32f2xx.o(RESET)
 <LI><a href="#[3a]">FSMC_IRQHandler</a> from startup_stm32f2xx.o(.text) referenced from startup_stm32f2xx.o(RESET)
 <LI><a href="#[5a]">HASH_RNG_IRQHandler</a> from startup_stm32f2xx.o(.text) referenced from startup_stm32f2xx.o(RESET)
 <LI><a href="#[2]">HardFault_Handler</a> from stm32f2xx_it.o(.text) referenced from startup_stm32f2xx.o(RESET)
 <LI><a href="#[62]">HttpAccept</a> from myhttpd.o(.text) referenced from myhttpd.o(.text)
 <LI><a href="#[5e]">HttpRecv</a> from myhttpd.o(.text) referenced from myhttpd.o(.text)
 <LI><a href="#[2a]">I2C1_ER_IRQHandler</a> from startup_stm32f2xx.o(.text) referenced from startup_stm32f2xx.o(RESET)
 <LI><a href="#[29]">I2C1_EV_IRQHandler</a> from startup_stm32f2xx.o(.text) referenced from startup_stm32f2xx.o(RESET)
 <LI><a href="#[2c]">I2C2_ER_IRQHandler</a> from startup_stm32f2xx.o(.text) referenced from startup_stm32f2xx.o(RESET)
 <LI><a href="#[2b]">I2C2_EV_IRQHandler</a> from startup_stm32f2xx.o(.text) referenced from startup_stm32f2xx.o(RESET)
 <LI><a href="#[53]">I2C3_ER_IRQHandler</a> from startup_stm32f2xx.o(.text) referenced from startup_stm32f2xx.o(RESET)
 <LI><a href="#[52]">I2C3_EV_IRQHandler</a> from startup_stm32f2xx.o(.text) referenced from startup_stm32f2xx.o(RESET)
 <LI><a href="#[3]">MemManage_Handler</a> from stm32f2xx_it.o(.text) referenced from startup_stm32f2xx.o(RESET)
 <LI><a href="#[1]">NMI_Handler</a> from stm32f2xx_it.o(.text) referenced from startup_stm32f2xx.o(RESET)
 <LI><a href="#[4d]">OTG_FS_IRQHandler</a> from startup_stm32f2xx.o(.text) referenced from startup_stm32f2xx.o(RESET)
 <LI><a href="#[34]">OTG_FS_WKUP_IRQHandler</a> from startup_stm32f2xx.o(.text) referenced from startup_stm32f2xx.o(RESET)
 <LI><a href="#[55]">OTG_HS_EP1_IN_IRQHandler</a> from startup_stm32f2xx.o(.text) referenced from startup_stm32f2xx.o(RESET)
 <LI><a href="#[54]">OTG_HS_EP1_OUT_IRQHandler</a> from startup_stm32f2xx.o(.text) referenced from startup_stm32f2xx.o(RESET)
 <LI><a href="#[57]">OTG_HS_IRQHandler</a> from startup_stm32f2xx.o(.text) referenced from startup_stm32f2xx.o(RESET)
 <LI><a href="#[56]">OTG_HS_WKUP_IRQHandler</a> from startup_stm32f2xx.o(.text) referenced from startup_stm32f2xx.o(RESET)
 <LI><a href="#[b]">PVD_IRQHandler</a> from startup_stm32f2xx.o(.text) referenced from startup_stm32f2xx.o(RESET)
 <LI><a href="#[8]">PendSV_Handler</a> from startup_stm32f2xx.o(.text) referenced from startup_stm32f2xx.o(RESET)
 <LI><a href="#[f]">RCC_IRQHandler</a> from startup_stm32f2xx.o(.text) referenced from startup_stm32f2xx.o(RESET)
 <LI><a href="#[33]">RTC_Alarm_IRQHandler</a> from startup_stm32f2xx.o(.text) referenced from startup_stm32f2xx.o(RESET)
 <LI><a href="#[d]">RTC_WKUP_IRQHandler</a> from startup_stm32f2xx.o(.text) referenced from startup_stm32f2xx.o(RESET)
 <LI><a href="#[0]">Reset_Handler</a> from startup_stm32f2xx.o(.text) referenced from startup_stm32f2xx.o(RESET)
 <LI><a href="#[3b]">SDIO_IRQHandler</a> from startup_stm32f2xx.o(.text) referenced from startup_stm32f2xx.o(RESET)
 <LI><a href="#[2d]">SPI1_IRQHandler</a> from startup_stm32f2xx.o(.text) referenced from startup_stm32f2xx.o(RESET)
 <LI><a href="#[2e]">SPI2_IRQHandler</a> from startup_stm32f2xx.o(.text) referenced from startup_stm32f2xx.o(RESET)
 <LI><a href="#[3d]">SPI3_IRQHandler</a> from startup_stm32f2xx.o(.text) referenced from startup_stm32f2xx.o(RESET)
 <LI><a href="#[6]">SVC_Handler</a> from startup_stm32f2xx.o(.text) referenced from startup_stm32f2xx.o(RESET)
 <LI><a href="#[9]">SysTick_Handler</a> from stm32f2xx_it.o(.text) referenced from startup_stm32f2xx.o(RESET)
 <LI><a href="#[63]">SystemInit</a> from system_stm32f2xx.o(.text) referenced from startup_stm32f2xx.o(.text)
 <LI><a href="#[c]">TAMP_STAMP_IRQHandler</a> from startup_stm32f2xx.o(.text) referenced from startup_stm32f2xx.o(RESET)
 <LI><a href="#[22]">TIM1_BRK_TIM9_IRQHandler</a> from startup_stm32f2xx.o(.text) referenced from startup_stm32f2xx.o(RESET)
 <LI><a href="#[25]">TIM1_CC_IRQHandler</a> from startup_stm32f2xx.o(.text) referenced from startup_stm32f2xx.o(RESET)
 <LI><a href="#[24]">TIM1_TRG_COM_TIM11_IRQHandler</a> from startup_stm32f2xx.o(.text) referenced from startup_stm32f2xx.o(RESET)
 <LI><a href="#[23]">TIM1_UP_TIM10_IRQHandler</a> from startup_stm32f2xx.o(.text) referenced from startup_stm32f2xx.o(RESET)
 <LI><a href="#[26]">TIM2_IRQHandler</a> from startup_stm32f2xx.o(.text) referenced from startup_stm32f2xx.o(RESET)
 <LI><a href="#[27]">TIM3_IRQHandler</a> from startup_stm32f2xx.o(.text) referenced from startup_stm32f2xx.o(RESET)
 <LI><a href="#[28]">TIM4_IRQHandler</a> from startup_stm32f2xx.o(.text) referenced from startup_stm32f2xx.o(RESET)
 <LI><a href="#[3c]">TIM5_IRQHandler</a> from startup_stm32f2xx.o(.text) referenced from startup_stm32f2xx.o(RESET)
 <LI><a href="#[40]">TIM6_DAC_IRQHandler</a> from startup_stm32f2xx.o(.text) referenced from startup_stm32f2xx.o(RESET)
 <LI><a href="#[41]">TIM7_IRQHandler</a> from startup_stm32f2xx.o(.text) referenced from startup_stm32f2xx.o(RESET)
 <LI><a href="#[35]">TIM8_BRK_TIM12_IRQHandler</a> from startup_stm32f2xx.o(.text) referenced from startup_stm32f2xx.o(RESET)
 <LI><a href="#[38]">TIM8_CC_IRQHandler</a> from startup_stm32f2xx.o(.text) referenced from startup_stm32f2xx.o(RESET)
 <LI><a href="#[37]">TIM8_TRG_COM_TIM14_IRQHandler</a> from startup_stm32f2xx.o(.text) referenced from startup_stm32f2xx.o(RESET)
 <LI><a href="#[36]">TIM8_UP_TIM13_IRQHandler</a> from startup_stm32f2xx.o(.text) referenced from startup_stm32f2xx.o(RESET)
 <LI><a href="#[3e]">UART4_IRQHandler</a> from startup_stm32f2xx.o(.text) referenced from startup_stm32f2xx.o(RESET)
 <LI><a href="#[3f]">UART5_IRQHandler</a> from startup_stm32f2xx.o(.text) referenced from startup_stm32f2xx.o(RESET)
 <LI><a href="#[2f]">USART1_IRQHandler</a> from startup_stm32f2xx.o(.text) referenced from startup_stm32f2xx.o(RESET)
 <LI><a href="#[30]">USART2_IRQHandler</a> from startup_stm32f2xx.o(.text) referenced from startup_stm32f2xx.o(RESET)
 <LI><a href="#[31]">USART3_IRQHandler</a> from startup_stm32f2xx.o(.text) referenced from startup_stm32f2xx.o(RESET)
 <LI><a href="#[51]">USART6_IRQHandler</a> from startup_stm32f2xx.o(.text) referenced from startup_stm32f2xx.o(RESET)
 <LI><a href="#[110]">UdpBroadcastReceiveCallback</a> from mylwip.o(.text) referenced from mylwip.o(.text)
 <LI><a href="#[115]">UdpCommanderReceiveCallback</a> from mylwip.o(.text) referenced from mylwip.o(.text)
 <LI><a href="#[113]">UdpControlReceiveCallback</a> from mylwip.o(.text) referenced from mylwip.o(.text)
 <LI><a href="#[107]">UdpPlayclkReceiveCallback</a> from mylwip.o(.text) referenced from mylwip.o(.text)
 <LI><a href="#[10c]">UdpTalkReceiveCallback</a> from mylwip.o(.text) referenced from mylwip.o(.text)
 <LI><a href="#[118]">UdpTestReceiveCallback</a> from mylwip.o(.text) referenced from mylwip.o(.text)
 <LI><a href="#[5]">UsageFault_Handler</a> from stm32f2xx_it.o(.text) referenced from startup_stm32f2xx.o(RESET)
 <LI><a href="#[a]">WWDG_IRQHandler</a> from startup_stm32f2xx.o(.text) referenced from startup_stm32f2xx.o(RESET)
 <LI><a href="#[64]">__main</a> from entry.o(.ARM.Collect$$$$00000000) referenced from startup_stm32f2xx.o(.text)
 <LI><a href="#[68]">_sputc</a> from printf3.o(i._sputc) referenced from printf3.o(i.__0sprintf$3)
 <LI><a href="#[66]">etharp_output</a> from etharp.o(.text) referenced from ethernetif.o(.text)
 <LI><a href="#[5c]">ethernet_input</a> from etharp.o(.text) referenced from mylwip.o(.text)
 <LI><a href="#[5d]">ethernetif_init</a> from ethernetif.o(.text) referenced from mylwip.o(.text)
 <LI><a href="#[5f]">http_err</a> from myhttpd.o(.text) referenced from myhttpd.o(.text)
 <LI><a href="#[60]">http_poll</a> from myhttpd.o(.text) referenced from myhttpd.o(.text)
 <LI><a href="#[61]">http_sent</a> from myhttpd.o(.text) referenced from myhttpd.o(.text)
 <LI><a href="#[67]">low_level_output</a> from ethernetif.o(.text) referenced from ethernetif.o(.text)
 <LI><a href="#[5b]">main</a> from main.o(.text) referenced from entry9a.o(.ARM.Collect$$$$0000000B)
 <LI><a href="#[65]">tcp_accept_null</a> from tcp.o(.text) referenced from tcp.o(.text)
 <LI><a href="#[1ff]">tcp_recv_null</a> from tcp.o(.text) referenced from tcp.o(.text)
</UL>
<P>
<H3>
Global Symbols
</H3>
<P><STRONG><a name="[64]"></a>__main</STRONG> (Thumb, 0 bytes, Stack size unknown bytes, entry.o(.ARM.Collect$$$$00000000))
<BR>[Address Reference Count : 1]<UL><LI> startup_stm32f2xx.o(.text)
</UL>
<P><STRONG><a name="[266]"></a>_main_stk</STRONG> (Thumb, 0 bytes, Stack size unknown bytes, entry2.o(.ARM.Collect$$$$00000001))

<P><STRONG><a name="[69]"></a>_main_scatterload</STRONG> (Thumb, 0 bytes, Stack size unknown bytes, entry5.o(.ARM.Collect$$$$00000004))
<BR><BR>[Calls]<UL><LI><a href="#[6a]">&gt;&gt;</a>&nbsp;&nbsp;&nbsp;__scatterload
</UL>

<P><STRONG><a name="[25a]"></a>__main_after_scatterload</STRONG> (Thumb, 0 bytes, Stack size unknown bytes, entry5.o(.ARM.Collect$$$$00000004))
<BR><BR>[Called By]<UL><LI><a href="#[6a]">&gt;&gt;</a>&nbsp;&nbsp;&nbsp;__scatterload
</UL>

<P><STRONG><a name="[267]"></a>_main_clock</STRONG> (Thumb, 0 bytes, Stack size unknown bytes, entry7b.o(.ARM.Collect$$$$00000008))

<P><STRONG><a name="[268]"></a>_main_cpp_init</STRONG> (Thumb, 0 bytes, Stack size unknown bytes, entry8b.o(.ARM.Collect$$$$0000000A))

<P><STRONG><a name="[269]"></a>_main_init</STRONG> (Thumb, 0 bytes, Stack size unknown bytes, entry9a.o(.ARM.Collect$$$$0000000B))

<P><STRONG><a name="[26a]"></a>__rt_final_cpp</STRONG> (Thumb, 0 bytes, Stack size unknown bytes, entry10a.o(.ARM.Collect$$$$0000000D))

<P><STRONG><a name="[26b]"></a>__rt_final_exit</STRONG> (Thumb, 0 bytes, Stack size unknown bytes, entry11a.o(.ARM.Collect$$$$0000000F))

<P><STRONG><a name="[5b]"></a>main</STRONG> (Thumb, 372 bytes, Stack size 0 bytes, main.o(.text))
<BR><BR>[Stack]<UL><LI>Max Depth = 508<LI>Call Chain = main &rArr; NetInit &rArr; LwipInit &rArr; netif_add &rArr; netif_set_addr &rArr; netif_set_ipaddr &rArr; tcp_abandon &rArr; tcp_pcb_remove &rArr; tcp_output &rArr; tcp_output_segment &rArr; ip_output &rArr; ip_output_if &rArr; ip_frag &rArr; pbuf_alloc &rArr; pbuf_free &rArr; mem_free &rArr; plug_holes
</UL>
<BR>[Calls]<UL><LI><a href="#[71]">&gt;&gt;</a>&nbsp;&nbsp;&nbsp;SysTick_Init
<LI><a href="#[75]">&gt;&gt;</a>&nbsp;&nbsp;&nbsp;StorageInit
<LI><a href="#[78]">&gt;&gt;</a>&nbsp;&nbsp;&nbsp;StorageInfoRead
<LI><a href="#[6c]">&gt;&gt;</a>&nbsp;&nbsp;&nbsp;RCC_Configuration
<LI><a href="#[7b]">&gt;&gt;</a>&nbsp;&nbsp;&nbsp;NetProcess
<LI><a href="#[76]">&gt;&gt;</a>&nbsp;&nbsp;&nbsp;NetInit
<LI><a href="#[82]">&gt;&gt;</a>&nbsp;&nbsp;&nbsp;MyTimer500
<LI><a href="#[7f]">&gt;&gt;</a>&nbsp;&nbsp;&nbsp;MyTimer50
<LI><a href="#[84]">&gt;&gt;</a>&nbsp;&nbsp;&nbsp;MyTimer2000
<LI><a href="#[81]">&gt;&gt;</a>&nbsp;&nbsp;&nbsp;MyTimer200
<LI><a href="#[7e]">&gt;&gt;</a>&nbsp;&nbsp;&nbsp;MyTimer20
<LI><a href="#[83]">&gt;&gt;</a>&nbsp;&nbsp;&nbsp;MyTimer1000
<LI><a href="#[80]">&gt;&gt;</a>&nbsp;&nbsp;&nbsp;MyTimer100
<LI><a href="#[7d]">&gt;&gt;</a>&nbsp;&nbsp;&nbsp;MyTimer10
<LI><a href="#[7a]">&gt;&gt;</a>&nbsp;&nbsp;&nbsp;LwipProcess
<LI><a href="#[6f]">&gt;&gt;</a>&nbsp;&nbsp;&nbsp;LED2On
<LI><a href="#[73]">&gt;&gt;</a>&nbsp;&nbsp;&nbsp;LED2Off
<LI><a href="#[6e]">&gt;&gt;</a>&nbsp;&nbsp;&nbsp;LED1On
<LI><a href="#[72]">&gt;&gt;</a>&nbsp;&nbsp;&nbsp;LED1Off
<LI><a href="#[6d]">&gt;&gt;</a>&nbsp;&nbsp;&nbsp;GPIO_Configuration
<LI><a href="#[70]">&gt;&gt;</a>&nbsp;&nbsp;&nbsp;FeedDog
<LI><a href="#[6b]">&gt;&gt;</a>&nbsp;&nbsp;&nbsp;Delay
<LI><a href="#[7c]">&gt;&gt;</a>&nbsp;&nbsp;&nbsp;AudioProcess
<LI><a href="#[77]">&gt;&gt;</a>&nbsp;&nbsp;&nbsp;AudioInit
<LI><a href="#[79]">&gt;&gt;</a>&nbsp;&nbsp;&nbsp;AppProcess
<LI><a href="#[74]">&gt;&gt;</a>&nbsp;&nbsp;&nbsp;AppInit
</UL>
<BR>[Address Reference Count : 1]<UL><LI> entry9a.o(.ARM.Collect$$$$0000000B)
</UL>
<P><STRONG><a name="[74]"></a>AppInit</STRONG> (Thumb, 58 bytes, Stack size 8 bytes, myapp.o(.text))
<BR><BR>[Stack]<UL><LI>Max Depth = 140<LI>Call Chain = AppInit &rArr; AdcInit &rArr; GPIO_Init
</UL>
<BR>[Calls]<UL><LI><a href="#[88]">&gt;&gt;</a>&nbsp;&nbsp;&nbsp;SelfTestInit
<LI><a href="#[87]">&gt;&gt;</a>&nbsp;&nbsp;&nbsp;KeyInit
<LI><a href="#[85]">&gt;&gt;</a>&nbsp;&nbsp;&nbsp;GetAddress
<LI><a href="#[86]">&gt;&gt;</a>&nbsp;&nbsp;&nbsp;AdcInit
</UL>
<BR>[Called By]<UL><LI><a href="#[5b]">&gt;&gt;</a>&nbsp;&nbsp;&nbsp;main
</UL>

<P><STRONG><a name="[89]"></a>AppStart</STRONG> (Thumb, 8 bytes, Stack size 8 bytes, myapp.o(.text))
<BR><BR>[Stack]<UL><LI>Max Depth = 476<LI>Call Chain = AppStart &rArr; CommanderInit &rArr; CommanderSendLocalIp &rArr; CommanderSendString &rArr; UdpCommanderSend &rArr; udp_send &rArr; udp_sendto &rArr; udp_sendto_if &rArr; ip_output_if &rArr; ip_frag &rArr; pbuf_alloc &rArr; pbuf_free &rArr; mem_free &rArr; plug_holes
</UL>
<BR>[Calls]<UL><LI><a href="#[8a]">&gt;&gt;</a>&nbsp;&nbsp;&nbsp;CommanderInit
</UL>
<BR>[Called By]<UL><LI><a href="#[a4]">&gt;&gt;</a>&nbsp;&nbsp;&nbsp;App100ms
</UL>

<P><STRONG><a name="[8b]"></a>LedLightProcess</STRONG> (Thumb, 136 bytes, Stack size 8 bytes, myapp.o(.text))
<BR><BR>[Stack]<UL><LI>Max Depth = 16<LI>Call Chain = LedLightProcess &rArr; LED9dbOn
</UL>
<BR>[Calls]<UL><LI><a href="#[94]">&gt;&gt;</a>&nbsp;&nbsp;&nbsp;LED9dbOn
<LI><a href="#[95]">&gt;&gt;</a>&nbsp;&nbsp;&nbsp;LED9dbOff
<LI><a href="#[92]">&gt;&gt;</a>&nbsp;&nbsp;&nbsp;LED6dbOn
<LI><a href="#[93]">&gt;&gt;</a>&nbsp;&nbsp;&nbsp;LED6dbOff
<LI><a href="#[8c]">&gt;&gt;</a>&nbsp;&nbsp;&nbsp;LED3pdbOn
<LI><a href="#[8d]">&gt;&gt;</a>&nbsp;&nbsp;&nbsp;LED3pdbOff
<LI><a href="#[90]">&gt;&gt;</a>&nbsp;&nbsp;&nbsp;LED3dbOn
<LI><a href="#[91]">&gt;&gt;</a>&nbsp;&nbsp;&nbsp;LED3dbOff
<LI><a href="#[8e]">&gt;&gt;</a>&nbsp;&nbsp;&nbsp;LED0dbOn
<LI><a href="#[8f]">&gt;&gt;</a>&nbsp;&nbsp;&nbsp;LED0dbOff
</UL>
<BR>[Called By]<UL><LI><a href="#[79]">&gt;&gt;</a>&nbsp;&nbsp;&nbsp;AppProcess
</UL>

<P><STRONG><a name="[79]"></a>AppProcess</STRONG> (Thumb, 74 bytes, Stack size 8 bytes, myapp.o(.text))
<BR><BR>[Stack]<UL><LI>Max Depth = 48<LI>Call Chain = AppProcess &rArr; AudioSetVolume &rArr; L3Uda1341SetVolume &rArr; L3SendByte &rArr; WriteL3Mode
</UL>
<BR>[Calls]<UL><LI><a href="#[96]">&gt;&gt;</a>&nbsp;&nbsp;&nbsp;AudioSetVolume
<LI><a href="#[8b]">&gt;&gt;</a>&nbsp;&nbsp;&nbsp;LedLightProcess
</UL>
<BR>[Called By]<UL><LI><a href="#[5b]">&gt;&gt;</a>&nbsp;&nbsp;&nbsp;main
</UL>

<P><STRONG><a name="[f8]"></a>App10ms</STRONG> (Thumb, 2 bytes, Stack size 0 bytes, myapp.o(.text))
<BR><BR>[Called By]<UL><LI><a href="#[7d]">&gt;&gt;</a>&nbsp;&nbsp;&nbsp;MyTimer10
</UL>

<P><STRONG><a name="[a5]"></a>GetCurrentState</STRONG> (Thumb, 366 bytes, Stack size 0 bytes, myapp.o(.text))
<BR><BR>[Called By]<UL><LI><a href="#[a4]">&gt;&gt;</a>&nbsp;&nbsp;&nbsp;App100ms
</UL>

<P><STRONG><a name="[97]"></a>GetNoiseDetectState</STRONG> (Thumb, 90 bytes, Stack size 8 bytes, myapp.o(.text))
<BR><BR>[Stack]<UL><LI>Max Depth = 24<LI>Call Chain = GetNoiseDetectState &rArr; GetNoise2Detect
</UL>
<BR>[Calls]<UL><LI><a href="#[99]">&gt;&gt;</a>&nbsp;&nbsp;&nbsp;GetNoise2Detect
<LI><a href="#[98]">&gt;&gt;</a>&nbsp;&nbsp;&nbsp;GetNoise1Detect
</UL>
<BR>[Called By]<UL><LI><a href="#[a4]">&gt;&gt;</a>&nbsp;&nbsp;&nbsp;App100ms
</UL>

<P><STRONG><a name="[9a]"></a>GetDC24Vs</STRONG> (Thumb, 48 bytes, Stack size 8 bytes, myapp.o(.text))
<BR><BR>[Stack]<UL><LI>Max Depth = 24<LI>Call Chain = GetDC24Vs &rArr; GetDC24V2
</UL>
<BR>[Calls]<UL><LI><a href="#[9c]">&gt;&gt;</a>&nbsp;&nbsp;&nbsp;GetDC24V2
<LI><a href="#[9b]">&gt;&gt;</a>&nbsp;&nbsp;&nbsp;GetDC24V1
</UL>
<BR>[Called By]<UL><LI><a href="#[a4]">&gt;&gt;</a>&nbsp;&nbsp;&nbsp;App100ms
</UL>

<P><STRONG><a name="[9d]"></a>GetAmpState</STRONG> (Thumb, 60 bytes, Stack size 24 bytes, myapp.o(.text))
<BR><BR>[Stack]<UL><LI>Max Depth = 40<LI>Call Chain = GetAmpState &rArr; GetUvp
</UL>
<BR>[Calls]<UL><LI><a href="#[a0]">&gt;&gt;</a>&nbsp;&nbsp;&nbsp;GetUvp
<LI><a href="#[9e]">&gt;&gt;</a>&nbsp;&nbsp;&nbsp;GetShort
<LI><a href="#[9f]">&gt;&gt;</a>&nbsp;&nbsp;&nbsp;GetOvp
</UL>
<BR>[Called By]<UL><LI><a href="#[a4]">&gt;&gt;</a>&nbsp;&nbsp;&nbsp;App100ms
</UL>

<P><STRONG><a name="[a2]"></a>LedLight</STRONG> (Thumb, 8 bytes, Stack size 0 bytes, myapp.o(.text))
<BR><BR>[Called By]<UL><LI><a href="#[a1]">&gt;&gt;</a>&nbsp;&nbsp;&nbsp;DisplayDb
</UL>

<P><STRONG><a name="[a3]"></a>LedGetBrightness</STRONG> (Thumb, 10 bytes, Stack size 0 bytes, myapp.o(.text))
<BR><BR>[Called By]<UL><LI><a href="#[a1]">&gt;&gt;</a>&nbsp;&nbsp;&nbsp;DisplayDb
</UL>

<P><STRONG><a name="[a1]"></a>DisplayDb</STRONG> (Thumb, 876 bytes, Stack size 4 bytes, myapp.o(.text))
<BR><BR>[Stack]<UL><LI>Max Depth = 4<LI>Call Chain = DisplayDb
</UL>
<BR>[Calls]<UL><LI><a href="#[a3]">&gt;&gt;</a>&nbsp;&nbsp;&nbsp;LedGetBrightness
<LI><a href="#[a2]">&gt;&gt;</a>&nbsp;&nbsp;&nbsp;LedLight
</UL>
<BR>[Called By]<UL><LI><a href="#[a4]">&gt;&gt;</a>&nbsp;&nbsp;&nbsp;App100ms
</UL>

<P><STRONG><a name="[a4]"></a>App100ms</STRONG> (Thumb, 80 bytes, Stack size 8 bytes, myapp.o(.text))
<BR><BR>[Stack]<UL><LI>Max Depth = 484<LI>Call Chain = App100ms &rArr; AppStart &rArr; CommanderInit &rArr; CommanderSendLocalIp &rArr; CommanderSendString &rArr; UdpCommanderSend &rArr; udp_send &rArr; udp_sendto &rArr; udp_sendto_if &rArr; ip_output_if &rArr; ip_frag &rArr; pbuf_alloc &rArr; pbuf_free &rArr; mem_free &rArr; plug_holes
</UL>
<BR>[Calls]<UL><LI><a href="#[a1]">&gt;&gt;</a>&nbsp;&nbsp;&nbsp;DisplayDb
<LI><a href="#[9d]">&gt;&gt;</a>&nbsp;&nbsp;&nbsp;GetAmpState
<LI><a href="#[9a]">&gt;&gt;</a>&nbsp;&nbsp;&nbsp;GetDC24Vs
<LI><a href="#[97]">&gt;&gt;</a>&nbsp;&nbsp;&nbsp;GetNoiseDetectState
<LI><a href="#[a5]">&gt;&gt;</a>&nbsp;&nbsp;&nbsp;GetCurrentState
<LI><a href="#[89]">&gt;&gt;</a>&nbsp;&nbsp;&nbsp;AppStart
<LI><a href="#[70]">&gt;&gt;</a>&nbsp;&nbsp;&nbsp;FeedDog
</UL>
<BR>[Called By]<UL><LI><a href="#[80]">&gt;&gt;</a>&nbsp;&nbsp;&nbsp;MyTimer100
</UL>

<P><STRONG><a name="[103]"></a>App1000ms</STRONG> (Thumb, 2 bytes, Stack size 0 bytes, myapp.o(.text))
<BR><BR>[Called By]<UL><LI><a href="#[83]">&gt;&gt;</a>&nbsp;&nbsp;&nbsp;MyTimer1000
</UL>

<P><STRONG><a name="[a6]"></a>SetDeviceId</STRONG> (Thumb, 30 bytes, Stack size 8 bytes, myapp.o(.text))
<BR><BR>[Stack]<UL><LI>Max Depth = 364<LI>Call Chain = SetDeviceId &rArr; CommanderSendDeviceId &rArr; CommanderSendString &rArr; UdpCommanderSend &rArr; udp_send &rArr; udp_sendto &rArr; udp_sendto_if &rArr; ip_output_if &rArr; ip_frag &rArr; pbuf_alloc &rArr; pbuf_free &rArr; mem_free &rArr; plug_holes
</UL>
<BR>[Calls]<UL><LI><a href="#[a7]">&gt;&gt;</a>&nbsp;&nbsp;&nbsp;StorageInfoSave
<LI><a href="#[a8]">&gt;&gt;</a>&nbsp;&nbsp;&nbsp;CommanderSendDeviceId
</UL>
<BR>[Called By]<UL><LI><a href="#[116]">&gt;&gt;</a>&nbsp;&nbsp;&nbsp;CommanderReceive
</UL>

<P><STRONG><a name="[a9]"></a>SetTrainId</STRONG> (Thumb, 32 bytes, Stack size 8 bytes, myapp.o(.text))
<BR><BR>[Stack]<UL><LI>Max Depth = 364<LI>Call Chain = SetTrainId &rArr; CommanderSendTrainId &rArr; CommanderSendString &rArr; UdpCommanderSend &rArr; udp_send &rArr; udp_sendto &rArr; udp_sendto_if &rArr; ip_output_if &rArr; ip_frag &rArr; pbuf_alloc &rArr; pbuf_free &rArr; mem_free &rArr; plug_holes
</UL>
<BR>[Calls]<UL><LI><a href="#[a7]">&gt;&gt;</a>&nbsp;&nbsp;&nbsp;StorageInfoSave
<LI><a href="#[aa]">&gt;&gt;</a>&nbsp;&nbsp;&nbsp;CommanderSendTrainId
</UL>
<BR>[Called By]<UL><LI><a href="#[116]">&gt;&gt;</a>&nbsp;&nbsp;&nbsp;CommanderReceive
</UL>

<P><STRONG><a name="[6c]"></a>RCC_Configuration</STRONG> (Thumb, 28 bytes, Stack size 8 bytes, myboard.o(.text))
<BR><BR>[Stack]<UL><LI>Max Depth = 8<LI>Call Chain = RCC_Configuration
</UL>
<BR>[Calls]<UL><LI><a href="#[ac]">&gt;&gt;</a>&nbsp;&nbsp;&nbsp;RCC_APB2PeriphClockCmd
<LI><a href="#[ad]">&gt;&gt;</a>&nbsp;&nbsp;&nbsp;RCC_APB1PeriphClockCmd
<LI><a href="#[ab]">&gt;&gt;</a>&nbsp;&nbsp;&nbsp;RCC_AHB1PeriphClockCmd
</UL>
<BR>[Called By]<UL><LI><a href="#[5b]">&gt;&gt;</a>&nbsp;&nbsp;&nbsp;main
</UL>

<P><STRONG><a name="[6d]"></a>GPIO_Configuration</STRONG> (Thumb, 1328 bytes, Stack size 16 bytes, myboard.o(.text))
<BR><BR>[Stack]<UL><LI>Max Depth = 36<LI>Call Chain = GPIO_Configuration &rArr; GPIO_PinAFConfig
</UL>
<BR>[Calls]<UL><LI><a href="#[af]">&gt;&gt;</a>&nbsp;&nbsp;&nbsp;GPIO_PinAFConfig
<LI><a href="#[ae]">&gt;&gt;</a>&nbsp;&nbsp;&nbsp;GPIO_Init
</UL>
<BR>[Called By]<UL><LI><a href="#[5b]">&gt;&gt;</a>&nbsp;&nbsp;&nbsp;main
</UL>

<P><STRONG><a name="[26c]"></a>NVIC_Configuration</STRONG> (Thumb, 2 bytes, Stack size 0 bytes, myboard.o(.text), UNUSED)

<P><STRONG><a name="[b0]"></a>LED1Flash</STRONG> (Thumb, 28 bytes, Stack size 8 bytes, myboard.o(.text))
<BR><BR>[Stack]<UL><LI>Max Depth = 8<LI>Call Chain = LED1Flash
</UL>
<BR>[Calls]<UL><LI><a href="#[b2]">&gt;&gt;</a>&nbsp;&nbsp;&nbsp;GPIO_WriteBit
<LI><a href="#[b1]">&gt;&gt;</a>&nbsp;&nbsp;&nbsp;GPIO_ReadOutputDataBit
</UL>
<BR>[Called By]<UL><LI><a href="#[82]">&gt;&gt;</a>&nbsp;&nbsp;&nbsp;MyTimer500
<LI><a href="#[80]">&gt;&gt;</a>&nbsp;&nbsp;&nbsp;MyTimer100
</UL>

<P><STRONG><a name="[6e]"></a>LED1On</STRONG> (Thumb, 12 bytes, Stack size 8 bytes, myboard.o(.text))
<BR><BR>[Stack]<UL><LI>Max Depth = 8<LI>Call Chain = LED1On
</UL>
<BR>[Calls]<UL><LI><a href="#[b3]">&gt;&gt;</a>&nbsp;&nbsp;&nbsp;GPIO_ResetBits
</UL>
<BR>[Called By]<UL><LI><a href="#[5b]">&gt;&gt;</a>&nbsp;&nbsp;&nbsp;main
</UL>

<P><STRONG><a name="[72]"></a>LED1Off</STRONG> (Thumb, 12 bytes, Stack size 8 bytes, myboard.o(.text))
<BR><BR>[Stack]<UL><LI>Max Depth = 8<LI>Call Chain = LED1Off
</UL>
<BR>[Calls]<UL><LI><a href="#[b4]">&gt;&gt;</a>&nbsp;&nbsp;&nbsp;GPIO_SetBits
</UL>
<BR>[Called By]<UL><LI><a href="#[5b]">&gt;&gt;</a>&nbsp;&nbsp;&nbsp;main
</UL>

<P><STRONG><a name="[b5]"></a>LED2Flash</STRONG> (Thumb, 32 bytes, Stack size 8 bytes, myboard.o(.text))
<BR><BR>[Stack]<UL><LI>Max Depth = 8<LI>Call Chain = LED2Flash
</UL>
<BR>[Calls]<UL><LI><a href="#[b2]">&gt;&gt;</a>&nbsp;&nbsp;&nbsp;GPIO_WriteBit
<LI><a href="#[b1]">&gt;&gt;</a>&nbsp;&nbsp;&nbsp;GPIO_ReadOutputDataBit
</UL>
<BR>[Called By]<UL><LI><a href="#[82]">&gt;&gt;</a>&nbsp;&nbsp;&nbsp;MyTimer500
<LI><a href="#[80]">&gt;&gt;</a>&nbsp;&nbsp;&nbsp;MyTimer100
</UL>

<P><STRONG><a name="[6f]"></a>LED2On</STRONG> (Thumb, 14 bytes, Stack size 8 bytes, myboard.o(.text))
<BR><BR>[Stack]<UL><LI>Max Depth = 8<LI>Call Chain = LED2On
</UL>
<BR>[Calls]<UL><LI><a href="#[b3]">&gt;&gt;</a>&nbsp;&nbsp;&nbsp;GPIO_ResetBits
</UL>
<BR>[Called By]<UL><LI><a href="#[5b]">&gt;&gt;</a>&nbsp;&nbsp;&nbsp;main
</UL>

<P><STRONG><a name="[73]"></a>LED2Off</STRONG> (Thumb, 14 bytes, Stack size 8 bytes, myboard.o(.text))
<BR><BR>[Stack]<UL><LI>Max Depth = 8<LI>Call Chain = LED2Off
</UL>
<BR>[Calls]<UL><LI><a href="#[b4]">&gt;&gt;</a>&nbsp;&nbsp;&nbsp;GPIO_SetBits
</UL>
<BR>[Called By]<UL><LI><a href="#[5b]">&gt;&gt;</a>&nbsp;&nbsp;&nbsp;main
</UL>

<P><STRONG><a name="[b6]"></a>WriteL3Data</STRONG> (Thumb, 32 bytes, Stack size 8 bytes, myboard.o(.text))
<BR><BR>[Stack]<UL><LI>Max Depth = 8<LI>Call Chain = WriteL3Data
</UL>
<BR>[Calls]<UL><LI><a href="#[b4]">&gt;&gt;</a>&nbsp;&nbsp;&nbsp;GPIO_SetBits
<LI><a href="#[b3]">&gt;&gt;</a>&nbsp;&nbsp;&nbsp;GPIO_ResetBits
</UL>
<BR>[Called By]<UL><LI><a href="#[15a]">&gt;&gt;</a>&nbsp;&nbsp;&nbsp;L3SendByte
</UL>

<P><STRONG><a name="[b7]"></a>WriteL3Clock</STRONG> (Thumb, 32 bytes, Stack size 8 bytes, myboard.o(.text))
<BR><BR>[Stack]<UL><LI>Max Depth = 8<LI>Call Chain = WriteL3Clock
</UL>
<BR>[Calls]<UL><LI><a href="#[b4]">&gt;&gt;</a>&nbsp;&nbsp;&nbsp;GPIO_SetBits
<LI><a href="#[b3]">&gt;&gt;</a>&nbsp;&nbsp;&nbsp;GPIO_ResetBits
</UL>
<BR>[Called By]<UL><LI><a href="#[15a]">&gt;&gt;</a>&nbsp;&nbsp;&nbsp;L3SendByte
</UL>

<P><STRONG><a name="[b8]"></a>WriteL3Mode</STRONG> (Thumb, 32 bytes, Stack size 8 bytes, myboard.o(.text))
<BR><BR>[Stack]<UL><LI>Max Depth = 8<LI>Call Chain = WriteL3Mode
</UL>
<BR>[Calls]<UL><LI><a href="#[b4]">&gt;&gt;</a>&nbsp;&nbsp;&nbsp;GPIO_SetBits
<LI><a href="#[b3]">&gt;&gt;</a>&nbsp;&nbsp;&nbsp;GPIO_ResetBits
</UL>
<BR>[Called By]<UL><LI><a href="#[15a]">&gt;&gt;</a>&nbsp;&nbsp;&nbsp;L3SendByte
</UL>

<P><STRONG><a name="[8c]"></a>LED3pdbOn</STRONG> (Thumb, 14 bytes, Stack size 8 bytes, myboard.o(.text))
<BR><BR>[Stack]<UL><LI>Max Depth = 8<LI>Call Chain = LED3pdbOn
</UL>
<BR>[Calls]<UL><LI><a href="#[b3]">&gt;&gt;</a>&nbsp;&nbsp;&nbsp;GPIO_ResetBits
</UL>
<BR>[Called By]<UL><LI><a href="#[8b]">&gt;&gt;</a>&nbsp;&nbsp;&nbsp;LedLightProcess
</UL>

<P><STRONG><a name="[8d]"></a>LED3pdbOff</STRONG> (Thumb, 14 bytes, Stack size 8 bytes, myboard.o(.text))
<BR><BR>[Stack]<UL><LI>Max Depth = 8<LI>Call Chain = LED3pdbOff
</UL>
<BR>[Calls]<UL><LI><a href="#[b4]">&gt;&gt;</a>&nbsp;&nbsp;&nbsp;GPIO_SetBits
</UL>
<BR>[Called By]<UL><LI><a href="#[8b]">&gt;&gt;</a>&nbsp;&nbsp;&nbsp;LedLightProcess
</UL>

<P><STRONG><a name="[8e]"></a>LED0dbOn</STRONG> (Thumb, 12 bytes, Stack size 8 bytes, myboard.o(.text))
<BR><BR>[Stack]<UL><LI>Max Depth = 8<LI>Call Chain = LED0dbOn
</UL>
<BR>[Calls]<UL><LI><a href="#[b3]">&gt;&gt;</a>&nbsp;&nbsp;&nbsp;GPIO_ResetBits
</UL>
<BR>[Called By]<UL><LI><a href="#[8b]">&gt;&gt;</a>&nbsp;&nbsp;&nbsp;LedLightProcess
</UL>

<P><STRONG><a name="[8f]"></a>LED0dbOff</STRONG> (Thumb, 12 bytes, Stack size 8 bytes, myboard.o(.text))
<BR><BR>[Stack]<UL><LI>Max Depth = 8<LI>Call Chain = LED0dbOff
</UL>
<BR>[Calls]<UL><LI><a href="#[b4]">&gt;&gt;</a>&nbsp;&nbsp;&nbsp;GPIO_SetBits
</UL>
<BR>[Called By]<UL><LI><a href="#[8b]">&gt;&gt;</a>&nbsp;&nbsp;&nbsp;LedLightProcess
</UL>

<P><STRONG><a name="[90]"></a>LED3dbOn</STRONG> (Thumb, 12 bytes, Stack size 8 bytes, myboard.o(.text))
<BR><BR>[Stack]<UL><LI>Max Depth = 8<LI>Call Chain = LED3dbOn
</UL>
<BR>[Calls]<UL><LI><a href="#[b3]">&gt;&gt;</a>&nbsp;&nbsp;&nbsp;GPIO_ResetBits
</UL>
<BR>[Called By]<UL><LI><a href="#[8b]">&gt;&gt;</a>&nbsp;&nbsp;&nbsp;LedLightProcess
</UL>

<P><STRONG><a name="[91]"></a>LED3dbOff</STRONG> (Thumb, 12 bytes, Stack size 8 bytes, myboard.o(.text))
<BR><BR>[Stack]<UL><LI>Max Depth = 8<LI>Call Chain = LED3dbOff
</UL>
<BR>[Calls]<UL><LI><a href="#[b4]">&gt;&gt;</a>&nbsp;&nbsp;&nbsp;GPIO_SetBits
</UL>
<BR>[Called By]<UL><LI><a href="#[8b]">&gt;&gt;</a>&nbsp;&nbsp;&nbsp;LedLightProcess
</UL>

<P><STRONG><a name="[92]"></a>LED6dbOn</STRONG> (Thumb, 12 bytes, Stack size 8 bytes, myboard.o(.text))
<BR><BR>[Stack]<UL><LI>Max Depth = 8<LI>Call Chain = LED6dbOn
</UL>
<BR>[Calls]<UL><LI><a href="#[b3]">&gt;&gt;</a>&nbsp;&nbsp;&nbsp;GPIO_ResetBits
</UL>
<BR>[Called By]<UL><LI><a href="#[8b]">&gt;&gt;</a>&nbsp;&nbsp;&nbsp;LedLightProcess
</UL>

<P><STRONG><a name="[93]"></a>LED6dbOff</STRONG> (Thumb, 12 bytes, Stack size 8 bytes, myboard.o(.text))
<BR><BR>[Stack]<UL><LI>Max Depth = 8<LI>Call Chain = LED6dbOff
</UL>
<BR>[Calls]<UL><LI><a href="#[b4]">&gt;&gt;</a>&nbsp;&nbsp;&nbsp;GPIO_SetBits
</UL>
<BR>[Called By]<UL><LI><a href="#[8b]">&gt;&gt;</a>&nbsp;&nbsp;&nbsp;LedLightProcess
</UL>

<P><STRONG><a name="[94]"></a>LED9dbOn</STRONG> (Thumb, 14 bytes, Stack size 8 bytes, myboard.o(.text))
<BR><BR>[Stack]<UL><LI>Max Depth = 8<LI>Call Chain = LED9dbOn
</UL>
<BR>[Calls]<UL><LI><a href="#[b3]">&gt;&gt;</a>&nbsp;&nbsp;&nbsp;GPIO_ResetBits
</UL>
<BR>[Called By]<UL><LI><a href="#[8b]">&gt;&gt;</a>&nbsp;&nbsp;&nbsp;LedLightProcess
</UL>

<P><STRONG><a name="[95]"></a>LED9dbOff</STRONG> (Thumb, 14 bytes, Stack size 8 bytes, myboard.o(.text))
<BR><BR>[Stack]<UL><LI>Max Depth = 8<LI>Call Chain = LED9dbOff
</UL>
<BR>[Calls]<UL><LI><a href="#[b4]">&gt;&gt;</a>&nbsp;&nbsp;&nbsp;GPIO_SetBits
</UL>
<BR>[Called By]<UL><LI><a href="#[8b]">&gt;&gt;</a>&nbsp;&nbsp;&nbsp;LedLightProcess
</UL>

<P><STRONG><a name="[85]"></a>GetAddress</STRONG> (Thumb, 72 bytes, Stack size 16 bytes, myboard.o(.text))
<BR><BR>[Stack]<UL><LI>Max Depth = 16<LI>Call Chain = GetAddress
</UL>
<BR>[Calls]<UL><LI><a href="#[b9]">&gt;&gt;</a>&nbsp;&nbsp;&nbsp;GPIO_ReadInputDataBit
</UL>
<BR>[Called By]<UL><LI><a href="#[76]">&gt;&gt;</a>&nbsp;&nbsp;&nbsp;NetInit
<LI><a href="#[74]">&gt;&gt;</a>&nbsp;&nbsp;&nbsp;AppInit
</UL>

<P><STRONG><a name="[ba]"></a>GetKeyUp</STRONG> (Thumb, 26 bytes, Stack size 16 bytes, myboard.o(.text))
<BR><BR>[Stack]<UL><LI>Max Depth = 16<LI>Call Chain = GetKeyUp
</UL>
<BR>[Calls]<UL><LI><a href="#[b9]">&gt;&gt;</a>&nbsp;&nbsp;&nbsp;GPIO_ReadInputDataBit
</UL>
<BR>[Called By]<UL><LI><a href="#[f5]">&gt;&gt;</a>&nbsp;&nbsp;&nbsp;Key10ms
<LI><a href="#[87]">&gt;&gt;</a>&nbsp;&nbsp;&nbsp;KeyInit
</UL>

<P><STRONG><a name="[bb]"></a>GetKeyDown</STRONG> (Thumb, 26 bytes, Stack size 16 bytes, myboard.o(.text))
<BR><BR>[Stack]<UL><LI>Max Depth = 16<LI>Call Chain = GetKeyDown
</UL>
<BR>[Calls]<UL><LI><a href="#[b9]">&gt;&gt;</a>&nbsp;&nbsp;&nbsp;GPIO_ReadInputDataBit
</UL>
<BR>[Called By]<UL><LI><a href="#[f5]">&gt;&gt;</a>&nbsp;&nbsp;&nbsp;Key10ms
<LI><a href="#[87]">&gt;&gt;</a>&nbsp;&nbsp;&nbsp;KeyInit
</UL>

<P><STRONG><a name="[9e]"></a>GetShort</STRONG> (Thumb, 26 bytes, Stack size 16 bytes, myboard.o(.text))
<BR><BR>[Stack]<UL><LI>Max Depth = 16<LI>Call Chain = GetShort
</UL>
<BR>[Calls]<UL><LI><a href="#[b9]">&gt;&gt;</a>&nbsp;&nbsp;&nbsp;GPIO_ReadInputDataBit
</UL>
<BR>[Called By]<UL><LI><a href="#[9d]">&gt;&gt;</a>&nbsp;&nbsp;&nbsp;GetAmpState
</UL>

<P><STRONG><a name="[9f]"></a>GetOvp</STRONG> (Thumb, 26 bytes, Stack size 16 bytes, myboard.o(.text))
<BR><BR>[Stack]<UL><LI>Max Depth = 16<LI>Call Chain = GetOvp
</UL>
<BR>[Calls]<UL><LI><a href="#[b9]">&gt;&gt;</a>&nbsp;&nbsp;&nbsp;GPIO_ReadInputDataBit
</UL>
<BR>[Called By]<UL><LI><a href="#[9d]">&gt;&gt;</a>&nbsp;&nbsp;&nbsp;GetAmpState
</UL>

<P><STRONG><a name="[a0]"></a>GetUvp</STRONG> (Thumb, 26 bytes, Stack size 16 bytes, myboard.o(.text))
<BR><BR>[Stack]<UL><LI>Max Depth = 16<LI>Call Chain = GetUvp
</UL>
<BR>[Calls]<UL><LI><a href="#[b9]">&gt;&gt;</a>&nbsp;&nbsp;&nbsp;GPIO_ReadInputDataBit
</UL>
<BR>[Called By]<UL><LI><a href="#[9d]">&gt;&gt;</a>&nbsp;&nbsp;&nbsp;GetAmpState
</UL>

<P><STRONG><a name="[9b]"></a>GetDC24V1</STRONG> (Thumb, 24 bytes, Stack size 16 bytes, myboard.o(.text))
<BR><BR>[Stack]<UL><LI>Max Depth = 16<LI>Call Chain = GetDC24V1
</UL>
<BR>[Calls]<UL><LI><a href="#[b9]">&gt;&gt;</a>&nbsp;&nbsp;&nbsp;GPIO_ReadInputDataBit
</UL>
<BR>[Called By]<UL><LI><a href="#[9a]">&gt;&gt;</a>&nbsp;&nbsp;&nbsp;GetDC24Vs
</UL>

<P><STRONG><a name="[9c]"></a>GetDC24V2</STRONG> (Thumb, 24 bytes, Stack size 16 bytes, myboard.o(.text))
<BR><BR>[Stack]<UL><LI>Max Depth = 16<LI>Call Chain = GetDC24V2
</UL>
<BR>[Calls]<UL><LI><a href="#[b9]">&gt;&gt;</a>&nbsp;&nbsp;&nbsp;GPIO_ReadInputDataBit
</UL>
<BR>[Called By]<UL><LI><a href="#[9a]">&gt;&gt;</a>&nbsp;&nbsp;&nbsp;GetDC24Vs
</UL>

<P><STRONG><a name="[bc]"></a>GetEme</STRONG> (Thumb, 26 bytes, Stack size 16 bytes, myboard.o(.text), UNUSED)
<BR><BR>[Calls]<UL><LI><a href="#[b9]">&gt;&gt;</a>&nbsp;&nbsp;&nbsp;GPIO_ReadInputDataBit
</UL>
<BR>[Called By]<UL><LI><a href="#[171]">&gt;&gt;</a>&nbsp;&nbsp;&nbsp;EmeVolumeSetProcess
</UL>

<P><STRONG><a name="[98]"></a>GetNoise1Detect</STRONG> (Thumb, 24 bytes, Stack size 16 bytes, myboard.o(.text))
<BR><BR>[Stack]<UL><LI>Max Depth = 16<LI>Call Chain = GetNoise1Detect
</UL>
<BR>[Calls]<UL><LI><a href="#[b9]">&gt;&gt;</a>&nbsp;&nbsp;&nbsp;GPIO_ReadInputDataBit
</UL>
<BR>[Called By]<UL><LI><a href="#[97]">&gt;&gt;</a>&nbsp;&nbsp;&nbsp;GetNoiseDetectState
</UL>

<P><STRONG><a name="[99]"></a>GetNoise2Detect</STRONG> (Thumb, 24 bytes, Stack size 16 bytes, myboard.o(.text))
<BR><BR>[Stack]<UL><LI>Max Depth = 16<LI>Call Chain = GetNoise2Detect
</UL>
<BR>[Calls]<UL><LI><a href="#[b9]">&gt;&gt;</a>&nbsp;&nbsp;&nbsp;GPIO_ReadInputDataBit
</UL>
<BR>[Called By]<UL><LI><a href="#[97]">&gt;&gt;</a>&nbsp;&nbsp;&nbsp;GetNoiseDetectState
</UL>

<P><STRONG><a name="[70]"></a>FeedDog</STRONG> (Thumb, 28 bytes, Stack size 8 bytes, myboard.o(.text))
<BR><BR>[Stack]<UL><LI>Max Depth = 8<LI>Call Chain = FeedDog
</UL>
<BR>[Calls]<UL><LI><a href="#[b2]">&gt;&gt;</a>&nbsp;&nbsp;&nbsp;GPIO_WriteBit
<LI><a href="#[b1]">&gt;&gt;</a>&nbsp;&nbsp;&nbsp;GPIO_ReadOutputDataBit
</UL>
<BR>[Called By]<UL><LI><a href="#[a4]">&gt;&gt;</a>&nbsp;&nbsp;&nbsp;App100ms
<LI><a href="#[5b]">&gt;&gt;</a>&nbsp;&nbsp;&nbsp;main
</UL>

<P><STRONG><a name="[6b]"></a>Delay</STRONG> (Thumb, 26 bytes, Stack size 0 bytes, mymiscfunc.o(.text))
<BR><BR>[Called By]<UL><LI><a href="#[ce]">&gt;&gt;</a>&nbsp;&nbsp;&nbsp;StorageInfoSaveProcess
<LI><a href="#[cd]">&gt;&gt;</a>&nbsp;&nbsp;&nbsp;NetSetLocalIp4
<LI><a href="#[78]">&gt;&gt;</a>&nbsp;&nbsp;&nbsp;StorageInfoRead
<LI><a href="#[76]">&gt;&gt;</a>&nbsp;&nbsp;&nbsp;NetInit
<LI><a href="#[77]">&gt;&gt;</a>&nbsp;&nbsp;&nbsp;AudioInit
<LI><a href="#[5b]">&gt;&gt;</a>&nbsp;&nbsp;&nbsp;main
<LI><a href="#[171]">&gt;&gt;</a>&nbsp;&nbsp;&nbsp;EmeVolumeSetProcess
</UL>

<P><STRONG><a name="[26d]"></a>bcd_to_data</STRONG> (Thumb, 26 bytes, Stack size 8 bytes, mymiscfunc.o(.text), UNUSED)

<P><STRONG><a name="[26e]"></a>data_to_bcd</STRONG> (Thumb, 32 bytes, Stack size 12 bytes, mymiscfunc.o(.text), UNUSED)

<P><STRONG><a name="[c0]"></a>shifang</STRONG> (Thumb, 28 bytes, Stack size 0 bytes, mymiscfunc.o(.text))
<BR><BR>[Called By]<UL><LI><a href="#[c1]">&gt;&gt;</a>&nbsp;&nbsp;&nbsp;IntToStr
<LI><a href="#[bd]">&gt;&gt;</a>&nbsp;&nbsp;&nbsp;StrToInt
</UL>

<P><STRONG><a name="[bf]"></a>shiliufang</STRONG> (Thumb, 24 bytes, Stack size 0 bytes, mymiscfunc.o(.text))
<BR><BR>[Called By]<UL><LI><a href="#[bd]">&gt;&gt;</a>&nbsp;&nbsp;&nbsp;StrToInt
</UL>

<P><STRONG><a name="[26f]"></a>IndexAddn</STRONG> (Thumb, 22 bytes, Stack size 8 bytes, mymiscfunc.o(.text), UNUSED)

<P><STRONG><a name="[14f]"></a>IndexAdd1</STRONG> (Thumb, 10 bytes, Stack size 0 bytes, mymiscfunc.o(.text))
<BR><BR>[Called By]<UL><LI><a href="#[159]">&gt;&gt;</a>&nbsp;&nbsp;&nbsp;DmaListenUpLoadLeft
<LI><a href="#[158]">&gt;&gt;</a>&nbsp;&nbsp;&nbsp;DmaListenUpLoadRight
<LI><a href="#[150]">&gt;&gt;</a>&nbsp;&nbsp;&nbsp;DmaPlayWriteLeft
<LI><a href="#[14d]">&gt;&gt;</a>&nbsp;&nbsp;&nbsp;DmaPlayWriteRight
<LI><a href="#[e0]">&gt;&gt;</a>&nbsp;&nbsp;&nbsp;AudioWriteFrontData
<LI><a href="#[170]">&gt;&gt;</a>&nbsp;&nbsp;&nbsp;AudioListenSendProcess
<LI><a href="#[16f]">&gt;&gt;</a>&nbsp;&nbsp;&nbsp;AudioWriteBackData
<LI><a href="#[16b]">&gt;&gt;</a>&nbsp;&nbsp;&nbsp;AudioSampleProcess
<LI><a href="#[16a]">&gt;&gt;</a>&nbsp;&nbsp;&nbsp;AudioInputSampleProcess
</UL>

<P><STRONG><a name="[19a]"></a>LineToWords</STRONG> (Thumb, 108 bytes, Stack size 24 bytes, mymiscfunc.o(.text))
<BR><BR>[Stack]<UL><LI>Max Depth = 24<LI>Call Chain = LineToWords
</UL>
<BR>[Called By]<UL><LI><a href="#[116]">&gt;&gt;</a>&nbsp;&nbsp;&nbsp;CommanderReceive
</UL>

<P><STRONG><a name="[270]"></a>StrSplitFrontChar</STRONG> (Thumb, 60 bytes, Stack size 16 bytes, mymiscfunc.o(.text), UNUSED)

<P><STRONG><a name="[271]"></a>StrSplitBehindChar</STRONG> (Thumb, 62 bytes, Stack size 16 bytes, mymiscfunc.o(.text), UNUSED)

<P><STRONG><a name="[bd]"></a>StrToInt</STRONG> (Thumb, 178 bytes, Stack size 24 bytes, mymiscfunc.o(.text))
<BR><BR>[Stack]<UL><LI>Max Depth = 24<LI>Call Chain = StrToInt
</UL>
<BR>[Calls]<UL><LI><a href="#[bf]">&gt;&gt;</a>&nbsp;&nbsp;&nbsp;shiliufang
<LI><a href="#[c0]">&gt;&gt;</a>&nbsp;&nbsp;&nbsp;shifang
<LI><a href="#[be]">&gt;&gt;</a>&nbsp;&nbsp;&nbsp;strlen
</UL>
<BR>[Called By]<UL><LI><a href="#[116]">&gt;&gt;</a>&nbsp;&nbsp;&nbsp;CommanderReceive
</UL>

<P><STRONG><a name="[c1]"></a>IntToStr</STRONG> (Thumb, 162 bytes, Stack size 32 bytes, mymiscfunc.o(.text), UNUSED)
<BR><BR>[Calls]<UL><LI><a href="#[c0]">&gt;&gt;</a>&nbsp;&nbsp;&nbsp;shifang
</UL>

<P><STRONG><a name="[272]"></a>Ip4toIp32</STRONG> (Thumb, 26 bytes, Stack size 0 bytes, mymiscfunc.o(.text), UNUSED)

<P><STRONG><a name="[76]"></a>NetInit</STRONG> (Thumb, 266 bytes, Stack size 8 bytes, mynet.o(.text))
<BR><BR>[Stack]<UL><LI>Max Depth = 508<LI>Call Chain = NetInit &rArr; LwipInit &rArr; netif_add &rArr; netif_set_addr &rArr; netif_set_ipaddr &rArr; tcp_abandon &rArr; tcp_pcb_remove &rArr; tcp_output &rArr; tcp_output_segment &rArr; ip_output &rArr; ip_output_if &rArr; ip_frag &rArr; pbuf_alloc &rArr; pbuf_free &rArr; mem_free &rArr; plug_holes
</UL>
<BR>[Calls]<UL><LI><a href="#[c4]">&gt;&gt;</a>&nbsp;&nbsp;&nbsp;ProtocolInit
<LI><a href="#[c3]">&gt;&gt;</a>&nbsp;&nbsp;&nbsp;LwipInit
<LI><a href="#[c5]">&gt;&gt;</a>&nbsp;&nbsp;&nbsp;HttpdInit
<LI><a href="#[c2]">&gt;&gt;</a>&nbsp;&nbsp;&nbsp;EthernetInit
<LI><a href="#[85]">&gt;&gt;</a>&nbsp;&nbsp;&nbsp;GetAddress
<LI><a href="#[6b]">&gt;&gt;</a>&nbsp;&nbsp;&nbsp;Delay
</UL>
<BR>[Called By]<UL><LI><a href="#[5b]">&gt;&gt;</a>&nbsp;&nbsp;&nbsp;main
</UL>

<P><STRONG><a name="[c6]"></a>NetPlayclkSendProcess</STRONG> (Thumb, 46 bytes, Stack size 8 bytes, mynet.o(.text))
<BR><BR>[Stack]<UL><LI>Max Depth = 340<LI>Call Chain = NetPlayclkSendProcess &rArr; UdpPlayclkSend &rArr; udp_send &rArr; udp_sendto &rArr; udp_sendto_if &rArr; ip_output_if &rArr; ip_frag &rArr; pbuf_alloc &rArr; pbuf_free &rArr; mem_free &rArr; plug_holes
</UL>
<BR>[Calls]<UL><LI><a href="#[c8]">&gt;&gt;</a>&nbsp;&nbsp;&nbsp;UdpPlayclkSend
<LI><a href="#[c7]">&gt;&gt;</a>&nbsp;&nbsp;&nbsp;ProtocolSndGetPlayclkPack
</UL>
<BR>[Called By]<UL><LI><a href="#[7b]">&gt;&gt;</a>&nbsp;&nbsp;&nbsp;NetProcess
</UL>

<P><STRONG><a name="[7b]"></a>NetProcess</STRONG> (Thumb, 8 bytes, Stack size 8 bytes, mynet.o(.text))
<BR><BR>[Stack]<UL><LI>Max Depth = 348<LI>Call Chain = NetProcess &rArr; NetPlayclkSendProcess &rArr; UdpPlayclkSend &rArr; udp_send &rArr; udp_sendto &rArr; udp_sendto_if &rArr; ip_output_if &rArr; ip_frag &rArr; pbuf_alloc &rArr; pbuf_free &rArr; mem_free &rArr; plug_holes
</UL>
<BR>[Calls]<UL><LI><a href="#[c6]">&gt;&gt;</a>&nbsp;&nbsp;&nbsp;NetPlayclkSendProcess
</UL>
<BR>[Called By]<UL><LI><a href="#[5b]">&gt;&gt;</a>&nbsp;&nbsp;&nbsp;main
</UL>

<P><STRONG><a name="[f9]"></a>Net50ms</STRONG> (Thumb, 2 bytes, Stack size 0 bytes, mynet.o(.text))
<BR><BR>[Called By]<UL><LI><a href="#[7f]">&gt;&gt;</a>&nbsp;&nbsp;&nbsp;MyTimer50
</UL>

<P><STRONG><a name="[c9]"></a>NetControlSendInspection</STRONG> (Thumb, 62 bytes, Stack size 16 bytes, mynet.o(.text))
<BR><BR>[Stack]<UL><LI>Max Depth = 348<LI>Call Chain = NetControlSendInspection &rArr; UdpControlSend &rArr; udp_send &rArr; udp_sendto &rArr; udp_sendto_if &rArr; ip_output_if &rArr; ip_frag &rArr; pbuf_alloc &rArr; pbuf_free &rArr; mem_free &rArr; plug_holes
</UL>
<BR>[Calls]<UL><LI><a href="#[cb]">&gt;&gt;</a>&nbsp;&nbsp;&nbsp;UdpControlSend
<LI><a href="#[ca]">&gt;&gt;</a>&nbsp;&nbsp;&nbsp;ProtocolSndGetInspectionPack
</UL>
<BR>[Called By]<UL><LI><a href="#[cc]">&gt;&gt;</a>&nbsp;&nbsp;&nbsp;Net500ms
</UL>

<P><STRONG><a name="[cc]"></a>Net500ms</STRONG> (Thumb, 8 bytes, Stack size 8 bytes, mynet.o(.text))
<BR><BR>[Stack]<UL><LI>Max Depth = 356<LI>Call Chain = Net500ms &rArr; NetControlSendInspection &rArr; UdpControlSend &rArr; udp_send &rArr; udp_sendto &rArr; udp_sendto_if &rArr; ip_output_if &rArr; ip_frag &rArr; pbuf_alloc &rArr; pbuf_free &rArr; mem_free &rArr; plug_holes
</UL>
<BR>[Calls]<UL><LI><a href="#[c9]">&gt;&gt;</a>&nbsp;&nbsp;&nbsp;NetControlSendInspection
</UL>
<BR>[Called By]<UL><LI><a href="#[82]">&gt;&gt;</a>&nbsp;&nbsp;&nbsp;MyTimer500
</UL>

<P><STRONG><a name="[172]"></a>NetIp4toIp32</STRONG> (Thumb, 26 bytes, Stack size 0 bytes, mynet.o(.text))
<BR><BR>[Called By]<UL><LI><a href="#[d9]">&gt;&gt;</a>&nbsp;&nbsp;&nbsp;ProtocolRcvHeadCheck
<LI><a href="#[c4]">&gt;&gt;</a>&nbsp;&nbsp;&nbsp;ProtocolInit
<LI><a href="#[173]">&gt;&gt;</a>&nbsp;&nbsp;&nbsp;ProtocolHeadMake
</UL>

<P><STRONG><a name="[cd]"></a>NetSetLocalIp4</STRONG> (Thumb, 130 bytes, Stack size 24 bytes, mynet.o(.text))
<BR><BR>[Stack]<UL><LI>Max Depth = 80<LI>Call Chain = NetSetLocalIp4 &rArr; StorageInfoSaveProcess &rArr; AT24C32_PageWrite &rArr; I2C_CheckEvent
</UL>
<BR>[Calls]<UL><LI><a href="#[ce]">&gt;&gt;</a>&nbsp;&nbsp;&nbsp;StorageInfoSaveProcess
<LI><a href="#[a7]">&gt;&gt;</a>&nbsp;&nbsp;&nbsp;StorageInfoSave
<LI><a href="#[6b]">&gt;&gt;</a>&nbsp;&nbsp;&nbsp;Delay
</UL>
<BR>[Called By]<UL><LI><a href="#[116]">&gt;&gt;</a>&nbsp;&nbsp;&nbsp;CommanderReceive
</UL>

<P><STRONG><a name="[273]"></a>NetSetLocalIp32</STRONG> (Thumb, 80 bytes, Stack size 12 bytes, mynet.o(.text), UNUSED)

<P><STRONG><a name="[cf]"></a>NetControlSendSelfTestState</STRONG> (Thumb, 42 bytes, Stack size 16 bytes, mynet.o(.text))
<BR><BR>[Stack]<UL><LI>Max Depth = 348<LI>Call Chain = NetControlSendSelfTestState &rArr; UdpControlSend &rArr; udp_send &rArr; udp_sendto &rArr; udp_sendto_if &rArr; ip_output_if &rArr; ip_frag &rArr; pbuf_alloc &rArr; pbuf_free &rArr; mem_free &rArr; plug_holes
</UL>
<BR>[Calls]<UL><LI><a href="#[cb]">&gt;&gt;</a>&nbsp;&nbsp;&nbsp;UdpControlSend
<LI><a href="#[d0]">&gt;&gt;</a>&nbsp;&nbsp;&nbsp;ProtocolSndGetSelfTestStatePack
</UL>
<BR>[Called By]<UL><LI><a href="#[d1]">&gt;&gt;</a>&nbsp;&nbsp;&nbsp;NetControlReceiveSelfTestCmd
</UL>

<P><STRONG><a name="[d1]"></a>NetControlReceiveSelfTestCmd</STRONG> (Thumb, 48 bytes, Stack size 24 bytes, mynet.o(.text))
<BR><BR>[Stack]<UL><LI>Max Depth = 372<LI>Call Chain = NetControlReceiveSelfTestCmd &rArr; NetControlSendSelfTestState &rArr; UdpControlSend &rArr; udp_send &rArr; udp_sendto &rArr; udp_sendto_if &rArr; ip_output_if &rArr; ip_frag &rArr; pbuf_alloc &rArr; pbuf_free &rArr; mem_free &rArr; plug_holes
</UL>
<BR>[Calls]<UL><LI><a href="#[d3]">&gt;&gt;</a>&nbsp;&nbsp;&nbsp;SelfTestStart
<LI><a href="#[d2]">&gt;&gt;</a>&nbsp;&nbsp;&nbsp;ProtocolRcvGetDataPointer
<LI><a href="#[cf]">&gt;&gt;</a>&nbsp;&nbsp;&nbsp;NetControlSendSelfTestState
</UL>
<BR>[Called By]<UL><LI><a href="#[d8]">&gt;&gt;</a>&nbsp;&nbsp;&nbsp;NetControlReceiveProcess
</UL>

<P><STRONG><a name="[d4]"></a>NetGetBaseIp</STRONG> (Thumb, 240 bytes, Stack size 40 bytes, mynet.o(.text))
<BR><BR>[Stack]<UL><LI>Max Depth = 40<LI>Call Chain = NetGetBaseIp
</UL>
<BR>[Calls]<UL><LI><a href="#[a7]">&gt;&gt;</a>&nbsp;&nbsp;&nbsp;StorageInfoSave
</UL>
<BR>[Called By]<UL><LI><a href="#[d5]">&gt;&gt;</a>&nbsp;&nbsp;&nbsp;NetControlReceiveInspection
</UL>

<P><STRONG><a name="[d5]"></a>NetControlReceiveInspection</STRONG> (Thumb, 38 bytes, Stack size 16 bytes, mynet.o(.text))
<BR><BR>[Stack]<UL><LI>Max Depth = 56<LI>Call Chain = NetControlReceiveInspection &rArr; NetGetBaseIp
</UL>
<BR>[Calls]<UL><LI><a href="#[d4]">&gt;&gt;</a>&nbsp;&nbsp;&nbsp;NetGetBaseIp
</UL>
<BR>[Called By]<UL><LI><a href="#[d8]">&gt;&gt;</a>&nbsp;&nbsp;&nbsp;NetControlReceiveProcess
</UL>

<P><STRONG><a name="[d6]"></a>NetControlReceiveVolume</STRONG> (Thumb, 128 bytes, Stack size 8 bytes, mynet.o(.text))
<BR><BR>[Stack]<UL><LI>Max Depth = 48<LI>Call Chain = NetControlReceiveVolume &rArr; AudioSetVolume &rArr; L3Uda1341SetVolume &rArr; L3SendByte &rArr; WriteL3Mode
</UL>
<BR>[Calls]<UL><LI><a href="#[d7]">&gt;&gt;</a>&nbsp;&nbsp;&nbsp;ProtocolRcvGetControlVolume
<LI><a href="#[96]">&gt;&gt;</a>&nbsp;&nbsp;&nbsp;AudioSetVolume
</UL>
<BR>[Called By]<UL><LI><a href="#[d8]">&gt;&gt;</a>&nbsp;&nbsp;&nbsp;NetControlReceiveProcess
</UL>

<P><STRONG><a name="[d8]"></a>NetControlReceiveProcess</STRONG> (Thumb, 84 bytes, Stack size 16 bytes, mynet.o(.text))
<BR><BR>[Stack]<UL><LI>Max Depth = 388<LI>Call Chain = NetControlReceiveProcess &rArr; NetControlReceiveSelfTestCmd &rArr; NetControlSendSelfTestState &rArr; UdpControlSend &rArr; udp_send &rArr; udp_sendto &rArr; udp_sendto_if &rArr; ip_output_if &rArr; ip_frag &rArr; pbuf_alloc &rArr; pbuf_free &rArr; mem_free &rArr; plug_holes
</UL>
<BR>[Calls]<UL><LI><a href="#[d9]">&gt;&gt;</a>&nbsp;&nbsp;&nbsp;ProtocolRcvHeadCheck
<LI><a href="#[da]">&gt;&gt;</a>&nbsp;&nbsp;&nbsp;ProtocolRcvGetKeyword
<LI><a href="#[d6]">&gt;&gt;</a>&nbsp;&nbsp;&nbsp;NetControlReceiveVolume
<LI><a href="#[d5]">&gt;&gt;</a>&nbsp;&nbsp;&nbsp;NetControlReceiveInspection
<LI><a href="#[d1]">&gt;&gt;</a>&nbsp;&nbsp;&nbsp;NetControlReceiveSelfTestCmd
</UL>
<BR>[Called By]<UL><LI><a href="#[113]">&gt;&gt;</a>&nbsp;&nbsp;&nbsp;UdpControlReceiveCallback
</UL>

<P><STRONG><a name="[db]"></a>NetControlSendSelfTestReport</STRONG> (Thumb, 28 bytes, Stack size 8 bytes, mynet.o(.text))
<BR><BR>[Stack]<UL><LI>Max Depth = 340<LI>Call Chain = NetControlSendSelfTestReport &rArr; UdpControlSend &rArr; udp_send &rArr; udp_sendto &rArr; udp_sendto_if &rArr; ip_output_if &rArr; ip_frag &rArr; pbuf_alloc &rArr; pbuf_free &rArr; mem_free &rArr; plug_holes
</UL>
<BR>[Calls]<UL><LI><a href="#[cb]">&gt;&gt;</a>&nbsp;&nbsp;&nbsp;UdpControlSend
<LI><a href="#[dc]">&gt;&gt;</a>&nbsp;&nbsp;&nbsp;ProtocolSndGetSelfTestReportPack
</UL>
<BR>[Called By]<UL><LI><a href="#[1b5]">&gt;&gt;</a>&nbsp;&nbsp;&nbsp;SelfTestSendReport
</UL>

<P><STRONG><a name="[dd]"></a>NetBroadcastReceiveProcess</STRONG> (Thumb, 210 bytes, Stack size 32 bytes, mynet.o(.text))
<BR><BR>[Stack]<UL><LI>Max Depth = 48<LI>Call Chain = NetBroadcastReceiveProcess &rArr; ProtocolRcvHeadCheck
</UL>
<BR>[Calls]<UL><LI><a href="#[d9]">&gt;&gt;</a>&nbsp;&nbsp;&nbsp;ProtocolRcvHeadCheck
<LI><a href="#[de]">&gt;&gt;</a>&nbsp;&nbsp;&nbsp;ProtocolRcvGetSrcDevType
<LI><a href="#[df]">&gt;&gt;</a>&nbsp;&nbsp;&nbsp;ProtocolRcvGetSrcDevId
<LI><a href="#[da]">&gt;&gt;</a>&nbsp;&nbsp;&nbsp;ProtocolRcvGetKeyword
<LI><a href="#[d2]">&gt;&gt;</a>&nbsp;&nbsp;&nbsp;ProtocolRcvGetDataPointer
<LI><a href="#[e0]">&gt;&gt;</a>&nbsp;&nbsp;&nbsp;AudioWriteFrontData
</UL>
<BR>[Called By]<UL><LI><a href="#[110]">&gt;&gt;</a>&nbsp;&nbsp;&nbsp;UdpBroadcastReceiveCallback
</UL>

<P><STRONG><a name="[274]"></a>NetBroadcastSendProcess</STRONG> (Thumb, 4 bytes, Stack size 0 bytes, mynet.o(.text), UNUSED)

<P><STRONG><a name="[10d]"></a>NetTalkReceiveProcess</STRONG> (Thumb, 6 bytes, Stack size 0 bytes, mynet.o(.text))
<BR><BR>[Called By]<UL><LI><a href="#[10c]">&gt;&gt;</a>&nbsp;&nbsp;&nbsp;UdpTalkReceiveCallback
</UL>

<P><STRONG><a name="[275]"></a>NetTalkSend</STRONG> (Thumb, 6 bytes, Stack size 0 bytes, mynet.o(.text), UNUSED)

<P><STRONG><a name="[e1]"></a>NetTalkTestLeftSend</STRONG> (Thumb, 36 bytes, Stack size 16 bytes, mynet.o(.text), UNUSED)
<BR><BR>[Calls]<UL><LI><a href="#[e3]">&gt;&gt;</a>&nbsp;&nbsp;&nbsp;UdpTalkSend
<LI><a href="#[e2]">&gt;&gt;</a>&nbsp;&nbsp;&nbsp;ProtocolSndGetTalkTestLeftPack
</UL>
<BR>[Called By]<UL><LI><a href="#[170]">&gt;&gt;</a>&nbsp;&nbsp;&nbsp;AudioListenSendProcess
</UL>

<P><STRONG><a name="[e4]"></a>NetTalkTestRightSend</STRONG> (Thumb, 36 bytes, Stack size 16 bytes, mynet.o(.text), UNUSED)
<BR><BR>[Calls]<UL><LI><a href="#[e3]">&gt;&gt;</a>&nbsp;&nbsp;&nbsp;UdpTalkSend
<LI><a href="#[e5]">&gt;&gt;</a>&nbsp;&nbsp;&nbsp;ProtocolSndGetTalkTestRightPack
</UL>
<BR>[Called By]<UL><LI><a href="#[170]">&gt;&gt;</a>&nbsp;&nbsp;&nbsp;AudioListenSendProcess
</UL>

<P><STRONG><a name="[e6]"></a>NetPlayclkReceiveProcess</STRONG> (Thumb, 92 bytes, Stack size 24 bytes, mynet.o(.text))
<BR><BR>[Stack]<UL><LI>Max Depth = 40<LI>Call Chain = NetPlayclkReceiveProcess &rArr; ProtocolRcvHeadCheck
</UL>
<BR>[Calls]<UL><LI><a href="#[d9]">&gt;&gt;</a>&nbsp;&nbsp;&nbsp;ProtocolRcvHeadCheck
<LI><a href="#[df]">&gt;&gt;</a>&nbsp;&nbsp;&nbsp;ProtocolRcvGetSrcDevId
<LI><a href="#[da]">&gt;&gt;</a>&nbsp;&nbsp;&nbsp;ProtocolRcvGetKeyword
</UL>
<BR>[Called By]<UL><LI><a href="#[107]">&gt;&gt;</a>&nbsp;&nbsp;&nbsp;UdpPlayclkReceiveCallback
</UL>

<P><STRONG><a name="[e7]"></a>NetSetBaseIp</STRONG> (Thumb, 66 bytes, Stack size 8 bytes, mynet.o(.text), UNUSED)
<BR><BR>[Calls]<UL><LI><a href="#[78]">&gt;&gt;</a>&nbsp;&nbsp;&nbsp;StorageInfoRead
</UL>

<P><STRONG><a name="[e8]"></a>EthernetMacDmaConfig</STRONG> (Thumb, 124 bytes, Stack size 192 bytes, myethernet.o(.text))
<BR><BR>[Stack]<UL><LI>Max Depth = 260<LI>Call Chain = EthernetMacDmaConfig &rArr; ETH_Init &rArr; RCC_GetClocksFreq
</UL>
<BR>[Calls]<UL><LI><a href="#[ec]">&gt;&gt;</a>&nbsp;&nbsp;&nbsp;ETH_StructInit
<LI><a href="#[ea]">&gt;&gt;</a>&nbsp;&nbsp;&nbsp;ETH_SoftwareReset
<LI><a href="#[ed]">&gt;&gt;</a>&nbsp;&nbsp;&nbsp;ETH_Init
<LI><a href="#[eb]">&gt;&gt;</a>&nbsp;&nbsp;&nbsp;ETH_GetSoftwareResetStatus
<LI><a href="#[e9]">&gt;&gt;</a>&nbsp;&nbsp;&nbsp;ETH_DeInit
<LI><a href="#[ab]">&gt;&gt;</a>&nbsp;&nbsp;&nbsp;RCC_AHB1PeriphClockCmd
</UL>
<BR>[Called By]<UL><LI><a href="#[c2]">&gt;&gt;</a>&nbsp;&nbsp;&nbsp;EthernetInit
</UL>

<P><STRONG><a name="[ee]"></a>EthernetGpioConfig</STRONG> (Thumb, 190 bytes, Stack size 16 bytes, myethernet.o(.text))
<BR><BR>[Stack]<UL><LI>Max Depth = 36<LI>Call Chain = EthernetGpioConfig &rArr; GPIO_PinAFConfig
</UL>
<BR>[Calls]<UL><LI><a href="#[ef]">&gt;&gt;</a>&nbsp;&nbsp;&nbsp;SYSCFG_ETH_MediaInterfaceConfig
<LI><a href="#[ac]">&gt;&gt;</a>&nbsp;&nbsp;&nbsp;RCC_APB2PeriphClockCmd
<LI><a href="#[ab]">&gt;&gt;</a>&nbsp;&nbsp;&nbsp;RCC_AHB1PeriphClockCmd
<LI><a href="#[af]">&gt;&gt;</a>&nbsp;&nbsp;&nbsp;GPIO_PinAFConfig
<LI><a href="#[ae]">&gt;&gt;</a>&nbsp;&nbsp;&nbsp;GPIO_Init
</UL>
<BR>[Called By]<UL><LI><a href="#[c2]">&gt;&gt;</a>&nbsp;&nbsp;&nbsp;EthernetInit
</UL>

<P><STRONG><a name="[c2]"></a>EthernetInit</STRONG> (Thumb, 12 bytes, Stack size 8 bytes, myethernet.o(.text))
<BR><BR>[Stack]<UL><LI>Max Depth = 268<LI>Call Chain = EthernetInit &rArr; EthernetMacDmaConfig &rArr; ETH_Init &rArr; RCC_GetClocksFreq
</UL>
<BR>[Calls]<UL><LI><a href="#[ee]">&gt;&gt;</a>&nbsp;&nbsp;&nbsp;EthernetGpioConfig
<LI><a href="#[e8]">&gt;&gt;</a>&nbsp;&nbsp;&nbsp;EthernetMacDmaConfig
</UL>
<BR>[Called By]<UL><LI><a href="#[76]">&gt;&gt;</a>&nbsp;&nbsp;&nbsp;NetInit
</UL>

<P><STRONG><a name="[1]"></a>NMI_Handler</STRONG> (Thumb, 2 bytes, Stack size 0 bytes, stm32f2xx_it.o(.text))
<BR>[Address Reference Count : 1]<UL><LI> startup_stm32f2xx.o(RESET)
</UL>
<P><STRONG><a name="[2]"></a>HardFault_Handler</STRONG> (Thumb, 4 bytes, Stack size 0 bytes, stm32f2xx_it.o(.text))
<BR>[Address Reference Count : 1]<UL><LI> startup_stm32f2xx.o(RESET)
</UL>
<P><STRONG><a name="[3]"></a>MemManage_Handler</STRONG> (Thumb, 4 bytes, Stack size 0 bytes, stm32f2xx_it.o(.text))
<BR>[Address Reference Count : 1]<UL><LI> startup_stm32f2xx.o(RESET)
</UL>
<P><STRONG><a name="[4]"></a>BusFault_Handler</STRONG> (Thumb, 4 bytes, Stack size 0 bytes, stm32f2xx_it.o(.text))
<BR>[Address Reference Count : 1]<UL><LI> startup_stm32f2xx.o(RESET)
</UL>
<P><STRONG><a name="[5]"></a>UsageFault_Handler</STRONG> (Thumb, 4 bytes, Stack size 0 bytes, stm32f2xx_it.o(.text))
<BR>[Address Reference Count : 1]<UL><LI> startup_stm32f2xx.o(RESET)
</UL>
<P><STRONG><a name="[7]"></a>DebugMon_Handler</STRONG> (Thumb, 2 bytes, Stack size 0 bytes, stm32f2xx_it.o(.text))
<BR>[Address Reference Count : 1]<UL><LI> startup_stm32f2xx.o(RESET)
</UL>
<P><STRONG><a name="[9]"></a>SysTick_Handler</STRONG> (Thumb, 8 bytes, Stack size 8 bytes, stm32f2xx_it.o(.text))
<BR><BR>[Stack]<UL><LI>Max Depth = 8<LI>Call Chain = SysTick_Handler
</UL>
<BR>[Calls]<UL><LI><a href="#[f0]">&gt;&gt;</a>&nbsp;&nbsp;&nbsp;SysTick_Isr
</UL>
<BR>[Address Reference Count : 1]<UL><LI> startup_stm32f2xx.o(RESET)
</UL>
<P><STRONG><a name="[17]"></a>DMA1_Stream2_IRQHandler</STRONG> (Thumb, 8 bytes, Stack size 8 bytes, stm32f2xx_it.o(.text))
<BR><BR>[Stack]<UL><LI>Max Depth = 32<LI>Call Chain = DMA1_Stream2_IRQHandler &rArr; DmaListen_Isr &rArr; DMA_GetITStatus
</UL>
<BR>[Calls]<UL><LI><a href="#[f1]">&gt;&gt;</a>&nbsp;&nbsp;&nbsp;DmaListen_Isr
</UL>
<BR>[Address Reference Count : 1]<UL><LI> startup_stm32f2xx.o(RESET)
</UL>
<P><STRONG><a name="[19]"></a>DMA1_Stream4_IRQHandler</STRONG> (Thumb, 8 bytes, Stack size 8 bytes, stm32f2xx_it.o(.text))
<BR><BR>[Stack]<UL><LI>Max Depth = 32<LI>Call Chain = DMA1_Stream4_IRQHandler &rArr; DmaPlay_Isr &rArr; DMA_GetITStatus
</UL>
<BR>[Calls]<UL><LI><a href="#[f2]">&gt;&gt;</a>&nbsp;&nbsp;&nbsp;DmaPlay_Isr
</UL>
<BR>[Address Reference Count : 1]<UL><LI> startup_stm32f2xx.o(RESET)
</UL>
<P><STRONG><a name="[71]"></a>SysTick_Init</STRONG> (Thumb, 92 bytes, Stack size 32 bytes, mytimer.o(.text))
<BR><BR>[Stack]<UL><LI>Max Depth = 52<LI>Call Chain = SysTick_Init &rArr; RCC_GetClocksFreq
</UL>
<BR>[Calls]<UL><LI><a href="#[f3]">&gt;&gt;</a>&nbsp;&nbsp;&nbsp;SysTick_CLKSourceConfig
<LI><a href="#[f4]">&gt;&gt;</a>&nbsp;&nbsp;&nbsp;RCC_GetClocksFreq
</UL>
<BR>[Called By]<UL><LI><a href="#[5b]">&gt;&gt;</a>&nbsp;&nbsp;&nbsp;main
</UL>

<P><STRONG><a name="[f0]"></a>SysTick_Isr</STRONG> (Thumb, 82 bytes, Stack size 0 bytes, mytimer.o(.text))
<BR><BR>[Called By]<UL><LI><a href="#[9]">&gt;&gt;</a>&nbsp;&nbsp;&nbsp;SysTick_Handler
</UL>

<P><STRONG><a name="[276]"></a>Timer1_Init</STRONG> (Thumb, 2 bytes, Stack size 0 bytes, mytimer.o(.text), UNUSED)

<P><STRONG><a name="[277]"></a>Timer1_Isr</STRONG> (Thumb, 2 bytes, Stack size 0 bytes, mytimer.o(.text), UNUSED)

<P><STRONG><a name="[7d]"></a>MyTimer10</STRONG> (Thumb, 20 bytes, Stack size 8 bytes, mytimer.o(.text))
<BR><BR>[Stack]<UL><LI>Max Depth = 48<LI>Call Chain = MyTimer10 &rArr; Audio10ms &rArr; AudioInputSampleProcess
</UL>
<BR>[Calls]<UL><LI><a href="#[f6]">&gt;&gt;</a>&nbsp;&nbsp;&nbsp;Noise10ms
<LI><a href="#[f5]">&gt;&gt;</a>&nbsp;&nbsp;&nbsp;Key10ms
<LI><a href="#[f7]">&gt;&gt;</a>&nbsp;&nbsp;&nbsp;Audio10ms
<LI><a href="#[f8]">&gt;&gt;</a>&nbsp;&nbsp;&nbsp;App10ms
</UL>
<BR>[Called By]<UL><LI><a href="#[5b]">&gt;&gt;</a>&nbsp;&nbsp;&nbsp;main
</UL>

<P><STRONG><a name="[7e]"></a>MyTimer20</STRONG> (Thumb, 2 bytes, Stack size 0 bytes, mytimer.o(.text))
<BR><BR>[Called By]<UL><LI><a href="#[5b]">&gt;&gt;</a>&nbsp;&nbsp;&nbsp;main
</UL>

<P><STRONG><a name="[7f]"></a>MyTimer50</STRONG> (Thumb, 12 bytes, Stack size 8 bytes, mytimer.o(.text))
<BR><BR>[Stack]<UL><LI>Max Depth = 100<LI>Call Chain = MyTimer50 &rArr; Lwip50ms &rArr; LwipPeriodicHandle &rArr; etharp_tmr &rArr; free_etharp_q &rArr; pbuf_free &rArr; mem_free &rArr; plug_holes
</UL>
<BR>[Calls]<UL><LI><a href="#[fa]">&gt;&gt;</a>&nbsp;&nbsp;&nbsp;Lwip50ms
<LI><a href="#[f9]">&gt;&gt;</a>&nbsp;&nbsp;&nbsp;Net50ms
</UL>
<BR>[Called By]<UL><LI><a href="#[5b]">&gt;&gt;</a>&nbsp;&nbsp;&nbsp;main
</UL>

<P><STRONG><a name="[80]"></a>MyTimer100</STRONG> (Thumb, 44 bytes, Stack size 8 bytes, mytimer.o(.text))
<BR><BR>[Stack]<UL><LI>Max Depth = 492<LI>Call Chain = MyTimer100 &rArr; App100ms &rArr; AppStart &rArr; CommanderInit &rArr; CommanderSendLocalIp &rArr; CommanderSendString &rArr; UdpCommanderSend &rArr; udp_send &rArr; udp_sendto &rArr; udp_sendto_if &rArr; ip_output_if &rArr; ip_frag &rArr; pbuf_alloc &rArr; pbuf_free &rArr; mem_free &rArr; plug_holes
</UL>
<BR>[Calls]<UL><LI><a href="#[fd]">&gt;&gt;</a>&nbsp;&nbsp;&nbsp;SelfTest100ms
<LI><a href="#[fe]">&gt;&gt;</a>&nbsp;&nbsp;&nbsp;Noise100ms
<LI><a href="#[fc]">&gt;&gt;</a>&nbsp;&nbsp;&nbsp;Key100ms
<LI><a href="#[fb]">&gt;&gt;</a>&nbsp;&nbsp;&nbsp;Audio100ms
<LI><a href="#[ce]">&gt;&gt;</a>&nbsp;&nbsp;&nbsp;StorageInfoSaveProcess
<LI><a href="#[b5]">&gt;&gt;</a>&nbsp;&nbsp;&nbsp;LED2Flash
<LI><a href="#[b0]">&gt;&gt;</a>&nbsp;&nbsp;&nbsp;LED1Flash
<LI><a href="#[a4]">&gt;&gt;</a>&nbsp;&nbsp;&nbsp;App100ms
</UL>
<BR>[Called By]<UL><LI><a href="#[5b]">&gt;&gt;</a>&nbsp;&nbsp;&nbsp;main
</UL>

<P><STRONG><a name="[81]"></a>MyTimer200</STRONG> (Thumb, 8 bytes, Stack size 8 bytes, mytimer.o(.text))
<BR><BR>[Stack]<UL><LI>Max Depth = 8<LI>Call Chain = MyTimer200
</UL>
<BR>[Calls]<UL><LI><a href="#[ff]">&gt;&gt;</a>&nbsp;&nbsp;&nbsp;Audio200ms
</UL>
<BR>[Called By]<UL><LI><a href="#[5b]">&gt;&gt;</a>&nbsp;&nbsp;&nbsp;main
</UL>

<P><STRONG><a name="[82]"></a>MyTimer500</STRONG> (Thumb, 36 bytes, Stack size 8 bytes, mytimer.o(.text))
<BR><BR>[Stack]<UL><LI>Max Depth = 396<LI>Call Chain = MyTimer500 &rArr; Commander500ms &rArr; CommanderSendSample &rArr; CommanderSendString &rArr; UdpCommanderSend &rArr; udp_send &rArr; udp_sendto &rArr; udp_sendto_if &rArr; ip_output_if &rArr; ip_frag &rArr; pbuf_alloc &rArr; pbuf_free &rArr; mem_free &rArr; plug_holes
</UL>
<BR>[Calls]<UL><LI><a href="#[102]">&gt;&gt;</a>&nbsp;&nbsp;&nbsp;SelfTest500ms
<LI><a href="#[101]">&gt;&gt;</a>&nbsp;&nbsp;&nbsp;Commander500ms
<LI><a href="#[100]">&gt;&gt;</a>&nbsp;&nbsp;&nbsp;Audio500ms
<LI><a href="#[cc]">&gt;&gt;</a>&nbsp;&nbsp;&nbsp;Net500ms
<LI><a href="#[b5]">&gt;&gt;</a>&nbsp;&nbsp;&nbsp;LED2Flash
<LI><a href="#[b0]">&gt;&gt;</a>&nbsp;&nbsp;&nbsp;LED1Flash
</UL>
<BR>[Called By]<UL><LI><a href="#[5b]">&gt;&gt;</a>&nbsp;&nbsp;&nbsp;main
</UL>

<P><STRONG><a name="[83]"></a>MyTimer1000</STRONG> (Thumb, 8 bytes, Stack size 8 bytes, mytimer.o(.text))
<BR><BR>[Stack]<UL><LI>Max Depth = 8<LI>Call Chain = MyTimer1000
</UL>
<BR>[Calls]<UL><LI><a href="#[103]">&gt;&gt;</a>&nbsp;&nbsp;&nbsp;App1000ms
</UL>
<BR>[Called By]<UL><LI><a href="#[5b]">&gt;&gt;</a>&nbsp;&nbsp;&nbsp;main
</UL>

<P><STRONG><a name="[84]"></a>MyTimer2000</STRONG> (Thumb, 2 bytes, Stack size 0 bytes, mytimer.o(.text))
<BR><BR>[Called By]<UL><LI><a href="#[5b]">&gt;&gt;</a>&nbsp;&nbsp;&nbsp;main
</UL>

<P><STRONG><a name="[104]"></a>UdpPlayclkSendInit</STRONG> (Thumb, 26 bytes, Stack size 8 bytes, mylwip.o(.text))
<BR><BR>[Stack]<UL><LI>Max Depth = 20<LI>Call Chain = UdpPlayclkSendInit &rArr; udp_bind
</UL>
<BR>[Calls]<UL><LI><a href="#[105]">&gt;&gt;</a>&nbsp;&nbsp;&nbsp;udp_new
<LI><a href="#[106]">&gt;&gt;</a>&nbsp;&nbsp;&nbsp;udp_bind
</UL>
<BR>[Called By]<UL><LI><a href="#[c3]">&gt;&gt;</a>&nbsp;&nbsp;&nbsp;LwipInit
</UL>

<P><STRONG><a name="[107]"></a>UdpPlayclkReceiveCallback</STRONG> (Thumb, 32 bytes, Stack size 24 bytes, mylwip.o(.text))
<BR><BR>[Stack]<UL><LI>Max Depth = 76<LI>Call Chain = UdpPlayclkReceiveCallback &rArr; pbuf_free &rArr; mem_free &rArr; plug_holes
</UL>
<BR>[Calls]<UL><LI><a href="#[108]">&gt;&gt;</a>&nbsp;&nbsp;&nbsp;pbuf_free
<LI><a href="#[e6]">&gt;&gt;</a>&nbsp;&nbsp;&nbsp;NetPlayclkReceiveProcess
</UL>
<BR>[Address Reference Count : 1]<UL><LI> mylwip.o(.text)
</UL>
<P><STRONG><a name="[109]"></a>UdpPlayclkRcvInit</STRONG> (Thumb, 40 bytes, Stack size 8 bytes, mylwip.o(.text))
<BR><BR>[Stack]<UL><LI>Max Depth = 20<LI>Call Chain = UdpPlayclkRcvInit &rArr; udp_bind
</UL>
<BR>[Calls]<UL><LI><a href="#[10a]">&gt;&gt;</a>&nbsp;&nbsp;&nbsp;udp_recv
<LI><a href="#[105]">&gt;&gt;</a>&nbsp;&nbsp;&nbsp;udp_new
<LI><a href="#[106]">&gt;&gt;</a>&nbsp;&nbsp;&nbsp;udp_bind
</UL>
<BR>[Called By]<UL><LI><a href="#[c3]">&gt;&gt;</a>&nbsp;&nbsp;&nbsp;LwipInit
</UL>

<P><STRONG><a name="[10b]"></a>UdpTalkSendInit</STRONG> (Thumb, 26 bytes, Stack size 8 bytes, mylwip.o(.text))
<BR><BR>[Stack]<UL><LI>Max Depth = 20<LI>Call Chain = UdpTalkSendInit &rArr; udp_bind
</UL>
<BR>[Calls]<UL><LI><a href="#[105]">&gt;&gt;</a>&nbsp;&nbsp;&nbsp;udp_new
<LI><a href="#[106]">&gt;&gt;</a>&nbsp;&nbsp;&nbsp;udp_bind
</UL>
<BR>[Called By]<UL><LI><a href="#[c3]">&gt;&gt;</a>&nbsp;&nbsp;&nbsp;LwipInit
</UL>

<P><STRONG><a name="[10c]"></a>UdpTalkReceiveCallback</STRONG> (Thumb, 32 bytes, Stack size 24 bytes, mylwip.o(.text))
<BR><BR>[Stack]<UL><LI>Max Depth = 76<LI>Call Chain = UdpTalkReceiveCallback &rArr; pbuf_free &rArr; mem_free &rArr; plug_holes
</UL>
<BR>[Calls]<UL><LI><a href="#[108]">&gt;&gt;</a>&nbsp;&nbsp;&nbsp;pbuf_free
<LI><a href="#[10d]">&gt;&gt;</a>&nbsp;&nbsp;&nbsp;NetTalkReceiveProcess
</UL>
<BR>[Address Reference Count : 1]<UL><LI> mylwip.o(.text)
</UL>
<P><STRONG><a name="[10e]"></a>UdpTalkRcvInit</STRONG> (Thumb, 40 bytes, Stack size 8 bytes, mylwip.o(.text))
<BR><BR>[Stack]<UL><LI>Max Depth = 20<LI>Call Chain = UdpTalkRcvInit &rArr; udp_bind
</UL>
<BR>[Calls]<UL><LI><a href="#[10a]">&gt;&gt;</a>&nbsp;&nbsp;&nbsp;udp_recv
<LI><a href="#[105]">&gt;&gt;</a>&nbsp;&nbsp;&nbsp;udp_new
<LI><a href="#[106]">&gt;&gt;</a>&nbsp;&nbsp;&nbsp;udp_bind
</UL>
<BR>[Called By]<UL><LI><a href="#[c3]">&gt;&gt;</a>&nbsp;&nbsp;&nbsp;LwipInit
</UL>

<P><STRONG><a name="[10f]"></a>UdpBroadcastSendInit</STRONG> (Thumb, 26 bytes, Stack size 8 bytes, mylwip.o(.text))
<BR><BR>[Stack]<UL><LI>Max Depth = 20<LI>Call Chain = UdpBroadcastSendInit &rArr; udp_bind
</UL>
<BR>[Calls]<UL><LI><a href="#[105]">&gt;&gt;</a>&nbsp;&nbsp;&nbsp;udp_new
<LI><a href="#[106]">&gt;&gt;</a>&nbsp;&nbsp;&nbsp;udp_bind
</UL>
<BR>[Called By]<UL><LI><a href="#[c3]">&gt;&gt;</a>&nbsp;&nbsp;&nbsp;LwipInit
</UL>

<P><STRONG><a name="[110]"></a>UdpBroadcastReceiveCallback</STRONG> (Thumb, 32 bytes, Stack size 24 bytes, mylwip.o(.text))
<BR><BR>[Stack]<UL><LI>Max Depth = 76<LI>Call Chain = UdpBroadcastReceiveCallback &rArr; pbuf_free &rArr; mem_free &rArr; plug_holes
</UL>
<BR>[Calls]<UL><LI><a href="#[108]">&gt;&gt;</a>&nbsp;&nbsp;&nbsp;pbuf_free
<LI><a href="#[dd]">&gt;&gt;</a>&nbsp;&nbsp;&nbsp;NetBroadcastReceiveProcess
</UL>
<BR>[Address Reference Count : 1]<UL><LI> mylwip.o(.text)
</UL>
<P><STRONG><a name="[111]"></a>UdpBroadcastRcvInit</STRONG> (Thumb, 40 bytes, Stack size 8 bytes, mylwip.o(.text))
<BR><BR>[Stack]<UL><LI>Max Depth = 20<LI>Call Chain = UdpBroadcastRcvInit &rArr; udp_bind
</UL>
<BR>[Calls]<UL><LI><a href="#[10a]">&gt;&gt;</a>&nbsp;&nbsp;&nbsp;udp_recv
<LI><a href="#[105]">&gt;&gt;</a>&nbsp;&nbsp;&nbsp;udp_new
<LI><a href="#[106]">&gt;&gt;</a>&nbsp;&nbsp;&nbsp;udp_bind
</UL>
<BR>[Called By]<UL><LI><a href="#[c3]">&gt;&gt;</a>&nbsp;&nbsp;&nbsp;LwipInit
</UL>

<P><STRONG><a name="[112]"></a>UdpControlSendInit</STRONG> (Thumb, 26 bytes, Stack size 8 bytes, mylwip.o(.text))
<BR><BR>[Stack]<UL><LI>Max Depth = 20<LI>Call Chain = UdpControlSendInit &rArr; udp_bind
</UL>
<BR>[Calls]<UL><LI><a href="#[105]">&gt;&gt;</a>&nbsp;&nbsp;&nbsp;udp_new
<LI><a href="#[106]">&gt;&gt;</a>&nbsp;&nbsp;&nbsp;udp_bind
</UL>
<BR>[Called By]<UL><LI><a href="#[c3]">&gt;&gt;</a>&nbsp;&nbsp;&nbsp;LwipInit
</UL>

<P><STRONG><a name="[113]"></a>UdpControlReceiveCallback</STRONG> (Thumb, 32 bytes, Stack size 24 bytes, mylwip.o(.text))
<BR><BR>[Stack]<UL><LI>Max Depth = 412<LI>Call Chain = UdpControlReceiveCallback &rArr; NetControlReceiveProcess &rArr; NetControlReceiveSelfTestCmd &rArr; NetControlSendSelfTestState &rArr; UdpControlSend &rArr; udp_send &rArr; udp_sendto &rArr; udp_sendto_if &rArr; ip_output_if &rArr; ip_frag &rArr; pbuf_alloc &rArr; pbuf_free &rArr; mem_free &rArr; plug_holes
</UL>
<BR>[Calls]<UL><LI><a href="#[108]">&gt;&gt;</a>&nbsp;&nbsp;&nbsp;pbuf_free
<LI><a href="#[d8]">&gt;&gt;</a>&nbsp;&nbsp;&nbsp;NetControlReceiveProcess
</UL>
<BR>[Address Reference Count : 1]<UL><LI> mylwip.o(.text)
</UL>
<P><STRONG><a name="[114]"></a>UdpControlRcvInit</STRONG> (Thumb, 40 bytes, Stack size 8 bytes, mylwip.o(.text))
<BR><BR>[Stack]<UL><LI>Max Depth = 20<LI>Call Chain = UdpControlRcvInit &rArr; udp_bind
</UL>
<BR>[Calls]<UL><LI><a href="#[10a]">&gt;&gt;</a>&nbsp;&nbsp;&nbsp;udp_recv
<LI><a href="#[105]">&gt;&gt;</a>&nbsp;&nbsp;&nbsp;udp_new
<LI><a href="#[106]">&gt;&gt;</a>&nbsp;&nbsp;&nbsp;udp_bind
</UL>
<BR>[Called By]<UL><LI><a href="#[c3]">&gt;&gt;</a>&nbsp;&nbsp;&nbsp;LwipInit
</UL>

<P><STRONG><a name="[115]"></a>UdpCommanderReceiveCallback</STRONG> (Thumb, 32 bytes, Stack size 24 bytes, mylwip.o(.text))
<BR><BR>[Stack]<UL><LI>Max Depth = 676<LI>Call Chain = UdpCommanderReceiveCallback &rArr; CommanderReceive &rArr; SetTrainId &rArr; CommanderSendTrainId &rArr; CommanderSendString &rArr; UdpCommanderSend &rArr; udp_send &rArr; udp_sendto &rArr; udp_sendto_if &rArr; ip_output_if &rArr; ip_frag &rArr; pbuf_alloc &rArr; pbuf_free &rArr; mem_free &rArr; plug_holes
</UL>
<BR>[Calls]<UL><LI><a href="#[108]">&gt;&gt;</a>&nbsp;&nbsp;&nbsp;pbuf_free
<LI><a href="#[116]">&gt;&gt;</a>&nbsp;&nbsp;&nbsp;CommanderReceive
</UL>
<BR>[Address Reference Count : 1]<UL><LI> mylwip.o(.text)
</UL>
<P><STRONG><a name="[117]"></a>UdpCommanderInit</STRONG> (Thumb, 40 bytes, Stack size 8 bytes, mylwip.o(.text))
<BR><BR>[Stack]<UL><LI>Max Depth = 20<LI>Call Chain = UdpCommanderInit &rArr; udp_bind
</UL>
<BR>[Calls]<UL><LI><a href="#[10a]">&gt;&gt;</a>&nbsp;&nbsp;&nbsp;udp_recv
<LI><a href="#[105]">&gt;&gt;</a>&nbsp;&nbsp;&nbsp;udp_new
<LI><a href="#[106]">&gt;&gt;</a>&nbsp;&nbsp;&nbsp;udp_bind
</UL>
<BR>[Called By]<UL><LI><a href="#[c3]">&gt;&gt;</a>&nbsp;&nbsp;&nbsp;LwipInit
</UL>

<P><STRONG><a name="[118]"></a>UdpTestReceiveCallback</STRONG> (Thumb, 50 bytes, Stack size 24 bytes, mylwip.o(.text))
<BR><BR>[Stack]<UL><LI>Max Depth = 340<LI>Call Chain = UdpTestReceiveCallback &rArr; udp_send &rArr; udp_sendto &rArr; udp_sendto_if &rArr; ip_output_if &rArr; ip_frag &rArr; pbuf_alloc &rArr; pbuf_free &rArr; mem_free &rArr; plug_holes
</UL>
<BR>[Calls]<UL><LI><a href="#[11a]">&gt;&gt;</a>&nbsp;&nbsp;&nbsp;udp_send
<LI><a href="#[11b]">&gt;&gt;</a>&nbsp;&nbsp;&nbsp;udp_disconnect
<LI><a href="#[119]">&gt;&gt;</a>&nbsp;&nbsp;&nbsp;udp_connect
<LI><a href="#[108]">&gt;&gt;</a>&nbsp;&nbsp;&nbsp;pbuf_free
</UL>
<BR>[Address Reference Count : 1]<UL><LI> mylwip.o(.text)
</UL>
<P><STRONG><a name="[11c]"></a>UdpTestInit</STRONG> (Thumb, 40 bytes, Stack size 8 bytes, mylwip.o(.text))
<BR><BR>[Stack]<UL><LI>Max Depth = 20<LI>Call Chain = UdpTestInit &rArr; udp_bind
</UL>
<BR>[Calls]<UL><LI><a href="#[10a]">&gt;&gt;</a>&nbsp;&nbsp;&nbsp;udp_recv
<LI><a href="#[105]">&gt;&gt;</a>&nbsp;&nbsp;&nbsp;udp_new
<LI><a href="#[106]">&gt;&gt;</a>&nbsp;&nbsp;&nbsp;udp_bind
</UL>
<BR>[Called By]<UL><LI><a href="#[c3]">&gt;&gt;</a>&nbsp;&nbsp;&nbsp;LwipInit
</UL>

<P><STRONG><a name="[c3]"></a>LwipInit</STRONG> (Thumb, 246 bytes, Stack size 32 bytes, mylwip.o(.text))
<BR><BR>[Stack]<UL><LI>Max Depth = 500<LI>Call Chain = LwipInit &rArr; netif_add &rArr; netif_set_addr &rArr; netif_set_ipaddr &rArr; tcp_abandon &rArr; tcp_pcb_remove &rArr; tcp_output &rArr; tcp_output_segment &rArr; ip_output &rArr; ip_output_if &rArr; ip_frag &rArr; pbuf_alloc &rArr; pbuf_free &rArr; mem_free &rArr; plug_holes
</UL>
<BR>[Calls]<UL><LI><a href="#[122]">&gt;&gt;</a>&nbsp;&nbsp;&nbsp;netif_set_up
<LI><a href="#[121]">&gt;&gt;</a>&nbsp;&nbsp;&nbsp;netif_set_default
<LI><a href="#[120]">&gt;&gt;</a>&nbsp;&nbsp;&nbsp;netif_add
<LI><a href="#[11e]">&gt;&gt;</a>&nbsp;&nbsp;&nbsp;memp_init
<LI><a href="#[11d]">&gt;&gt;</a>&nbsp;&nbsp;&nbsp;mem_init
<LI><a href="#[11f]">&gt;&gt;</a>&nbsp;&nbsp;&nbsp;htonl
<LI><a href="#[11c]">&gt;&gt;</a>&nbsp;&nbsp;&nbsp;UdpTestInit
<LI><a href="#[117]">&gt;&gt;</a>&nbsp;&nbsp;&nbsp;UdpCommanderInit
<LI><a href="#[114]">&gt;&gt;</a>&nbsp;&nbsp;&nbsp;UdpControlRcvInit
<LI><a href="#[112]">&gt;&gt;</a>&nbsp;&nbsp;&nbsp;UdpControlSendInit
<LI><a href="#[111]">&gt;&gt;</a>&nbsp;&nbsp;&nbsp;UdpBroadcastRcvInit
<LI><a href="#[10f]">&gt;&gt;</a>&nbsp;&nbsp;&nbsp;UdpBroadcastSendInit
<LI><a href="#[10e]">&gt;&gt;</a>&nbsp;&nbsp;&nbsp;UdpTalkRcvInit
<LI><a href="#[10b]">&gt;&gt;</a>&nbsp;&nbsp;&nbsp;UdpTalkSendInit
<LI><a href="#[109]">&gt;&gt;</a>&nbsp;&nbsp;&nbsp;UdpPlayclkRcvInit
<LI><a href="#[104]">&gt;&gt;</a>&nbsp;&nbsp;&nbsp;UdpPlayclkSendInit
</UL>
<BR>[Called By]<UL><LI><a href="#[76]">&gt;&gt;</a>&nbsp;&nbsp;&nbsp;NetInit
</UL>

<P><STRONG><a name="[123]"></a>LwipPktHandle</STRONG> (Thumb, 10 bytes, Stack size 8 bytes, mylwip.o(.text))
<BR><BR>[Stack]<UL><LI>Max Depth = 180<LI>Call Chain = LwipPktHandle &rArr; ethernetif_input &rArr; low_level_input &rArr; pbuf_alloc &rArr; pbuf_free &rArr; mem_free &rArr; plug_holes
</UL>
<BR>[Calls]<UL><LI><a href="#[124]">&gt;&gt;</a>&nbsp;&nbsp;&nbsp;ethernetif_input
</UL>
<BR>[Called By]<UL><LI><a href="#[7a]">&gt;&gt;</a>&nbsp;&nbsp;&nbsp;LwipProcess
</UL>

<P><STRONG><a name="[7a]"></a>LwipProcess</STRONG> (Thumb, 14 bytes, Stack size 8 bytes, mylwip.o(.text))
<BR><BR>[Stack]<UL><LI>Max Depth = 188<LI>Call Chain = LwipProcess &rArr; LwipPktHandle &rArr; ethernetif_input &rArr; low_level_input &rArr; pbuf_alloc &rArr; pbuf_free &rArr; mem_free &rArr; plug_holes
</UL>
<BR>[Calls]<UL><LI><a href="#[125]">&gt;&gt;</a>&nbsp;&nbsp;&nbsp;ETH_CheckFrameReceived
<LI><a href="#[123]">&gt;&gt;</a>&nbsp;&nbsp;&nbsp;LwipPktHandle
</UL>
<BR>[Called By]<UL><LI><a href="#[5b]">&gt;&gt;</a>&nbsp;&nbsp;&nbsp;main
</UL>

<P><STRONG><a name="[126]"></a>LwipPeriodicHandle</STRONG> (Thumb, 30 bytes, Stack size 8 bytes, mylwip.o(.text))
<BR><BR>[Stack]<UL><LI>Max Depth = 84<LI>Call Chain = LwipPeriodicHandle &rArr; etharp_tmr &rArr; free_etharp_q &rArr; pbuf_free &rArr; mem_free &rArr; plug_holes
</UL>
<BR>[Calls]<UL><LI><a href="#[127]">&gt;&gt;</a>&nbsp;&nbsp;&nbsp;etharp_tmr
</UL>
<BR>[Called By]<UL><LI><a href="#[fa]">&gt;&gt;</a>&nbsp;&nbsp;&nbsp;Lwip50ms
</UL>

<P><STRONG><a name="[fa]"></a>Lwip50ms</STRONG> (Thumb, 8 bytes, Stack size 8 bytes, mylwip.o(.text))
<BR><BR>[Stack]<UL><LI>Max Depth = 92<LI>Call Chain = Lwip50ms &rArr; LwipPeriodicHandle &rArr; etharp_tmr &rArr; free_etharp_q &rArr; pbuf_free &rArr; mem_free &rArr; plug_holes
</UL>
<BR>[Calls]<UL><LI><a href="#[126]">&gt;&gt;</a>&nbsp;&nbsp;&nbsp;LwipPeriodicHandle
</UL>
<BR>[Called By]<UL><LI><a href="#[7f]">&gt;&gt;</a>&nbsp;&nbsp;&nbsp;MyTimer50
</UL>

<P><STRONG><a name="[128]"></a>UdpTestSend</STRONG> (Thumb, 114 bytes, Stack size 16 bytes, mylwip.o(.text), UNUSED)
<BR><BR>[Calls]<UL><LI><a href="#[11a]">&gt;&gt;</a>&nbsp;&nbsp;&nbsp;udp_send
<LI><a href="#[11b]">&gt;&gt;</a>&nbsp;&nbsp;&nbsp;udp_disconnect
<LI><a href="#[119]">&gt;&gt;</a>&nbsp;&nbsp;&nbsp;udp_connect
<LI><a href="#[12a]">&gt;&gt;</a>&nbsp;&nbsp;&nbsp;pbuf_take
<LI><a href="#[108]">&gt;&gt;</a>&nbsp;&nbsp;&nbsp;pbuf_free
<LI><a href="#[129]">&gt;&gt;</a>&nbsp;&nbsp;&nbsp;pbuf_alloc
</UL>

<P><STRONG><a name="[12b]"></a>UdpCommanderSend</STRONG> (Thumb, 154 bytes, Stack size 16 bytes, mylwip.o(.text))
<BR><BR>[Stack]<UL><LI>Max Depth = 332<LI>Call Chain = UdpCommanderSend &rArr; udp_send &rArr; udp_sendto &rArr; udp_sendto_if &rArr; ip_output_if &rArr; ip_frag &rArr; pbuf_alloc &rArr; pbuf_free &rArr; mem_free &rArr; plug_holes
</UL>
<BR>[Calls]<UL><LI><a href="#[11a]">&gt;&gt;</a>&nbsp;&nbsp;&nbsp;udp_send
<LI><a href="#[11b]">&gt;&gt;</a>&nbsp;&nbsp;&nbsp;udp_disconnect
<LI><a href="#[119]">&gt;&gt;</a>&nbsp;&nbsp;&nbsp;udp_connect
<LI><a href="#[12a]">&gt;&gt;</a>&nbsp;&nbsp;&nbsp;pbuf_take
<LI><a href="#[108]">&gt;&gt;</a>&nbsp;&nbsp;&nbsp;pbuf_free
<LI><a href="#[129]">&gt;&gt;</a>&nbsp;&nbsp;&nbsp;pbuf_alloc
</UL>
<BR>[Called By]<UL><LI><a href="#[18a]">&gt;&gt;</a>&nbsp;&nbsp;&nbsp;CommanderSendString
</UL>

<P><STRONG><a name="[cb]"></a>UdpControlSend</STRONG> (Thumb, 70 bytes, Stack size 16 bytes, mylwip.o(.text))
<BR><BR>[Stack]<UL><LI>Max Depth = 332<LI>Call Chain = UdpControlSend &rArr; udp_send &rArr; udp_sendto &rArr; udp_sendto_if &rArr; ip_output_if &rArr; ip_frag &rArr; pbuf_alloc &rArr; pbuf_free &rArr; mem_free &rArr; plug_holes
</UL>
<BR>[Calls]<UL><LI><a href="#[11a]">&gt;&gt;</a>&nbsp;&nbsp;&nbsp;udp_send
<LI><a href="#[11b]">&gt;&gt;</a>&nbsp;&nbsp;&nbsp;udp_disconnect
<LI><a href="#[119]">&gt;&gt;</a>&nbsp;&nbsp;&nbsp;udp_connect
<LI><a href="#[12a]">&gt;&gt;</a>&nbsp;&nbsp;&nbsp;pbuf_take
<LI><a href="#[108]">&gt;&gt;</a>&nbsp;&nbsp;&nbsp;pbuf_free
<LI><a href="#[129]">&gt;&gt;</a>&nbsp;&nbsp;&nbsp;pbuf_alloc
</UL>
<BR>[Called By]<UL><LI><a href="#[db]">&gt;&gt;</a>&nbsp;&nbsp;&nbsp;NetControlSendSelfTestReport
<LI><a href="#[cf]">&gt;&gt;</a>&nbsp;&nbsp;&nbsp;NetControlSendSelfTestState
<LI><a href="#[c9]">&gt;&gt;</a>&nbsp;&nbsp;&nbsp;NetControlSendInspection
</UL>

<P><STRONG><a name="[12c]"></a>UdpBroadcastSend</STRONG> (Thumb, 70 bytes, Stack size 16 bytes, mylwip.o(.text), UNUSED)
<BR><BR>[Calls]<UL><LI><a href="#[11a]">&gt;&gt;</a>&nbsp;&nbsp;&nbsp;udp_send
<LI><a href="#[11b]">&gt;&gt;</a>&nbsp;&nbsp;&nbsp;udp_disconnect
<LI><a href="#[119]">&gt;&gt;</a>&nbsp;&nbsp;&nbsp;udp_connect
<LI><a href="#[12a]">&gt;&gt;</a>&nbsp;&nbsp;&nbsp;pbuf_take
<LI><a href="#[108]">&gt;&gt;</a>&nbsp;&nbsp;&nbsp;pbuf_free
<LI><a href="#[129]">&gt;&gt;</a>&nbsp;&nbsp;&nbsp;pbuf_alloc
</UL>

<P><STRONG><a name="[e3]"></a>UdpTalkSend</STRONG> (Thumb, 70 bytes, Stack size 16 bytes, mylwip.o(.text), UNUSED)
<BR><BR>[Calls]<UL><LI><a href="#[11a]">&gt;&gt;</a>&nbsp;&nbsp;&nbsp;udp_send
<LI><a href="#[11b]">&gt;&gt;</a>&nbsp;&nbsp;&nbsp;udp_disconnect
<LI><a href="#[119]">&gt;&gt;</a>&nbsp;&nbsp;&nbsp;udp_connect
<LI><a href="#[12a]">&gt;&gt;</a>&nbsp;&nbsp;&nbsp;pbuf_take
<LI><a href="#[108]">&gt;&gt;</a>&nbsp;&nbsp;&nbsp;pbuf_free
<LI><a href="#[129]">&gt;&gt;</a>&nbsp;&nbsp;&nbsp;pbuf_alloc
</UL>
<BR>[Called By]<UL><LI><a href="#[e4]">&gt;&gt;</a>&nbsp;&nbsp;&nbsp;NetTalkTestRightSend
<LI><a href="#[e1]">&gt;&gt;</a>&nbsp;&nbsp;&nbsp;NetTalkTestLeftSend
</UL>

<P><STRONG><a name="[c8]"></a>UdpPlayclkSend</STRONG> (Thumb, 70 bytes, Stack size 16 bytes, mylwip.o(.text))
<BR><BR>[Stack]<UL><LI>Max Depth = 332<LI>Call Chain = UdpPlayclkSend &rArr; udp_send &rArr; udp_sendto &rArr; udp_sendto_if &rArr; ip_output_if &rArr; ip_frag &rArr; pbuf_alloc &rArr; pbuf_free &rArr; mem_free &rArr; plug_holes
</UL>
<BR>[Calls]<UL><LI><a href="#[11a]">&gt;&gt;</a>&nbsp;&nbsp;&nbsp;udp_send
<LI><a href="#[11b]">&gt;&gt;</a>&nbsp;&nbsp;&nbsp;udp_disconnect
<LI><a href="#[119]">&gt;&gt;</a>&nbsp;&nbsp;&nbsp;udp_connect
<LI><a href="#[12a]">&gt;&gt;</a>&nbsp;&nbsp;&nbsp;pbuf_take
<LI><a href="#[108]">&gt;&gt;</a>&nbsp;&nbsp;&nbsp;pbuf_free
<LI><a href="#[129]">&gt;&gt;</a>&nbsp;&nbsp;&nbsp;pbuf_alloc
</UL>
<BR>[Called By]<UL><LI><a href="#[c6]">&gt;&gt;</a>&nbsp;&nbsp;&nbsp;NetPlayclkSendProcess
</UL>

<P><STRONG><a name="[12d]"></a>AT24C32_Init</STRONG> (Thumb, 58 bytes, Stack size 24 bytes, myi2c.o(.text))
<BR><BR>[Stack]<UL><LI>Max Depth = 92<LI>Call Chain = AT24C32_Init &rArr; I2C_Init &rArr; RCC_GetClocksFreq
</UL>
<BR>[Calls]<UL><LI><a href="#[12f]">&gt;&gt;</a>&nbsp;&nbsp;&nbsp;I2C_Init
<LI><a href="#[12e]">&gt;&gt;</a>&nbsp;&nbsp;&nbsp;I2C_Cmd
</UL>
<BR>[Called By]<UL><LI><a href="#[75]">&gt;&gt;</a>&nbsp;&nbsp;&nbsp;StorageInit
</UL>

<P><STRONG><a name="[130]"></a>AT24C32_ByteWrite</STRONG> (Thumb, 436 bytes, Stack size 24 bytes, myi2c.o(.text), UNUSED)
<BR><BR>[Calls]<UL><LI><a href="#[135]">&gt;&gt;</a>&nbsp;&nbsp;&nbsp;I2C_SendData
<LI><a href="#[134]">&gt;&gt;</a>&nbsp;&nbsp;&nbsp;I2C_Send7bitAddress
<LI><a href="#[131]">&gt;&gt;</a>&nbsp;&nbsp;&nbsp;I2C_GetFlagStatus
<LI><a href="#[136]">&gt;&gt;</a>&nbsp;&nbsp;&nbsp;I2C_GenerateSTOP
<LI><a href="#[132]">&gt;&gt;</a>&nbsp;&nbsp;&nbsp;I2C_GenerateSTART
<LI><a href="#[133]">&gt;&gt;</a>&nbsp;&nbsp;&nbsp;I2C_CheckEvent
</UL>

<P><STRONG><a name="[137]"></a>AT24C32_ByteRead</STRONG> (Thumb, 628 bytes, Stack size 24 bytes, myi2c.o(.text), UNUSED)
<BR><BR>[Calls]<UL><LI><a href="#[135]">&gt;&gt;</a>&nbsp;&nbsp;&nbsp;I2C_SendData
<LI><a href="#[134]">&gt;&gt;</a>&nbsp;&nbsp;&nbsp;I2C_Send7bitAddress
<LI><a href="#[139]">&gt;&gt;</a>&nbsp;&nbsp;&nbsp;I2C_ReceiveData
[...]
</UL>
<BR>[Called By]<UL><LI><a href="#[ed]">&gt;&gt;</a>&nbsp;&nbsp;&nbsp;ETH_Init
</UL>

<P><STRONG><a name="[1d6]"></a>plug_holes</STRONG> (Thumb, 124 bytes, Stack size 12 bytes, mem.o(.text))
<BR><BR>[Stack]<UL><LI>Max Depth = 12<LI>Call Chain = plug_holes
</UL>
<BR>[Called By]<UL><LI><a href="#[179]">&gt;&gt;</a>&nbsp;&nbsp;&nbsp;mem_free
</UL>

<P><STRONG><a name="[202]"></a>tcp_new_port</STRONG> (Thumb, 104 bytes, Stack size 0 bytes, tcp.o(.text))
<BR><BR>[Called By]<UL><LI><a href="#[187]">&gt;&gt;</a>&nbsp;&nbsp;&nbsp;tcp_bind
<LI><a href="#[204]">&gt;&gt;</a>&nbsp;&nbsp;&nbsp;tcp_connect
</UL>

<P><STRONG><a name="[65]"></a>tcp_accept_null</STRONG> (Thumb, 8 bytes, Stack size 0 bytes, tcp.o(.text))
<BR>[Address Reference Count : 1]<UL><LI> tcp.o(.text)
</UL>
<P><STRONG><a name="[207]"></a>tcp_kill_prio</STRONG> (Thumb, 78 bytes, Stack size 24 bytes, tcp.o(.text))
<BR><BR>[Stack]<UL><LI>Max Depth = 412<LI>Call Chain = tcp_kill_prio &rArr; tcp_abandon &rArr; tcp_pcb_remove &rArr; tcp_output &rArr; tcp_output_segment &rArr; ip_output &rArr; ip_output_if &rArr; ip_frag &rArr; pbuf_alloc &rArr; pbuf_free &rArr; mem_free &rArr; plug_holes
</UL>
<BR>[Calls]<UL><LI><a href="#[1d9]">&gt;&gt;</a>&nbsp;&nbsp;&nbsp;tcp_abandon
</UL>
<BR>[Called By]<UL><LI><a href="#[209]">&gt;&gt;</a>&nbsp;&nbsp;&nbsp;tcp_alloc
</UL>

<P><STRONG><a name="[208]"></a>tcp_kill_timewait</STRONG> (Thumb, 52 bytes, Stack size 16 bytes, tcp.o(.text))
<BR><BR>[Stack]<UL><LI>Max Depth = 404<LI>Call Chain = tcp_kill_timewait &rArr; tcp_abandon &rArr; tcp_pcb_remove &rArr; tcp_output &rArr; tcp_output_segment &rArr; ip_output &rArr; ip_output_if &rArr; ip_frag &rArr; pbuf_alloc &rArr; pbuf_free &rArr; mem_free &rArr; plug_holes
</UL>
<BR>[Calls]<UL><LI><a href="#[1d9]">&gt;&gt;</a>&nbsp;&nbsp;&nbsp;tcp_abandon
</UL>
<BR>[Called By]<UL><LI><a href="#[209]">&gt;&gt;</a>&nbsp;&nbsp;&nbsp;tcp_alloc
</UL>

<P><STRONG><a name="[20a]"></a>tcp_receive</STRONG> (Thumb, 1562 bytes, Stack size 48 bytes, tcp_in.o(.text))
<BR><BR>[Stack]<UL><LI>Max Depth = 364<LI>Call Chain = tcp_receive &rArr; tcp_output &rArr; tcp_output_segment &rArr; ip_output &rArr; ip_output_if &rArr; ip_frag &rArr; pbuf_alloc &rArr; pbuf_free &rArr; mem_free &rArr; plug_holes
</UL>
<BR>[Calls]<UL><LI><a href="#[20f]">&gt;&gt;</a>&nbsp;&nbsp;&nbsp;tcp_send_empty_ack
<LI><a href="#[20b]">&gt;&gt;</a>&nbsp;&nbsp;&nbsp;tcp_rexmit_fast
<LI><a href="#[20d]">&gt;&gt;</a>&nbsp;&nbsp;&nbsp;ntohl
<LI><a href="#[20e]">&gt;&gt;</a>&nbsp;&nbsp;&nbsp;htons
<LI><a href="#[1fb]">&gt;&gt;</a>&nbsp;&nbsp;&nbsp;tcp_output
<LI><a href="#[1fe]">&gt;&gt;</a>&nbsp;&nbsp;&nbsp;tcp_update_rcv_ann_wnd
<LI><a href="#[1f3]">&gt;&gt;</a>&nbsp;&nbsp;&nbsp;tcp_seg_free
<LI><a href="#[1eb]">&gt;&gt;</a>&nbsp;&nbsp;&nbsp;ntohs
<LI><a href="#[20c]">&gt;&gt;</a>&nbsp;&nbsp;&nbsp;pbuf_clen
<LI><a href="#[1ed]">&gt;&gt;</a>&nbsp;&nbsp;&nbsp;pbuf_header
<LI><a href="#[1e1]">&gt;&gt;</a>&nbsp;&nbsp;&nbsp;pbuf_realloc
</UL>
<BR>[Called By]<UL><LI><a href="#[211]">&gt;&gt;</a>&nbsp;&nbsp;&nbsp;tcp_process
</UL>

<P><STRONG><a name="[210]"></a>tcp_parseopt</STRONG> (Thumb, 178 bytes, Stack size 32 bytes, tcp_in.o(.text))
<BR><BR>[Stack]<UL><LI>Max Depth = 36<LI>Call Chain = tcp_parseopt &rArr; ntohs
</UL>
<BR>[Calls]<UL><LI><a href="#[1eb]">&gt;&gt;</a>&nbsp;&nbsp;&nbsp;ntohs
</UL>
<BR>[Called By]<UL><LI><a href="#[213]">&gt;&gt;</a>&nbsp;&nbsp;&nbsp;tcp_listen_input
<LI><a href="#[211]">&gt;&gt;</a>&nbsp;&nbsp;&nbsp;tcp_process
</UL>

<P><STRONG><a name="[211]"></a>tcp_process</STRONG> (Thumb, 1380 bytes, Stack size 32 bytes, tcp_in.o(.text))
<BR><BR>[Stack]<UL><LI>Max Depth = 420<LI>Call Chain = tcp_process &rArr; tcp_abandon &rArr; tcp_pcb_remove &rArr; tcp_output &rArr; tcp_output_segment &rArr; ip_output &rArr; ip_output_if &rArr; ip_frag &rArr; pbuf_alloc &rArr; pbuf_free &rArr; mem_free &rArr; plug_holes
</UL>
<BR>[Calls]<UL><LI><a href="#[212]">&gt;&gt;</a>&nbsp;&nbsp;&nbsp;tcp_rexmit
<LI><a href="#[20d]">&gt;&gt;</a>&nbsp;&nbsp;&nbsp;ntohl
<LI><a href="#[210]">&gt;&gt;</a>&nbsp;&nbsp;&nbsp;tcp_parseopt
<LI><a href="#[20a]">&gt;&gt;</a>&nbsp;&nbsp;&nbsp;tcp_receive
<LI><a href="#[1fa]">&gt;&gt;</a>&nbsp;&nbsp;&nbsp;tcp_rst
<LI><a href="#[1fb]">&gt;&gt;</a>&nbsp;&nbsp;&nbsp;tcp_output
<LI><a href="#[203]">&gt;&gt;</a>&nbsp;&nbsp;&nbsp;tcp_eff_send_mss
<LI><a href="#[1f5]">&gt;&gt;</a>&nbsp;&nbsp;&nbsp;tcp_pcb_purge
<LI><a href="#[1f3]">&gt;&gt;</a>&nbsp;&nbsp;&nbsp;tcp_seg_free
<LI><a href="#[1d9]">&gt;&gt;</a>&nbsp;&nbsp;&nbsp;tcp_abandon
</UL>
<BR>[Called By]<UL><LI><a href="#[215]">&gt;&gt;</a>&nbsp;&nbsp;&nbsp;tcp_input
</UL>

<P><STRONG><a name="[213]"></a>tcp_listen_input</STRONG> (Thumb, 322 bytes, Stack size 24 bytes, tcp_in.o(.text))
<BR><BR>[Stack]<UL><LI>Max Depth = 452<LI>Call Chain = tcp_listen_input &rArr; tcp_alloc &rArr; tcp_kill_prio &rArr; tcp_abandon &rArr; tcp_pcb_remove &rArr; tcp_output &rArr; tcp_output_segment &rArr; ip_output &rArr; ip_output_if &rArr; ip_frag &rArr; pbuf_alloc &rArr; pbuf_free &rArr; mem_free &rArr; plug_holes
</UL>
<BR>[Calls]<UL><LI><a href="#[210]">&gt;&gt;</a>&nbsp;&nbsp;&nbsp;tcp_parseopt
<LI><a href="#[1fa]">&gt;&gt;</a>&nbsp;&nbsp;&nbsp;tcp_rst
<LI><a href="#[1fb]">&gt;&gt;</a>&nbsp;&nbsp;&nbsp;tcp_output
<LI><a href="#[206]">&gt;&gt;</a>&nbsp;&nbsp;&nbsp;tcp_enqueue
<LI><a href="#[209]">&gt;&gt;</a>&nbsp;&nbsp;&nbsp;tcp_alloc
<LI><a href="#[203]">&gt;&gt;</a>&nbsp;&nbsp;&nbsp;tcp_eff_send_mss
<LI><a href="#[1d9]">&gt;&gt;</a>&nbsp;&nbsp;&nbsp;tcp_abandon
</UL>
<BR>[Called By]<UL><LI><a href="#[215]">&gt;&gt;</a>&nbsp;&nbsp;&nbsp;tcp_input
</UL>

<P><STRONG><a name="[214]"></a>tcp_timewait_input</STRONG> (Thumb, 150 bytes, Stack size 16 bytes, tcp_in.o(.text))
<BR><BR>[Stack]<UL><LI>Max Depth = 332<LI>Call Chain = tcp_timewait_input &rArr; tcp_output &rArr; tcp_output_segment &rArr; ip_output &rArr; ip_output_if &rArr; ip_frag &rArr; pbuf_alloc &rArr; pbuf_free &rArr; mem_free &rArr; plug_holes
</UL>
<BR>[Calls]<UL><LI><a href="#[1fa]">&gt;&gt;</a>&nbsp;&nbsp;&nbsp;tcp_rst
<LI><a href="#[1fb]">&gt;&gt;</a>&nbsp;&nbsp;&nbsp;tcp_output
</UL>
<BR>[Called By]<UL><LI><a href="#[215]">&gt;&gt;</a>&nbsp;&nbsp;&nbsp;tcp_input
</UL>

<P><STRONG><a name="[217]"></a>tcp_output_set_header</STRONG> (Thumb, 138 bytes, Stack size 32 bytes, tcp_out.o(.text))
<BR><BR>[Stack]<UL><LI>Max Depth = 36<LI>Call Chain = tcp_output_set_header &rArr; ntohs
</UL>
<BR>[Calls]<UL><LI><a href="#[11f]">&gt;&gt;</a>&nbsp;&nbsp;&nbsp;htonl
<LI><a href="#[20e]">&gt;&gt;</a>&nbsp;&nbsp;&nbsp;htons
<LI><a href="#[1eb]">&gt;&gt;</a>&nbsp;&nbsp;&nbsp;ntohs
</UL>
<BR>[Called By]<UL><LI><a href="#[20f]">&gt;&gt;</a>&nbsp;&nbsp;&nbsp;tcp_send_empty_ack
<LI><a href="#[1f7]">&gt;&gt;</a>&nbsp;&nbsp;&nbsp;tcp_zero_window_probe
<LI><a href="#[1f9]">&gt;&gt;</a>&nbsp;&nbsp;&nbsp;tcp_keepalive
</UL>

<P><STRONG><a name="[219]"></a>tcp_output_segment</STRONG> (Thumb, 194 bytes, Stack size 32 bytes, tcp_out.o(.text))
<BR><BR>[Stack]<UL><LI>Max Depth = 284<LI>Call Chain = tcp_output_segment &rArr; ip_output &rArr; ip_output_if &rArr; ip_frag &rArr; pbuf_alloc &rArr; pbuf_free &rArr; mem_free &rArr; plug_holes
</UL>
<BR>[Calls]<UL><LI><a href="#[11f]">&gt;&gt;</a>&nbsp;&nbsp;&nbsp;htonl
<LI><a href="#[218]">&gt;&gt;</a>&nbsp;&nbsp;&nbsp;ip_output
<LI><a href="#[20d]">&gt;&gt;</a>&nbsp;&nbsp;&nbsp;ntohl
<LI><a href="#[20e]">&gt;&gt;</a>&nbsp;&nbsp;&nbsp;htons
<LI><a href="#[1ee]">&gt;&gt;</a>&nbsp;&nbsp;&nbsp;ip_route
</UL>
<BR>[Called By]<UL><LI><a href="#[1fb]">&gt;&gt;</a>&nbsp;&nbsp;&nbsp;tcp_output
</UL>

<P><STRONG><a name="[223]"></a>autoip_start_probing</STRONG> (Thumb, 80 bytes, Stack size 8 bytes, autoip.o(.text))
<BR><BR>[Stack]<UL><LI>Max Depth = 8<LI>Call Chain = autoip_start_probing
</UL>
<BR>[Called By]<UL><LI><a href="#[229]">&gt;&gt;</a>&nbsp;&nbsp;&nbsp;autoip_network_changed
<LI><a href="#[220]">&gt;&gt;</a>&nbsp;&nbsp;&nbsp;autoip_start
</UL>

<P><STRONG><a name="[21f]"></a>autoip_create_addr</STRONG> (Thumb, 86 bytes, Stack size 24 bytes, autoip.o(.text))
<BR><BR>[Stack]<UL><LI>Max Depth = 28<LI>Call Chain = autoip_create_addr &rArr; ntohl
</UL>
<BR>[Calls]<UL><LI><a href="#[11f]">&gt;&gt;</a>&nbsp;&nbsp;&nbsp;htonl
<LI><a href="#[20d]">&gt;&gt;</a>&nbsp;&nbsp;&nbsp;ntohl
</UL>
<BR>[Called By]<UL><LI><a href="#[220]">&gt;&gt;</a>&nbsp;&nbsp;&nbsp;autoip_start
</UL>

<P><STRONG><a name="[224]"></a>autoip_arp_announce</STRONG> (Thumb, 36 bytes, Stack size 24 bytes, autoip.o(.text))
<BR><BR>[Stack]<UL><LI>Max Depth = 180<LI>Call Chain = autoip_arp_announce &rArr; etharp_raw &rArr; pbuf_alloc &rArr; pbuf_free &rArr; mem_free &rArr; plug_holes
</UL>
<BR>[Calls]<UL><LI><a href="#[225]">&gt;&gt;</a>&nbsp;&nbsp;&nbsp;etharp_raw
</UL>
<BR>[Called By]<UL><LI><a href="#[22b]">&gt;&gt;</a>&nbsp;&nbsp;&nbsp;autoip_tmr
<LI><a href="#[226]">&gt;&gt;</a>&nbsp;&nbsp;&nbsp;autoip_handle_arp_conflict
</UL>

<P><STRONG><a name="[226]"></a>autoip_handle_arp_conflict</STRONG> (Thumb, 46 bytes, Stack size 16 bytes, autoip.o(.text))
<BR><BR>[Stack]<UL><LI>Max Depth = 196<LI>Call Chain = autoip_handle_arp_conflict &rArr; autoip_arp_announce &rArr; etharp_raw &rArr; pbuf_alloc &rArr; pbuf_free &rArr; mem_free &rArr; plug_holes
</UL>
<BR>[Calls]<UL><LI><a href="#[220]">&gt;&gt;</a>&nbsp;&nbsp;&nbsp;autoip_start
<LI><a href="#[224]">&gt;&gt;</a>&nbsp;&nbsp;&nbsp;autoip_arp_announce
</UL>
<BR>[Called By]<UL><LI><a href="#[22c]">&gt;&gt;</a>&nbsp;&nbsp;&nbsp;autoip_arp_reply
</UL>

<P><STRONG><a name="[227]"></a>autoip_arp_probe</STRONG> (Thumb, 38 bytes, Stack size 24 bytes, autoip.o(.text), UNUSED)
<BR><BR>[Calls]<UL><LI><a href="#[225]">&gt;&gt;</a>&nbsp;&nbsp;&nbsp;etharp_raw
</UL>
<BR>[Called By]<UL><LI><a href="#[22b]">&gt;&gt;</a>&nbsp;&nbsp;&nbsp;autoip_tmr
</UL>

<P><STRONG><a name="[228]"></a>autoip_bind</STRONG> (Thumb, 56 bytes, Stack size 24 bytes, autoip.o(.text), UNUSED)
<BR><BR>[Calls]<UL><LI><a href="#[122]">&gt;&gt;</a>&nbsp;&nbsp;&nbsp;netif_set_up
<LI><a href="#[11f]">&gt;&gt;</a>&nbsp;&nbsp;&nbsp;htonl
<LI><a href="#[1d8]">&gt;&gt;</a>&nbsp;&nbsp;&nbsp;netif_set_ipaddr
<LI><a href="#[1db]">&gt;&gt;</a>&nbsp;&nbsp;&nbsp;netif_set_netmask
<LI><a href="#[1dc]">&gt;&gt;</a>&nbsp;&nbsp;&nbsp;netif_set_gw
</UL>
<BR>[Called By]<UL><LI><a href="#[22b]">&gt;&gt;</a>&nbsp;&nbsp;&nbsp;autoip_tmr
</UL>

<P><STRONG><a name="[230]"></a>icmp_send_response</STRONG> (Thumb, 108 bytes, Stack size 40 bytes, icmp.o(.text))
<BR><BR>[Stack]<UL><LI>Max Depth = 292<LI>Call Chain = icmp_send_response &rArr; ip_output &rArr; ip_output_if &rArr; ip_frag &rArr; pbuf_alloc &rArr; pbuf_free &rArr; mem_free &rArr; plug_holes
</UL>
<BR>[Calls]<UL><LI><a href="#[108]">&gt;&gt;</a>&nbsp;&nbsp;&nbsp;pbuf_free
<LI><a href="#[129]">&gt;&gt;</a>&nbsp;&nbsp;&nbsp;pbuf_alloc
<LI><a href="#[231]">&gt;&gt;</a>&nbsp;&nbsp;&nbsp;inet_chksum
<LI><a href="#[218]">&gt;&gt;</a>&nbsp;&nbsp;&nbsp;ip_output
<LI><a href="#[166]">&gt;&gt;</a>&nbsp;&nbsp;&nbsp;__aeabi_memcpy
</UL>
<BR>[Called By]<UL><LI><a href="#[232]">&gt;&gt;</a>&nbsp;&nbsp;&nbsp;icmp_time_exceeded
<LI><a href="#[21b]">&gt;&gt;</a>&nbsp;&nbsp;&nbsp;icmp_dest_unreach
</UL>

<P><STRONG><a name="[235]"></a>lwip_standard_chksum</STRONG> (Thumb, 74 bytes, Stack size 24 bytes, inet_chksum.o(.text))
<BR><BR>[Stack]<UL><LI>Max Depth = 24<LI>Call Chain = lwip_standard_chksum
</UL>
<BR>[Calls]<UL><LI><a href="#[20e]">&gt;&gt;</a>&nbsp;&nbsp;&nbsp;htons
</UL>
<BR>[Called By]<UL><LI><a href="#[236]">&gt;&gt;</a>&nbsp;&nbsp;&nbsp;inet_chksum_pseudo
<LI><a href="#[22f]">&gt;&gt;</a>&nbsp;&nbsp;&nbsp;inet_chksum_pbuf
<LI><a href="#[231]">&gt;&gt;</a>&nbsp;&nbsp;&nbsp;inet_chksum
</UL>

<P><STRONG><a name="[23a]"></a>ip_reass_dequeue_datagram</STRONG> (Thumb, 40 bytes, Stack size 16 bytes, ip_frag.o(.text))
<BR><BR>[Stack]<UL><LI>Max Depth = 16<LI>Call Chain = ip_reass_dequeue_datagram
</UL>
<BR>[Calls]<UL><LI><a href="#[1df]">&gt;&gt;</a>&nbsp;&nbsp;&nbsp;memp_free
</UL>
<BR>[Called By]<UL><LI><a href="#[23b]">&gt;&gt;</a>&nbsp;&nbsp;&nbsp;ip_reass_free_complete_datagram
<LI><a href="#[238]">&gt;&gt;</a>&nbsp;&nbsp;&nbsp;ip_reass
</UL>

<P><STRONG><a name="[23b]"></a>ip_reass_free_complete_datagram</STRONG> (Thumb, 130 bytes, Stack size 32 bytes, ip_frag.o(.text))
<BR><BR>[Stack]<UL><LI>Max Depth = 340<LI>Call Chain = ip_reass_free_complete_datagram &rArr; icmp_time_exceeded &rArr; icmp_send_response &rArr; ip_output &rArr; ip_output_if &rArr; ip_frag &rArr; pbuf_alloc &rArr; pbuf_free &rArr; mem_free &rArr; plug_holes
</UL>
<BR>[Calls]<UL><LI><a href="#[108]">&gt;&gt;</a>&nbsp;&nbsp;&nbsp;pbuf_free
<LI><a href="#[23a]">&gt;&gt;</a>&nbsp;&nbsp;&nbsp;ip_reass_dequeue_datagram
<LI><a href="#[232]">&gt;&gt;</a>&nbsp;&nbsp;&nbsp;icmp_time_exceeded
<LI><a href="#[20c]">&gt;&gt;</a>&nbsp;&nbsp;&nbsp;pbuf_clen
<LI><a href="#[166]">&gt;&gt;</a>&nbsp;&nbsp;&nbsp;__aeabi_memcpy
</UL>
<BR>[Called By]<UL><LI><a href="#[23c]">&gt;&gt;</a>&nbsp;&nbsp;&nbsp;ip_reass_tmr
<LI><a href="#[23d]">&gt;&gt;</a>&nbsp;&nbsp;&nbsp;ip_reass_remove_oldest_datagram
</UL>

<P><STRONG><a name="[23d]"></a>ip_reass_remove_oldest_datagram</STRONG> (Thumb, 118 bytes, Stack size 40 bytes, ip_frag.o(.text))
<BR><BR>[Stack]<UL><LI>Max Depth = 380<LI>Call Chain = ip_reass_remove_oldest_datagram &rArr; ip_reass_free_complete_datagram &rArr; icmp_time_exceeded &rArr; icmp_send_response &rArr; ip_output &rArr; ip_output_if &rArr; ip_frag &rArr; pbuf_alloc &rArr; pbuf_free &rArr; mem_free &rArr; plug_holes
</UL>
<BR>[Calls]<UL><LI><a href="#[23b]">&gt;&gt;</a>&nbsp;&nbsp;&nbsp;ip_reass_free_complete_datagram
</UL>
<BR>[Called By]<UL><LI><a href="#[23e]">&gt;&gt;</a>&nbsp;&nbsp;&nbsp;ip_reass_enqueue_new_datagram
<LI><a href="#[238]">&gt;&gt;</a>&nbsp;&nbsp;&nbsp;ip_reass
</UL>

<P><STRONG><a name="[23e]"></a>ip_reass_enqueue_new_datagram</STRONG> (Thumb, 80 bytes, Stack size 16 bytes, ip_frag.o(.text))
<BR><BR>[Stack]<UL><LI>Max Depth = 396<LI>Call Chain = ip_reass_enqueue_new_datagram &rArr; ip_reass_remove_oldest_datagram &rArr; ip_reass_free_complete_datagram &rArr; icmp_time_exceeded &rArr; icmp_send_response &rArr; ip_output &rArr; ip_output_if &rArr; ip_frag &rArr; pbuf_alloc &rArr; pbuf_free &rArr; mem_free &rArr; plug_holes
</UL>
<BR>[Calls]<UL><LI><a href="#[23d]">&gt;&gt;</a>&nbsp;&nbsp;&nbsp;ip_reass_remove_oldest_datagram
<LI><a href="#[1e0]">&gt;&gt;</a>&nbsp;&nbsp;&nbsp;memp_malloc
<LI><a href="#[199]">&gt;&gt;</a>&nbsp;&nbsp;&nbsp;__aeabi_memclr4
<LI><a href="#[166]">&gt;&gt;</a>&nbsp;&nbsp;&nbsp;__aeabi_memcpy
</UL>
<BR>[Called By]<UL><LI><a href="#[238]">&gt;&gt;</a>&nbsp;&nbsp;&nbsp;ip_reass
</UL>

<P><STRONG><a name="[23f]"></a>ip_reass_chain_frag_into_datagram_and_validate</STRONG> (Thumb, 354 bytes, Stack size 48 bytes, ip_frag.o(.text))
<BR><BR>[Stack]<UL><LI>Max Depth = 100<LI>Call Chain = ip_reass_chain_frag_into_datagram_and_validate &rArr; pbuf_free &rArr; mem_free &rArr; plug_holes
</UL>
<BR>[Calls]<UL><LI><a href="#[108]">&gt;&gt;</a>&nbsp;&nbsp;&nbsp;pbuf_free
<LI><a href="#[1eb]">&gt;&gt;</a>&nbsp;&nbsp;&nbsp;ntohs
<LI><a href="#[20c]">&gt;&gt;</a>&nbsp;&nbsp;&nbsp;pbuf_clen
</UL>
<BR>[Called By]<UL><LI><a href="#[238]">&gt;&gt;</a>&nbsp;&nbsp;&nbsp;ip_reass
</UL>

<P><STRONG><a name="[240]"></a>free_etharp_q</STRONG> (Thumb, 42 bytes, Stack size 16 bytes, etharp.o(.text))
<BR><BR>[Stack]<UL><LI>Max Depth = 68<LI>Call Chain = free_etharp_q &rArr; pbuf_free &rArr; mem_free &rArr; plug_holes
</UL>
<BR>[Calls]<UL><LI><a href="#[108]">&gt;&gt;</a>&nbsp;&nbsp;&nbsp;pbuf_free
<LI><a href="#[1df]">&gt;&gt;</a>&nbsp;&nbsp;&nbsp;memp_free
</UL>
<BR>[Called By]<UL><LI><a href="#[127]">&gt;&gt;</a>&nbsp;&nbsp;&nbsp;etharp_tmr
<LI><a href="#[241]">&gt;&gt;</a>&nbsp;&nbsp;&nbsp;find_entry
</UL>

<P><STRONG><a name="[241]"></a>find_entry</STRONG> (Thumb, 482 bytes, Stack size 48 bytes, etharp.o(.text))
<BR><BR>[Stack]<UL><LI>Max Depth = 116<LI>Call Chain = find_entry &rArr; free_etharp_q &rArr; pbuf_free &rArr; mem_free &rArr; plug_holes
</UL>
<BR>[Calls]<UL><LI><a href="#[240]">&gt;&gt;</a>&nbsp;&nbsp;&nbsp;free_etharp_q
</UL>
<BR>[Called By]<UL><LI><a href="#[247]">&gt;&gt;</a>&nbsp;&nbsp;&nbsp;etharp_query
<LI><a href="#[244]">&gt;&gt;</a>&nbsp;&nbsp;&nbsp;etharp_find_addr
<LI><a href="#[243]">&gt;&gt;</a>&nbsp;&nbsp;&nbsp;update_arp_entry
</UL>

<P><STRONG><a name="[242]"></a>etharp_send_ip</STRONG> (Thumb, 66 bytes, Stack size 32 bytes, etharp.o(.text))
<BR><BR>[Stack]<UL><LI>Max Depth = 32<LI>Call Chain = etharp_send_ip
</UL>
<BR>[Calls]<UL><LI><a href="#[20e]">&gt;&gt;</a>&nbsp;&nbsp;&nbsp;htons
</UL>
<BR>[Called By]<UL><LI><a href="#[66]">&gt;&gt;</a>&nbsp;&nbsp;&nbsp;etharp_output
<LI><a href="#[247]">&gt;&gt;</a>&nbsp;&nbsp;&nbsp;etharp_query
<LI><a href="#[243]">&gt;&gt;</a>&nbsp;&nbsp;&nbsp;update_arp_entry
</UL>

<P><STRONG><a name="[243]"></a>update_arp_entry</STRONG> (Thumb, 232 bytes, Stack size 40 bytes, etharp.o(.text))
<BR><BR>[Stack]<UL><LI>Max Depth = 156<LI>Call Chain = update_arp_entry &rArr; find_entry &rArr; free_etharp_q &rArr; pbuf_free &rArr; mem_free &rArr; plug_holes
</UL>
<BR>[Calls]<UL><LI><a href="#[108]">&gt;&gt;</a>&nbsp;&nbsp;&nbsp;pbuf_free
<LI><a href="#[242]">&gt;&gt;</a>&nbsp;&nbsp;&nbsp;etharp_send_ip
<LI><a href="#[241]">&gt;&gt;</a>&nbsp;&nbsp;&nbsp;find_entry
<LI><a href="#[20d]">&gt;&gt;</a>&nbsp;&nbsp;&nbsp;ntohl
<LI><a href="#[216]">&gt;&gt;</a>&nbsp;&nbsp;&nbsp;ip_addr_isbroadcast
<LI><a href="#[1df]">&gt;&gt;</a>&nbsp;&nbsp;&nbsp;memp_free
</UL>
<BR>[Called By]<UL><LI><a href="#[246]">&gt;&gt;</a>&nbsp;&nbsp;&nbsp;etharp_arp_input
<LI><a href="#[245]">&gt;&gt;</a>&nbsp;&nbsp;&nbsp;etharp_ip_input
</UL>

<P><STRONG><a name="[248]"></a>low_level_init</STRONG> (Thumb, 130 bytes, Stack size 16 bytes, ethernetif.o(.text))
<BR><BR>[Stack]<UL><LI>Max Depth = 32<LI>Call Chain = low_level_init &rArr; ETH_DMARxDescChainInit
</UL>
<BR>[Calls]<UL><LI><a href="#[24c]">&gt;&gt;</a>&nbsp;&nbsp;&nbsp;ETH_DMATxDescChecksumInsertionConfig
<LI><a href="#[24a]">&gt;&gt;</a>&nbsp;&nbsp;&nbsp;ETH_DMATxDescChainInit
<LI><a href="#[24b]">&gt;&gt;</a>&nbsp;&nbsp;&nbsp;ETH_DMARxDescChainInit
<LI><a href="#[249]">&gt;&gt;</a>&nbsp;&nbsp;&nbsp;ETH_MACAddressConfig
<LI><a href="#[1cb]">&gt;&gt;</a>&nbsp;&nbsp;&nbsp;ETH_Start
</UL>
<BR>[Called By]<UL><LI><a href="#[5d]">&gt;&gt;</a>&nbsp;&nbsp;&nbsp;ethernetif_init
</UL>

<P><STRONG><a name="[67]"></a>low_level_output</STRONG> (Thumb, 52 bytes, Stack size 24 bytes, ethernetif.o(.text))
<BR><BR>[Stack]<UL><LI>Max Depth = 40<LI>Call Chain = low_level_output &rArr; ETH_Prepare_Transmit_Descriptors
</UL>
<BR>[Calls]<UL><LI><a href="#[24d]">&gt;&gt;</a>&nbsp;&nbsp;&nbsp;ETH_Prepare_Transmit_Descriptors
<LI><a href="#[166]">&gt;&gt;</a>&nbsp;&nbsp;&nbsp;__aeabi_memcpy
</UL>
<BR>[Address Reference Count : 1]<UL><LI> ethernetif.o(.text)
</UL>
<P><STRONG><a name="[24e]"></a>low_level_input</STRONG> (Thumb, 162 bytes, Stack size 64 bytes, ethernetif.o(.text))
<BR><BR>[Stack]<UL><LI>Max Depth = 156<LI>Call Chain = low_level_input &rArr; pbuf_alloc &rArr; pbuf_free &rArr; mem_free &rArr; plug_holes
</UL>
<BR>[Calls]<UL><LI><a href="#[129]">&gt;&gt;</a>&nbsp;&nbsp;&nbsp;pbuf_alloc
<LI><a href="#[24f]">&gt;&gt;</a>&nbsp;&nbsp;&nbsp;ETH_Get_Received_Frame
<LI><a href="#[166]">&gt;&gt;</a>&nbsp;&nbsp;&nbsp;__aeabi_memcpy
</UL>
<BR>[Called By]<UL><LI><a href="#[124]">&gt;&gt;</a>&nbsp;&nbsp;&nbsp;ethernetif_input
</UL>

<P><STRONG><a name="[25c]"></a>_printf_core</STRONG> (Thumb, 436 bytes, Stack size 96 bytes, printf3.o(i._printf_core), UNUSED)
<BR><BR>[Calls]<UL><LI><a href="#[262]">&gt;&gt;</a>&nbsp;&nbsp;&nbsp;__aeabi_uidivmod
</UL>
<BR>[Called By]<UL><LI><a href="#[25b]">&gt;&gt;</a>&nbsp;&nbsp;&nbsp;__0sprintf$3
</UL>

<P><STRONG><a name="[68]"></a>_sputc</STRONG> (Thumb, 10 bytes, Stack size 0 bytes, printf3.o(i._sputc))
<BR><BR>[Called By]<UL><LI><a href="#[25b]">&gt;&gt;</a>&nbsp;&nbsp;&nbsp;__0sprintf$3
</UL>
<BR>[Address Reference Count : 1]<UL><LI> printf3.o(i.__0sprintf$3)
</UL><P>
<H3>
Undefined Global Symbols
</H3><HR></body></html>
