<html>
<body>
<pre>
<h1>礦ision Build Log</h1>
<h2>Tool Versions:</h2>
IDE-Version: μVision V5.14.0.0
Copyright (C) 2015 ARM Ltd and ARM Germany GmbH. All rights reserved.
License Information: ww Microsoft, Microsoft, LIC=EXJUH-W7DQQ-BSNYX-HNGB7-AGN9C-X07JH
 
Tool Versions:
Toolchain:       MDK-ARM Standard  Version: 5.14.0.0
Toolchain Path:  C:\Keil_v5\ARM\ARMCC\Bin
C Compiler:      Armcc.exe V5.05 update 1 (build 106)
Assembler:       Armasm.exe V5.05 update 1 (build 106)
Linker/Locator:  ArmLink.exe V5.05 update 1 (build 106)
Library Manager: ArmAr.exe V5.05 update 1 (build 106)
Hex Converter:   FromElf.exe V5.05 update 1 (build 106)
CPU DLL:         SARMCM3.DLL V5.14.0.0
Dialog DLL:      DCM.DLL V1.13.1.0
Target DLL:      Segger\JL2CM3.dll V2.99.13.0
Dialog DLL:      TCM.DLL V1.14.4.0
 
<h2>Project:</h2>
D:\PIS\PIS-file\广播控制盒PIS\工程历史压缩文件\宁波地铁2号线 功率放大器V1.0\宁波地铁2号线 功率放大器V1.0\宁波地铁2号线 功率放大器-源程序V1.0\PisAmp.uvprojx
Project File Date:  08/25/2020

<h2>Output:</h2>
Build target 'PisAmp'
compiling main.c...
compiling MyApp.c...
compiling MyBoard.c...
compiling MyMiscFunc.c...
compiling MyNet.c...
compiling MyEthernet.c...
compiling stm32f2xx_it.c...
compiling MyTimer.c...
compiling MyLwip.c...
compiling MyI2c.c...
compiling MySwitch.c...
compiling MyI2s.c...
compiling MyAudioSample.c...
compiling MyAudio.c...
compiling MyProtocol.c...
compiling MyHttpd.c...
mycode\MyHttpd.c(82): warning:  #177-D: function "http_state_free" was declared but never referenced
  static void http_state_free(struct http_state *hs)
mycode\MyHttpd.c: 1 warning, 0 errors
compiling MyFlash.c...
compiling MyStorage.c...
compiling MyCommander.c...
compiling MyAdc.c...
compiling MyKey.c...
compiling MyNoise.c...
compiling MySelfTest.c...
compiling misc.c...
compiling stm32f2xx_dbgmcu.c...
compiling stm32f2xx_dma.c...
compiling stm32f2xx_exti.c...
compiling stm32f2xx_flash.c...
compiling stm32f2xx_gpio.c...
compiling stm32f2xx_i2c.c...
compiling stm32f2xx_pwr.c...
compiling stm32f2xx_rcc.c...
compiling stm32f2xx_spi.c...
compiling stm32f2xx_syscfg.c...
compiling stm32f2xx_tim.c...
compiling stm32f2xx_usart.c...
compiling stm32f2xx_adc.c...
assembling startup_stm32f2xx.s...
compiling system_stm32f2xx.c...
compiling core_cm3.c...
compiling stm32f2x7_eth.c...
eth_driver\stm32f2x7_eth.c(273): warning:  #177-D: variable "RegValue" was declared but never referenced
    uint32_t RegValue = 0, tmpreg = 0;
eth_driver\stm32f2x7_eth.c: 1 warning, 0 errors
compiling api_lib.c...
compiling api_msg.c...
compiling err.c...
compiling netbuf.c...
compiling netdb.c...
compiling netifapi.c...
compiling sockets.c...
compiling tcpip.c...
compiling init.c...
compiling mem.c...
lwip_v1.3.2\src\core\mem.c(184): warning:  #550-D: variable "mem_sem" was set but never used
  static sys_sem_t mem_sem;
lwip_v1.3.2\src\core\mem.c: 1 warning, 0 errors
compiling memp.c...
compiling netif.c...
compiling pbuf.c...
compiling raw.c...
compiling stats.c...
compiling sys.c...
compiling tcp.c...
compiling tcp_in.c...
compiling tcp_out.c...
lwip_v1.3.2\src\core\tcp_out.c(465): warning:  #550-D: variable "tcphdr" was set but never used
    struct tcp_hdr *tcphdr;
lwip_v1.3.2\src\core\tcp_out.c(935): warning:  #550-D: variable "tcphdr" was set but never used
    struct tcp_hdr *tcphdr;
lwip_v1.3.2\src\core\tcp_out.c: 2 warnings, 0 errors
compiling udp.c...
compiling autoip.c...
compiling icmp.c...
compiling igmp.c...
compiling inet.c...
compiling inet_chksum.c...
compiling ip.c...
compiling ip_addr.c...
compiling ip_frag.c...
compiling etharp.c...
compiling loopif.c...
compiling slipif.c...
compiling ethernetif.c...
compiling dhcp.c...
linking...
Program Size: Code=61244 RO-data=10816 RW-data=1200 ZI-data=90024  
FromELF: creating hex file...
".\Out\PisAmp.axf" - 0 Error(s), 5 Warning(s).

<h2>Software Packages used:</h2>

Package Vendor: ARM
                http://www.keil.com/pack/ARM.CMSIS.4.2.0.pack
                ARM::CMSIS:CORE:3.40.0
                CMSIS (Cortex Microcontroller Software Interface Standard)
   * Component: CORE Version: 3.40.0

<h2>Collection of Component include folders:</h2>
  D:\PIS\PIS-file\广播控制盒PIS\工程历史压缩文件\宁波地铁2号线 功率放大器V1.0\宁波地铁2号线 功率放大器V1.0\宁波地铁2号线 功率放大器-源程序V1.0\RTE
  C:\Keil_v5\ARM\PACK\ARM\CMSIS\4.2.0\CMSIS\Include
  C:\Keil_v5\ARM\PACK\ARM\CMSIS\4.2.0\Device\ARM\ARMCM3\Include

<h2>Collection of Component Files used:</h2>

   * Component: ARM::CMSIS:CORE:3.40.0
      Source file:   CMSIS\UserCodeTemplates\ARM\ITM_Retarget.c
</pre>
</body>
</html>
