<html>
<body>
<pre>
<h1>礦ision Build Log</h1>
<h2>Tool Versions:</h2>
IDE-Version: μVision V5.14.0.0
Copyright (C) 2015 ARM Ltd and ARM Germany GmbH. All rights reserved.
License Information: ww Microsoft, Microsoft, LIC=EXJUH-W7DQQ-BSNYX-HNGB7-AGN9C-X07JH
 
Tool Versions:
Toolchain:       MDK-ARM Standard  Version: 5.14.0.0
Toolchain Path:  C:\Keil_v5\ARM\ARMCC\Bin
C Compiler:      Armcc.exe V5.05 update 1 (build 106)
Assembler:       Armasm.exe V5.05 update 1 (build 106)
Linker/Locator:  ArmLink.exe V5.05 update 1 (build 106)
Library Manager: ArmAr.exe V5.05 update 1 (build 106)
Hex Converter:   FromElf.exe V5.05 update 1 (build 106)
CPU DLL:         SARMCM3.DLL V5.14.0.0
Dialog DLL:      DCM.DLL V1.13.1.0
Target DLL:      Segger\JL2CM3.dll V2.99.13.0
Dialog DLL:      TCM.DLL V1.14.4.0
 
<h2>Project:</h2>
D:\PIS\PIS-file\广播控制盒PIS\工程历史压缩文件\564司机室终点站LED屏\564司机室终点站LED屏\软件\src\iap_proj\keil_proj\proj\dvlp_prj.uvprojx
Project File Date:  05/31/2021

<h2>Output:</h2>
Rebuild target 'Target 1'
compiling main.c...
compiling mem_str.c...
compiling p_sys.c...
compiling hc595.c...
compiling MyApp.c...
compiling MyAudio.c...
compiling MyAudioSample.c...
compiling MyBoard.c...
compiling MyCommander.c...
compiling MyEthernet.c...
compiling MyFlash.c...
compiling MyHttpd.c...
..\src\driver\drv_bsp\MyHttpd.c(88): warning:  #177-D: function "http_state_free" was declared but never referenced
  static void http_state_free(struct http_state *hs)
..\src\driver\drv_bsp\MyHttpd.c: 1 warning, 0 errors
compiling MyI2c.c...
compiling MyI2s.c...
compiling MyLwip.c...
compiling MyMiscFunc.c...
compiling MyNet.c...
compiling MyProtocol.c...
compiling MyStorage.c...
compiling MySwitch.c...
compiling MyTimer.c...
compiling stm32f2xx_it.c...
compiling bsp_dev_id.c...
compiling core_cm3.c...
assembling startup_stm32f2xx.s...
compiling system_stm32f2xx.c...
compiling stm32f2x7_eth.c...
..\src\driver\drv_ether\stm32f2x7_eth.c(273): warning:  #177-D: variable "RegValue" was declared but never referenced
    uint32_t RegValue = 0, tmpreg = 0;
..\src\driver\drv_ether\stm32f2x7_eth.c: 1 warning, 0 errors
compiling api_lib.c...
compiling api_msg.c...
compiling err.c...
compiling netbuf.c...
compiling netdb.c...
compiling netifapi.c...
compiling sockets.c...
compiling tcpip.c...
compiling init.c...
compiling mem.c...
..\src\driver\drv_lwip_v1.3.2\src\core\mem.c(184): warning:  #550-D: variable "mem_sem" was set but never used
  static sys_sem_t mem_sem;
..\src\driver\drv_lwip_v1.3.2\src\core\mem.c: 1 warning, 0 errors
compiling memp.c...
compiling netif.c...
compiling pbuf.c...
compiling raw.c...
compiling stats.c...
compiling sys.c...
compiling tcp.c...
compiling tcp_in.c...
compiling tcp_out.c...
..\src\driver\drv_lwip_v1.3.2\src\core\tcp_out.c(465): warning:  #550-D: variable "tcphdr" was set but never used
    struct tcp_hdr *tcphdr;
..\src\driver\drv_lwip_v1.3.2\src\core\tcp_out.c(935): warning:  #550-D: variable "tcphdr" was set but never used
    struct tcp_hdr *tcphdr;
..\src\driver\drv_lwip_v1.3.2\src\core\tcp_out.c: 2 warnings, 0 errors
compiling udp.c...
compiling autoip.c...
compiling icmp.c...
compiling igmp.c...
compiling inet.c...
compiling inet_chksum.c...
compiling ip.c...
compiling ip_addr.c...
compiling ip_frag.c...
compiling etharp.c...
compiling loopif.c...
compiling slipif.c...
compiling dhcp.c...
compiling ethernetif.c...
compiling misc.c...
compiling stm32f2xx_dbgmcu.c...
compiling stm32f2xx_dma.c...
compiling stm32f2xx_exti.c...
compiling stm32f2xx_flash.c...
compiling stm32f2xx_gpio.c...
compiling stm32f2xx_i2c.c...
compiling stm32f2xx_pwr.c...
compiling stm32f2xx_rcc.c...
compiling stm32f2xx_spi.c...
compiling stm32f2xx_syscfg.c...
compiling stm32f2xx_tim.c...
compiling stm32f2xx_usart.c...
compiling process_led.c...
compiling process_net.c...
compiling process_ledscreen.c...
compiling flash_if.c...
compiling tftpserver.c...
compiling tftp_cli.c...
linking...
Program Size: Code=59148 RO-data=25396 RW-data=1108 ZI-data=99204  
FromELF: creating hex file...
After Build - User command #1: C:\Keil_v5\ARM\BIN40\fromelf.exe --bin --output ./bin/dvlp_prj.bin ./out/dvlp_prj.axf
*** Error: CreateProcess failed, Command: 'C:\Keil_v5\ARM\BIN40\fromelf.exe --bin --output ./bin/dvlp_prj.bin ./out/dvlp_prj.axf'
".\out\dvlp_prj.axf" - 1 Error(s), 5 Warning(s).

<h2>Collection of Component include folders:</h2>
  D:\PIS\PIS-file\广播控制盒PIS\工程历史压缩文件\564司机室终点站LED屏\564司机室终点站LED屏\软件\src\iap_proj\keil_proj\proj\RTE
  C:\Keil_v5\ARM\PACK\ARM\CMSIS\4.2.0\Device\ARM\ARMCM3\Include

<h2>Collection of Component Files used:</h2>
Target not created.
</pre>
</body>
</html>
