Component: ARM Compiler 5.06 update 6 (build 750) Tool: armlink [4d35ed]

==============================================================================

Section Cross References

    main.o(.text) refers to mytimer.o(.text) for SysTick_Init
    main.o(.text) refers to myboard.o(.text) for RCC_Configuration
    main.o(.text) refers to mymiscfunc.o(.text) for Delay
    main.o(.text) refers to myapp.o(.text) for AppInit
    main.o(.text) refers to mystorage.o(.text) for StorageInit
    main.o(.text) refers to mynet.o(.text) for NetInit
    main.o(.text) refers to mytftpclient.o(.text) for TftpClientInit
    main.o(.text) refers to myaudio.o(.text) for AudioInit
    main.o(.text) refers to myflash.o(.text) for FlashReadWord
    main.o(.text) refers to mylwip.o(.text) for LwipProcess
    main.o(.text) refers to rand.o(.text) for rand
    main.o(.text) refers to mytimer.o(.data) for MyTmCnt5000ms
    main.o(.text) refers to myapp.o(.data) for Addr
    main.o(.text) refers to main.o(.data) for tmp
    myadc.o(.text) refers to stm32f2xx_rcc.o(.text) for RCC_AHB1PeriphClockCmd
    myadc.o(.text) refers to stm32f2xx_dma.o(.text) for DMA_Init
    myadc.o(.text) refers to stm32f2xx_gpio.o(.text) for GPIO_Init
    myadc.o(.text) refers to stm32f2xx_adc.o(.text) for ADC_CommonInit
    myadc.o(.text) refers to myaudio.o(.text) for AudioSetNdOffset
    myadc.o(.text) refers to myadc.o(.bss) for AdcConvertedValue
    myadc.o(.text) refers to myadc.o(.data) for temp1
    myadc.o(.text) refers to mynoise.o(.bss) for Noise1Buf
    myadc.o(.text) refers to mytimer.o(.data) for MyNoiseSampleFlag
    myapp.o(.text) refers to myboard.o(.text) for GetAddress
    myapp.o(.text) refers to mymiscfunc.o(.text) for Delay
    myapp.o(.text) refers to myadc.o(.text) for AdcInit
    myapp.o(.text) refers to mykey.o(.text) for KeyInit
    myapp.o(.text) refers to myselftest.o(.text) for SelfTestInit
    myapp.o(.text) refers to myramfunc.o(.text) for ram_function
    myapp.o(.text) refers to myi2s.o(.text) for I2sOff
    myapp.o(.text) refers to mylwip.o(.text) for LwipOff
    myapp.o(.text) refers to mytimer.o(.text) for TimerOff
    myapp.o(.text) refers to mycommander.o(.text) for CommanderInit
    myapp.o(.text) refers to myaudio.o(.text) for AudioSetVolume
    myapp.o(.text) refers to myapp.o(.data) for AppVersion1
    myapp.o(.text) refers to myapp.o(.bss) for LedBrightness
    myapp.o(.text) refers to mykey.o(.data) for KeyValue
    myapp.o(.text) refers to myaudio.o(.data) for AudioVolume
    myapp.o(.text) refers to mystorage.o(.text) for StorageInfoSave
    myaudio.o(.text) refers to soundcard.o(.text) for soundcard_set_output_vol
    myaudio.o(.text) refers to mystorage.o(.text) for StorageInfoSave
    myaudio.o(.text) refers to mymiscfunc.o(.text) for Delay
    myaudio.o(.text) refers to myi2s.o(.text) for I2s2_Init
    myaudio.o(.text) refers to memcpya.o(.text) for __aeabi_memcpy
    myaudio.o(.text) refers to memseta.o(.text) for __aeabi_memclr
    myaudio.o(.text) refers to myaudio.o(.data) for AudioVolume
    myaudio.o(.text) refers to mynoise.o(.data) for NoiseMode
    myaudio.o(.text) refers to myaudio.o(.bss) for PlayLeftFifo
    myaudio.o(.text) refers to myaudiosample.o(.constdata) for Sin100Sample
    myaudio.o(.text) refers to myi2s.o(.data) for DmaPlayFlag
    myaudio.o(.text) refers to myapp.o(.data) for AppStartFlag
    myaudio.o(.text) refers to mynet.o(.text) for NetTalkTestLeftSend
    myaudio.o(.text) refers to myi2c.o(.text) for PT2257Write
    myaudio.o(.text) refers to myboard.o(.text) for GetEme
    myboard.o(.text) refers to stm32f2xx_rcc.o(.text) for RCC_AHB1PeriphClockCmd
    myboard.o(.text) refers to stm32f2xx_gpio.o(.text) for GPIO_Init
    myboard.o(.text) refers to stm32f2xx_wwdg.o(.text) for WWDG_DeInit
    mycommander.o(.text) refers to strlen.o(.text) for strlen
    mycommander.o(.text) refers to mylwip.o(.text) for UdpCommanderSend
    mycommander.o(.text) refers to memseta.o(.text) for __aeabi_memclr
    mycommander.o(.text) refers to printf3.o(i.__0sprintf$3) for __2sprintf
    mycommander.o(.text) refers to memcpya.o(.text) for __aeabi_memcpy4
    mycommander.o(.text) refers to myadc.o(.text) for AdcGetValue2
    mycommander.o(.text) refers to myboard.o(.text) for GetNoise2Detect
    mycommander.o(.text) refers to mymiscfunc.o(.text) for LineToWords
    mycommander.o(.text) refers to strcmp.o(.text) for strcmp
    mycommander.o(.text) refers to mynet.o(.text) for NetSetLocalIp4
    mycommander.o(.text) refers to mycommander.o(.bss) for OutStr
    mycommander.o(.text) refers to myi2c.o(.data) for I2cError
    mycommander.o(.text) refers to myapp.o(.data) for TrainId
    mycommander.o(.text) refers to mynet.o(.data) for NetLocalIp
    mycommander.o(.text) refers to mycommander.o(.conststring) for .conststring
    mycommander.o(.text) refers to mycommander.o(.data) for CommanderSendAdcValueFlag
    mycommander.o(.text) refers to myaudio.o(.data) for SampleR
[...]
    FLASH_EraseSector                        0x0800d009   Thumb Code   140  stm32f2xx_flash.o(.text)
    FLASH_EraseAllSectors                    0x0800d095   Thumb Code   112  stm32f2xx_flash.o(.text)
    FLASH_ProgramDoubleWord                  0x0800d105   Thumb Code    86  stm32f2xx_flash.o(.text)
    FLASH_ProgramWord                        0x0800d15b   Thumb Code    82  stm32f2xx_flash.o(.text)
    FLASH_ProgramHalfWord                    0x0800d1ad   Thumb Code    82  stm32f2xx_flash.o(.text)
    FLASH_ProgramByte                        0x0800d1ff   Thumb Code    78  stm32f2xx_flash.o(.text)
    FLASH_OB_Unlock                          0x0800d24d   Thumb Code    26  stm32f2xx_flash.o(.text)
    FLASH_OB_Lock                            0x0800d267   Thumb Code    18  stm32f2xx_flash.o(.text)
    FLASH_OB_WRPConfig                       0x0800d279   Thumb Code    54  stm32f2xx_flash.o(.text)
    FLASH_OB_RDPConfig                       0x0800d2af   Thumb Code    24  stm32f2xx_flash.o(.text)
    FLASH_OB_UserConfig                      0x0800d2c7   Thumb Code    68  stm32f2xx_flash.o(.text)
    FLASH_OB_BORConfig                       0x0800d30b   Thumb Code    22  stm32f2xx_flash.o(.text)
    FLASH_OB_Launch                          0x0800d321   Thumb Code    26  stm32f2xx_flash.o(.text)
    FLASH_OB_GetUser                         0x0800d33b   Thumb Code    10  stm32f2xx_flash.o(.text)
    FLASH_OB_GetWRP                          0x0800d345   Thumb Code     8  stm32f2xx_flash.o(.text)
    FLASH_OB_GetRDP                          0x0800d34d   Thumb Code    20  stm32f2xx_flash.o(.text)
    FLASH_OB_GetBOR                          0x0800d361   Thumb Code    10  stm32f2xx_flash.o(.text)
    FLASH_ITConfig                           0x0800d36b   Thumb Code    34  stm32f2xx_flash.o(.text)
    FLASH_GetFlagStatus                      0x0800d38d   Thumb Code    22  stm32f2xx_flash.o(.text)
    FLASH_ClearFlag                          0x0800d3a3   Thumb Code     8  stm32f2xx_flash.o(.text)
    GPIO_DeInit                              0x0800d3b1   Thumb Code   220  stm32f2xx_gpio.o(.text)
    GPIO_Init                                0x0800d48d   Thumb Code   144  stm32f2xx_gpio.o(.text)
    GPIO_StructInit                          0x0800d51d   Thumb Code    18  stm32f2xx_gpio.o(.text)
    GPIO_PinLockConfig                       0x0800d52f   Thumb Code    34  stm32f2xx_gpio.o(.text)
    GPIO_ReadInputDataBit                    0x0800d551   Thumb Code    18  stm32f2xx_gpio.o(.text)
    GPIO_ReadInputData                       0x0800d563   Thumb Code     8  stm32f2xx_gpio.o(.text)
    GPIO_ReadOutputDataBit                   0x0800d56b   Thumb Code    18  stm32f2xx_gpio.o(.text)
    GPIO_ReadOutputData                      0x0800d57d   Thumb Code     8  stm32f2xx_gpio.o(.text)
    GPIO_SetBits                             0x0800d585   Thumb Code     4  stm32f2xx_gpio.o(.text)
    GPIO_ResetBits                           0x0800d589   Thumb Code     4  stm32f2xx_gpio.o(.text)
    GPIO_WriteBit                            0x0800d58d   Thumb Code    10  stm32f2xx_gpio.o(.text)
    GPIO_Write                               0x0800d597   Thumb Code     4  stm32f2xx_gpio.o(.text)
    GPIO_ToggleBits                          0x0800d59b   Thumb Code     8  stm32f2xx_gpio.o(.text)
    GPIO_PinAFConfig                         0x0800d5a3   Thumb Code    70  stm32f2xx_gpio.o(.text)
    I2C_DeInit                               0x0800d60d   Thumb Code    82  stm32f2xx_i2c.o(.text)
    I2C_Init                                 0x0800d65f   Thumb Code   218  stm32f2xx_i2c.o(.text)
    I2C_StructInit                           0x0800d739   Thumb Code    30  stm32f2xx_i2c.o(.text)
    I2C_Cmd                                  0x0800d757   Thumb Code    24  stm32f2xx_i2c.o(.text)
    I2C_GenerateSTART                        0x0800d76f   Thumb Code    24  stm32f2xx_i2c.o(.text)
    I2C_GenerateSTOP                         0x0800d787   Thumb Code    24  stm32f2xx_i2c.o(.text)
    I2C_Send7bitAddress                      0x0800d79f   Thumb Code    16  stm32f2xx_i2c.o(.text)
    I2C_AcknowledgeConfig                    0x0800d7af   Thumb Code    24  stm32f2xx_i2c.o(.text)
    I2C_OwnAddress2Config                    0x0800d7c7   Thumb Code    22  stm32f2xx_i2c.o(.text)
    I2C_DualAddressCmd                       0x0800d7dd   Thumb Code    24  stm32f2xx_i2c.o(.text)
    I2C_GeneralCallCmd                       0x0800d7f5   Thumb Code    24  stm32f2xx_i2c.o(.text)
    I2C_SoftwareResetCmd                     0x0800d80d   Thumb Code    22  stm32f2xx_i2c.o(.text)
    I2C_StretchClockCmd                      0x0800d823   Thumb Code    24  stm32f2xx_i2c.o(.text)
    I2C_FastModeDutyCycleConfig              0x0800d83b   Thumb Code    28  stm32f2xx_i2c.o(.text)
    I2C_NACKPositionConfig                   0x0800d857   Thumb Code    28  stm32f2xx_i2c.o(.text)
    I2C_SMBusAlertConfig                     0x0800d873   Thumb Code    28  stm32f2xx_i2c.o(.text)
    I2C_ARPCmd                               0x0800d88f   Thumb Code    24  stm32f2xx_i2c.o(.text)
    I2C_SendData                             0x0800d8a7   Thumb Code     4  stm32f2xx_i2c.o(.text)
    I2C_ReceiveData                          0x0800d8ab   Thumb Code     8  stm32f2xx_i2c.o(.text)
    I2C_TransmitPEC                          0x0800d8b3   Thumb Code    24  stm32f2xx_i2c.o(.text)
    I2C_PECPositionConfig                    0x0800d8cb   Thumb Code    28  stm32f2xx_i2c.o(.text)
    I2C_CalculatePEC                         0x0800d8e7   Thumb Code    24  stm32f2xx_i2c.o(.text)
    I2C_GetPEC                               0x0800d8ff   Thumb Code     8  stm32f2xx_i2c.o(.text)
    I2C_DMACmd                               0x0800d907   Thumb Code    24  stm32f2xx_i2c.o(.text)
    I2C_DMALastTransferCmd                   0x0800d91f   Thumb Code    24  stm32f2xx_i2c.o(.text)
    I2C_ReadRegister                         0x0800d937   Thumb Code    22  stm32f2xx_i2c.o(.text)
    I2C_ITConfig                             0x0800d94d   Thumb Code    18  stm32f2xx_i2c.o(.text)
    I2C_CheckEvent                           0x0800d95f   Thumb Code    42  stm32f2xx_i2c.o(.text)
    I2C_GetLastEvent                         0x0800d989   Thumb Code    26  stm32f2xx_i2c.o(.text)
    I2C_GetFlagStatus                        0x0800d9a3   Thumb Code    58  stm32f2xx_i2c.o(.text)
    I2C_ClearFlag                            0x0800d9dd   Thumb Code    12  stm32f2xx_i2c.o(.text)
    I2C_GetITStatus                          0x0800d9e9   Thumb Code    64  stm32f2xx_i2c.o(.text)
    I2C_ClearITPendingBit                    0x0800da29   Thumb Code    12  stm32f2xx_i2c.o(.text)
    RCC_DeInit                               0x0800da35   Thumb Code    60  stm32f2xx_rcc.o(.text)
    RCC_HSEConfig                            0x0800da71   Thumb Code    14  stm32f2xx_rcc.o(.text)
    RCC_GetFlagStatus                        0x0800da7f   Thumb Code    60  stm32f2xx_rcc.o(.text)
    RCC_WaitForHSEStartUp                    0x0800dabb   Thumb Code    56  stm32f2xx_rcc.o(.text)
    RCC_AdjustHSICalibrationValue            0x0800daf3   Thumb Code    20  stm32f2xx_rcc.o(.text)
    RCC_HSICmd                               0x0800db07   Thumb Code     6  stm32f2xx_rcc.o(.text)
    RCC_LSEConfig                            0x0800db0d   Thumb Code    46  stm32f2xx_rcc.o(.text)
    RCC_LSICmd                               0x0800db3b   Thumb Code     6  stm32f2xx_rcc.o(.text)
    RCC_PLLConfig                            0x0800db41   Thumb Code    32  stm32f2xx_rcc.o(.text)
    RCC_PLLCmd                               0x0800db61   Thumb Code     6  stm32f2xx_rcc.o(.text)
    RCC_PLLI2SConfig                         0x0800db67   Thumb Code    14  stm32f2xx_rcc.o(.text)
    RCC_PLLI2SCmd                            0x0800db75   Thumb Code     6  stm32f2xx_rcc.o(.text)
    RCC_ClockSecuritySystemCmd               0x0800db7b   Thumb Code     6  stm32f2xx_rcc.o(.text)
    RCC_MCO1Config                           0x0800db81   Thumb Code    28  stm32f2xx_rcc.o(.text)
    RCC_MCO2Config                           0x0800db9d   Thumb Code    28  stm32f2xx_rcc.o(.text)
    RCC_SYSCLKConfig                         0x0800dbb9   Thumb Code    20  stm32f2xx_rcc.o(.text)
    RCC_GetSYSCLKSource                      0x0800dbcd   Thumb Code    12  stm32f2xx_rcc.o(.text)
    RCC_HCLKConfig                           0x0800dbd9   Thumb Code    20  stm32f2xx_rcc.o(.text)
    RCC_PCLK1Config                          0x0800dbed   Thumb Code    20  stm32f2xx_rcc.o(.text)
    RCC_PCLK2Config                          0x0800dc01   Thumb Code    22  stm32f2xx_rcc.o(.text)
    RCC_GetClocksFreq                        0x0800dc17   Thumb Code   222  stm32f2xx_rcc.o(.text)
    RCC_RTCCLKConfig                         0x0800dcf5   Thumb Code    54  stm32f2xx_rcc.o(.text)
    RCC_RTCCLKCmd                            0x0800dd2b   Thumb Code     8  stm32f2xx_rcc.o(.text)
    RCC_BackupResetCmd                       0x0800dd33   Thumb Code     8  stm32f2xx_rcc.o(.text)
    RCC_I2SCLKConfig                         0x0800dd3b   Thumb Code     6  stm32f2xx_rcc.o(.text)
    RCC_AHB1PeriphClockCmd                   0x0800dd41   Thumb Code    34  stm32f2xx_rcc.o(.text)
    RCC_AHB2PeriphClockCmd                   0x0800dd63   Thumb Code    34  stm32f2xx_rcc.o(.text)
    RCC_AHB3PeriphClockCmd                   0x0800dd85   Thumb Code    34  stm32f2xx_rcc.o(.text)
    RCC_APB1PeriphClockCmd                   0x0800dda7   Thumb Code    34  stm32f2xx_rcc.o(.text)
    RCC_APB2PeriphClockCmd                   0x0800ddc9   Thumb Code    34  stm32f2xx_rcc.o(.text)
    RCC_AHB1PeriphResetCmd                   0x0800ddeb   Thumb Code    34  stm32f2xx_rcc.o(.text)
    RCC_AHB2PeriphResetCmd                   0x0800de0d   Thumb Code    72  stm32f2xx_rcc.o(.text)
    RCC_AHB3PeriphResetCmd                   0x0800de55   Thumb Code    34  stm32f2xx_rcc.o(.text)
    RCC_APB1PeriphResetCmd                   0x0800de77   Thumb Code    34  stm32f2xx_rcc.o(.text)
    RCC_APB2PeriphResetCmd                   0x0800de99   Thumb Code    34  stm32f2xx_rcc.o(.text)
    RCC_AHB1PeriphClockLPModeCmd             0x0800debb   Thumb Code    34  stm32f2xx_rcc.o(.text)
    RCC_AHB2PeriphClockLPModeCmd             0x0800dedd   Thumb Code    34  stm32f2xx_rcc.o(.text)
    RCC_AHB3PeriphClockLPModeCmd             0x0800deff   Thumb Code    34  stm32f2xx_rcc.o(.text)
    RCC_APB1PeriphClockLPModeCmd             0x0800df21   Thumb Code    34  stm32f2xx_rcc.o(.text)
    RCC_APB2PeriphClockLPModeCmd             0x0800df43   Thumb Code    34  stm32f2xx_rcc.o(.text)
    RCC_ITConfig                             0x0800df65   Thumb Code    34  stm32f2xx_rcc.o(.text)
    RCC_ClearFlag                            0x0800df87   Thumb Code    18  stm32f2xx_rcc.o(.text)
    RCC_GetITStatus                          0x0800df99   Thumb Code    22  stm32f2xx_rcc.o(.text)
    RCC_ClearITPendingBit                    0x0800dfaf   Thumb Code     8  stm32f2xx_rcc.o(.text)
    SPI_I2S_DeInit                           0x0800dfbd   Thumb Code    76  stm32f2xx_spi.o(.text)
    SPI_Init                                 0x0800e009   Thumb Code    60  stm32f2xx_spi.o(.text)
    I2S_Init                                 0x0800e045   Thumb Code   282  stm32f2xx_spi.o(.text)
    SPI_StructInit                           0x0800e15f   Thumb Code    24  stm32f2xx_spi.o(.text)
    I2S_StructInit                           0x0800e177   Thumb Code    20  stm32f2xx_spi.o(.text)
    SPI_Cmd                                  0x0800e18b   Thumb Code    24  stm32f2xx_spi.o(.text)
    I2S_Cmd                                  0x0800e1a3   Thumb Code    24  stm32f2xx_spi.o(.text)
    SPI_DataSizeConfig                       0x0800e1bb   Thumb Code    18  stm32f2xx_spi.o(.text)
    SPI_BiDirectionalLineConfig              0x0800e1cd   Thumb Code    28  stm32f2xx_spi.o(.text)
    SPI_NSSInternalSoftwareConfig            0x0800e1e9   Thumb Code    30  stm32f2xx_spi.o(.text)
    SPI_SSOutputCmd                          0x0800e207   Thumb Code    24  stm32f2xx_spi.o(.text)
    SPI_TIModeCmd                            0x0800e21f   Thumb Code    24  stm32f2xx_spi.o(.text)
    SPI_I2S_ReceiveData                      0x0800e237   Thumb Code     6  stm32f2xx_spi.o(.text)
    SPI_I2S_SendData                         0x0800e23d   Thumb Code     4  stm32f2xx_spi.o(.text)
    SPI_CalculateCRC                         0x0800e241   Thumb Code    24  stm32f2xx_spi.o(.text)
    SPI_TransmitCRC                          0x0800e259   Thumb Code    10  stm32f2xx_spi.o(.text)
    SPI_GetCRC                               0x0800e263   Thumb Code    16  stm32f2xx_spi.o(.text)
    SPI_GetCRCPolynomial                     0x0800e273   Thumb Code     6  stm32f2xx_spi.o(.text)
    SPI_I2S_DMACmd                           0x0800e279   Thumb Code    18  stm32f2xx_spi.o(.text)
    SPI_I2S_ITConfig                         0x0800e28b   Thumb Code    32  stm32f2xx_spi.o(.text)
    SPI_I2S_GetFlagStatus                    0x0800e2ab   Thumb Code    18  stm32f2xx_spi.o(.text)
    SPI_I2S_ClearFlag                        0x0800e2bd   Thumb Code     6  stm32f2xx_spi.o(.text)
    SPI_I2S_GetITStatus                      0x0800e2c3   Thumb Code    52  stm32f2xx_spi.o(.text)
    SPI_I2S_ClearITPendingBit                0x0800e2f7   Thumb Code    20  stm32f2xx_spi.o(.text)
    SYSCFG_DeInit                            0x0800e321   Thumb Code    22  stm32f2xx_syscfg.o(.text)
    SYSCFG_MemoryRemapConfig                 0x0800e337   Thumb Code     6  stm32f2xx_syscfg.o(.text)
    SYSCFG_EXTILineConfig                    0x0800e33d   Thumb Code    66  stm32f2xx_syscfg.o(.text)
    SYSCFG_ETH_MediaInterfaceConfig          0x0800e37f   Thumb Code     6  stm32f2xx_syscfg.o(.text)
    SYSCFG_CompensationCellCmd               0x0800e385   Thumb Code     6  stm32f2xx_syscfg.o(.text)
    SYSCFG_GetCompensationCellStatus         0x0800e38b   Thumb Code    22  stm32f2xx_syscfg.o(.text)
    ADC_DeInit                               0x0800e3ad   Thumb Code    22  stm32f2xx_adc.o(.text)
    ADC_Init                                 0x0800e3c3   Thumb Code    74  stm32f2xx_adc.o(.text)
    ADC_StructInit                           0x0800e40d   Thumb Code    20  stm32f2xx_adc.o(.text)
    ADC_CommonInit                           0x0800e421   Thumb Code    34  stm32f2xx_adc.o(.text)
    ADC_CommonStructInit                     0x0800e443   Thumb Code    12  stm32f2xx_adc.o(.text)
    ADC_Cmd                                  0x0800e44f   Thumb Code    22  stm32f2xx_adc.o(.text)
    ADC_AnalogWatchdogCmd                    0x0800e465   Thumb Code    16  stm32f2xx_adc.o(.text)
    ADC_AnalogWatchdogThresholdsConfig       0x0800e475   Thumb Code     6  stm32f2xx_adc.o(.text)
    ADC_AnalogWatchdogSingleChannelConfig    0x0800e47b   Thumb Code    16  stm32f2xx_adc.o(.text)
    ADC_TempSensorVrefintCmd                 0x0800e48b   Thumb Code    34  stm32f2xx_adc.o(.text)
    ADC_VBATCmd                              0x0800e4ad   Thumb Code    34  stm32f2xx_adc.o(.text)
    ADC_RegularChannelConfig                 0x0800e4cf   Thumb Code   184  stm32f2xx_adc.o(.text)
    ADC_SoftwareStartConv                    0x0800e587   Thumb Code    10  stm32f2xx_adc.o(.text)
    ADC_GetSoftwareStartConvStatus           0x0800e591   Thumb Code    20  stm32f2xx_adc.o(.text)
    ADC_EOCOnEachRegularChannelCmd           0x0800e5a5   Thumb Code    22  stm32f2xx_adc.o(.text)
    ADC_ContinuousModeCmd                    0x0800e5bb   Thumb Code    22  stm32f2xx_adc.o(.text)
    ADC_DiscModeChannelCountConfig           0x0800e5d1   Thumb Code    24  stm32f2xx_adc.o(.text)
    ADC_DiscModeCmd                          0x0800e5e9   Thumb Code    22  stm32f2xx_adc.o(.text)
    ADC_GetConversionValue                   0x0800e5ff   Thumb Code     8  stm32f2xx_adc.o(.text)
    ADC_GetMultiModeConversionValue          0x0800e607   Thumb Code     8  stm32f2xx_adc.o(.text)
    ADC_DMACmd                               0x0800e60f   Thumb Code    22  stm32f2xx_adc.o(.text)
    ADC_DMARequestAfterLastTransferCmd       0x0800e625   Thumb Code    22  stm32f2xx_adc.o(.text)
    ADC_MultiModeDMARequestAfterLastTransferCmd 0x0800e63b   Thumb Code    34  stm32f2xx_adc.o(.text)
    ADC_InjectedChannelConfig                0x0800e65d   Thumb Code   130  stm32f2xx_adc.o(.text)
    ADC_InjectedSequencerLengthConfig        0x0800e6df   Thumb Code    24  stm32f2xx_adc.o(.text)
    ADC_SetInjectedOffset                    0x0800e6f7   Thumb Code    20  stm32f2xx_adc.o(.text)
    ADC_ExternalTrigInjectedConvConfig       0x0800e70b   Thumb Code    16  stm32f2xx_adc.o(.text)
    ADC_ExternalTrigInjectedConvEdgeConfig   0x0800e71b   Thumb Code    16  stm32f2xx_adc.o(.text)
    ADC_SoftwareStartInjectedConv            0x0800e72b   Thumb Code    10  stm32f2xx_adc.o(.text)
    ADC_GetSoftwareStartInjectedConvCmdStatus 0x0800e735   Thumb Code    20  stm32f2xx_adc.o(.text)
    ADC_AutoInjectedConvCmd                  0x0800e749   Thumb Code    22  stm32f2xx_adc.o(.text)
    ADC_InjectedDiscModeCmd                  0x0800e75f   Thumb Code    22  stm32f2xx_adc.o(.text)
    ADC_GetInjectedConversionValue           0x0800e775   Thumb Code    28  stm32f2xx_adc.o(.text)
    ADC_ITConfig                             0x0800e791   Thumb Code    56  stm32f2xx_adc.o(.text)
    ADC_GetFlagStatus                        0x0800e7c9   Thumb Code    18  stm32f2xx_adc.o(.text)
    ADC_ClearFlag                            0x0800e7db   Thumb Code     6  stm32f2xx_adc.o(.text)
    ADC_GetITStatus                          0x0800e7e1   Thumb Code    38  stm32f2xx_adc.o(.text)
    ADC_ClearITPendingBit                    0x0800e807   Thumb Code    10  stm32f2xx_adc.o(.text)
    WWDG_DeInit                              0x0800e811   Thumb Code    22  stm32f2xx_wwdg.o(.text)
    WWDG_SetPrescaler                        0x0800e827   Thumb Code    18  stm32f2xx_wwdg.o(.text)
    WWDG_SetWindowValue                      0x0800e839   Thumb Code    34  stm32f2xx_wwdg.o(.text)
    WWDG_EnableIT                            0x0800e85b   Thumb Code     8  stm32f2xx_wwdg.o(.text)
    WWDG_SetCounter                          0x0800e863   Thumb Code    12  stm32f2xx_wwdg.o(.text)
    WWDG_Enable                              0x0800e86f   Thumb Code    12  stm32f2xx_wwdg.o(.text)
    WWDG_GetFlagStatus                       0x0800e87b   Thumb Code    18  stm32f2xx_wwdg.o(.text)
    WWDG_ClearFlag                           0x0800e88d   Thumb Code    10  stm32f2xx_wwdg.o(.text)
    ETH_DeInit                               0x0800e8bd   Thumb Code    22  stm32f2x7_eth.o(.text)
    ETH_StructInit                           0x0800e8d3   Thumb Code   178  stm32f2x7_eth.o(.text)
    ETH_Init                                 0x0800e985   Thumb Code   436  stm32f2x7_eth.o(.text)
    ETH_DMAReceptionCmd                      0x0800eb39   Thumb Code    30  stm32f2x7_eth.o(.text)
    ETH_DMATransmissionCmd                   0x0800eb57   Thumb Code    30  stm32f2x7_eth.o(.text)
    ETH_MACReceptionCmd                      0x0800eb75   Thumb Code    30  stm32f2x7_eth.o(.text)
    ETH_FlushTransmitFIFO                    0x0800eb93   Thumb Code    14  stm32f2x7_eth.o(.text)
    ETH_MACTransmissionCmd                   0x0800eba1   Thumb Code    30  stm32f2x7_eth.o(.text)
    ETH_Start                                0x0800ebbf   Thumb Code    32  stm32f2x7_eth.o(.text)
    ETH_GetFlowControlBusyStatus             0x0800ebdf   Thumb Code    20  stm32f2x7_eth.o(.text)
    ETH_InitiatePauseControlFrame            0x0800ebf3   Thumb Code    14  stm32f2x7_eth.o(.text)
    ETH_BackPressureActivationCmd            0x0800ec01   Thumb Code    30  stm32f2x7_eth.o(.text)
    ETH_GetMACFlagStatus                     0x0800ec1f   Thumb Code    20  stm32f2x7_eth.o(.text)
    ETH_GetMACITStatus                       0x0800ec33   Thumb Code    20  stm32f2x7_eth.o(.text)
    ETH_MACITConfig                          0x0800ec47   Thumb Code    26  stm32f2x7_eth.o(.text)
    ETH_MACAddressConfig                     0x0800ec61   Thumb Code    46  stm32f2x7_eth.o(.text)
    ETH_GetMACAddress                        0x0800ec8f   Thumb Code    36  stm32f2x7_eth.o(.text)
    ETH_MACAddressPerfectFilterCmd           0x0800ecb3   Thumb Code    38  stm32f2x7_eth.o(.text)
    ETH_MACAddressFilterConfig               0x0800ecd9   Thumb Code    40  stm32f2x7_eth.o(.text)
    ETH_MACAddressMaskBytesFilterConfig      0x0800ed01   Thumb Code    32  stm32f2x7_eth.o(.text)
    ETH_Get_Received_Frame                   0x0800ed21   Thumb Code   132  stm32f2x7_eth.o(.text)
    ETH_Get_Received_Frame_interrupt         0x0800eda5   Thumb Code   268  stm32f2x7_eth.o(.text)
    ETH_Prepare_Transmit_Descriptors         0x0800eeb1   Thumb Code   222  stm32f2x7_eth.o(.text)
    ETH_DMARxDescChainInit                   0x0800ef8f   Thumb Code    82  stm32f2x7_eth.o(.text)
    ETH_CheckFrameReceived                   0x0800efe1   Thumb Code   190  stm32f2x7_eth.o(.text)
    ETH_DMATxDescChainInit                   0x0800f09f   Thumb Code    70  stm32f2x7_eth.o(.text)
    ETH_GetDMATxDescFlagStatus               0x0800f0e5   Thumb Code    18  stm32f2x7_eth.o(.text)
    ETH_GetDMATxDescCollisionCount           0x0800f0f7   Thumb Code    10  stm32f2x7_eth.o(.text)
    ETH_SetDMATxDescOwnBit                   0x0800f101   Thumb Code    10  stm32f2x7_eth.o(.text)
    ETH_DMATxDescTransmitITConfig            0x0800f10b   Thumb Code    22  stm32f2x7_eth.o(.text)
    ETH_DMATxDescFrameSegmentConfig          0x0800f121   Thumb Code     8  stm32f2x7_eth.o(.text)
    ETH_DMATxDescChecksumInsertionConfig     0x0800f129   Thumb Code     8  stm32f2x7_eth.o(.text)
    ETH_DMATxDescCRCCmd                      0x0800f131   Thumb Code    22  stm32f2x7_eth.o(.text)
    ETH_DMATxDescSecondAddressChainedCmd     0x0800f147   Thumb Code    22  stm32f2x7_eth.o(.text)
    ETH_DMATxDescShortFramePaddingCmd        0x0800f15d   Thumb Code    22  stm32f2x7_eth.o(.text)
    ETH_DMATxDescBufferSizeConfig            0x0800f173   Thumb Code    14  stm32f2x7_eth.o(.text)
    ETH_GetDMARxDescFlagStatus               0x0800f181   Thumb Code    18  stm32f2x7_eth.o(.text)
    ETH_GetDMAPTPRxDescExtendedFlagStatus    0x0800f193   Thumb Code    38  stm32f2x7_eth.o(.text)
    ETH_SetDMARxDescOwnBit                   0x0800f1b9   Thumb Code    10  stm32f2x7_eth.o(.text)
    ETH_GetDMARxDescFrameLength              0x0800f1c3   Thumb Code    10  stm32f2x7_eth.o(.text)
    ETH_DMARxDescReceiveITConfig             0x0800f1cd   Thumb Code    22  stm32f2x7_eth.o(.text)
    ETH_GetDMARxDescBufferSize               0x0800f1e3   Thumb Code    20  stm32f2x7_eth.o(.text)
    ETH_GetRxPktSize                         0x0800f1f7   Thumb Code    42  stm32f2x7_eth.o(.text)
    ETH_EnhancedDescriptorCmd                0x0800f221   Thumb Code    30  stm32f2x7_eth.o(.text)
    ETH_SoftwareReset                        0x0800f23f   Thumb Code    14  stm32f2x7_eth.o(.text)
    ETH_GetSoftwareResetStatus               0x0800f24d   Thumb Code    20  stm32f2x7_eth.o(.text)
    ETH_GetDMAFlagStatus                     0x0800f261   Thumb Code    20  stm32f2x7_eth.o(.text)
    ETH_DMAClearFlag                         0x0800f275   Thumb Code     6  stm32f2x7_eth.o(.text)
    ETH_DMAITConfig                          0x0800f27b   Thumb Code    26  stm32f2x7_eth.o(.text)
    ETH_GetDMAITStatus                       0x0800f295   Thumb Code    20  stm32f2x7_eth.o(.text)
    ETH_DMAClearITPendingBit                 0x0800f2a9   Thumb Code     6  stm32f2x7_eth.o(.text)
    ETH_GetTransmitProcessState              0x0800f2af   Thumb Code    10  stm32f2x7_eth.o(.text)
    ETH_GetReceiveProcessState               0x0800f2b9   Thumb Code    10  stm32f2x7_eth.o(.text)
    ETH_GetFlushTransmitFIFOStatus           0x0800f2c3   Thumb Code    20  stm32f2x7_eth.o(.text)
    ETH_GetDMAOverflowStatus                 0x0800f2d7   Thumb Code    20  stm32f2x7_eth.o(.text)
    ETH_GetRxOverflowMissedFrameCounter      0x0800f2eb   Thumb Code    10  stm32f2x7_eth.o(.text)
    ETH_GetBufferUnavailableMissedFrameCounter 0x0800f2f5   Thumb Code     8  stm32f2x7_eth.o(.text)
    ETH_GetCurrentTxDescStartAddress         0x0800f2fd   Thumb Code     6  stm32f2x7_eth.o(.text)
    ETH_GetCurrentRxDescStartAddress         0x0800f303   Thumb Code     6  stm32f2x7_eth.o(.text)
    ETH_GetCurrentTxBufferAddress            0x0800f309   Thumb Code     6  stm32f2x7_eth.o(.text)
    ETH_GetCurrentRxBufferAddress            0x0800f30f   Thumb Code     6  stm32f2x7_eth.o(.text)
    ETH_ResumeDMATransmission                0x0800f315   Thumb Code     8  stm32f2x7_eth.o(.text)
    ETH_ResumeDMAReception                   0x0800f31d   Thumb Code     8  stm32f2x7_eth.o(.text)
    ETH_SetReceiveWatchdogTimer              0x0800f325   Thumb Code     6  stm32f2x7_eth.o(.text)
    ETH_ReadPHYRegister                      0x0800f32b   Thumb Code    98  stm32f2x7_eth.o(.text)
    ETH_WritePHYRegister                     0x0800f38d   Thumb Code    96  stm32f2x7_eth.o(.text)
    ETH_PHYLoopBackCmd                       0x0800f3ed   Thumb Code    52  stm32f2x7_eth.o(.text)
    ETH_ResetWakeUpFrameFilterRegisterPointer 0x0800f421   Thumb Code    14  stm32f2x7_eth.o(.text)
    ETH_SetWakeUpFrameFilterRegister         0x0800f42f   Thumb Code    24  stm32f2x7_eth.o(.text)
    ETH_GlobalUnicastWakeUpCmd               0x0800f447   Thumb Code    30  stm32f2x7_eth.o(.text)
    ETH_GetPMTFlagStatus                     0x0800f465   Thumb Code    20  stm32f2x7_eth.o(.text)
    ETH_WakeUpFrameDetectionCmd              0x0800f479   Thumb Code    30  stm32f2x7_eth.o(.text)
    ETH_MagicPacketDetectionCmd              0x0800f497   Thumb Code    30  stm32f2x7_eth.o(.text)
    ETH_PowerDownCmd                         0x0800f4b5   Thumb Code    30  stm32f2x7_eth.o(.text)
    ETH_MMCCounterFullPreset                 0x0800f4d3   Thumb Code    16  stm32f2x7_eth.o(.text)
    ETH_MMCCounterHalfPreset                 0x0800f4e3   Thumb Code    30  stm32f2x7_eth.o(.text)
    ETH_MMCCounterFreezeCmd                  0x0800f501   Thumb Code    34  stm32f2x7_eth.o(.text)
    ETH_MMCResetOnReadCmd                    0x0800f523   Thumb Code    34  stm32f2x7_eth.o(.text)
    ETH_MMCCounterRolloverCmd                0x0800f545   Thumb Code    34  stm32f2x7_eth.o(.text)
    ETH_MMCCountersReset                     0x0800f567   Thumb Code    16  stm32f2x7_eth.o(.text)
    ETH_MMCITConfig                          0x0800f577   Thumb Code    78  stm32f2x7_eth.o(.text)
    ETH_GetMMCITStatus                       0x0800f5c5   Thumb Code    84  stm32f2x7_eth.o(.text)
    ETH_GetMMCRegister                       0x0800f619   Thumb Code     8  stm32f2x7_eth.o(.text)
    L3Delay                                  0x0800f929   Thumb Code    12  soundcard.o(.text)
    L3SendByte                               0x0800f935   Thumb Code   112  soundcard.o(.text)
    L3Uda1341SetInputGain                    0x0800f9a5   Thumb Code    50  soundcard.o(.text)
    L3Uda1341SetVolume                       0x0800f9d7   Thumb Code   108  soundcard.o(.text)
    L3WriteUda1341Status                     0x0800fa43   Thumb Code    36  soundcard.o(.text)
    L3WriteUda1341Data0                      0x0800fa67   Thumb Code    76  soundcard.o(.text)
    L3InitUda1341                            0x0800fab3   Thumb Code    12  soundcard.o(.text)
    soundcard_init                           0x0800fabf   Thumb Code    52  soundcard.o(.text)
    soundcard_set_input_vol                  0x0800faf3   Thumb Code    26  soundcard.o(.text)
    soundcard_set_output_vol                 0x0800fb0d   Thumb Code    26  soundcard.o(.text)
    Reset_Handler                            0x0800fb2d   Thumb Code     8  startup_stm32f2xx.o(.text)
    SVC_Handler                              0x0800fb3f   Thumb Code     2  startup_stm32f2xx.o(.text)
    PendSV_Handler                           0x0800fb43   Thumb Code     2  startup_stm32f2xx.o(.text)
    ADC_IRQHandler                           0x0800fb47   Thumb Code     0  startup_stm32f2xx.o(.text)
    CAN1_RX0_IRQHandler                      0x0800fb47   Thumb Code     0  startup_stm32f2xx.o(.text)
    CAN1_RX1_IRQHandler                      0x0800fb47   Thumb Code     0  startup_stm32f2xx.o(.text)
    CAN1_SCE_IRQHandler                      0x0800fb47   Thumb Code     0  startup_stm32f2xx.o(.text)
    CAN1_TX_IRQHandler                       0x0800fb47   Thumb Code     0  startup_stm32f2xx.o(.text)
    CAN2_RX0_IRQHandler                      0x0800fb47   Thumb Code     0  startup_stm32f2xx.o(.text)
    CAN2_RX1_IRQHandler                      0x0800fb47   Thumb Code     0  startup_stm32f2xx.o(.text)
    CAN2_SCE_IRQHandler                      0x0800fb47   Thumb Code     0  startup_stm32f2xx.o(.text)
    CAN2_TX_IRQHandler                       0x0800fb47   Thumb Code     0  startup_stm32f2xx.o(.text)
    CRYP_IRQHandler                          0x0800fb47   Thumb Code     0  startup_stm32f2xx.o(.text)
    DCMI_IRQHandler                          0x0800fb47   Thumb Code     0  startup_stm32f2xx.o(.text)
    DMA1_Stream0_IRQHandler                  0x0800fb47   Thumb Code     0  startup_stm32f2xx.o(.text)
    DMA1_Stream1_IRQHandler                  0x0800fb47   Thumb Code     0  startup_stm32f2xx.o(.text)
    DMA1_Stream3_IRQHandler                  0x0800fb47   Thumb Code     0  startup_stm32f2xx.o(.text)
    DMA1_Stream5_IRQHandler                  0x0800fb47   Thumb Code     0  startup_stm32f2xx.o(.text)
    DMA1_Stream6_IRQHandler                  0x0800fb47   Thumb Code     0  startup_stm32f2xx.o(.text)
    DMA1_Stream7_IRQHandler                  0x0800fb47   Thumb Code     0  startup_stm32f2xx.o(.text)
    DMA2_Stream0_IRQHandler                  0x0800fb47   Thumb Code     0  startup_stm32f2xx.o(.text)
    DMA2_Stream1_IRQHandler                  0x0800fb47   Thumb Code     0  startup_stm32f2xx.o(.text)
    DMA2_Stream2_IRQHandler                  0x0800fb47   Thumb Code     0  startup_stm32f2xx.o(.text)
    DMA2_Stream3_IRQHandler                  0x0800fb47   Thumb Code     0  startup_stm32f2xx.o(.text)
    DMA2_Stream4_IRQHandler                  0x0800fb47   Thumb Code     0  startup_stm32f2xx.o(.text)
    DMA2_Stream5_IRQHandler                  0x0800fb47   Thumb Code     0  startup_stm32f2xx.o(.text)
    DMA2_Stream6_IRQHandler                  0x0800fb47   Thumb Code     0  startup_stm32f2xx.o(.text)
    DMA2_Stream7_IRQHandler                  0x0800fb47   Thumb Code     0  startup_stm32f2xx.o(.text)
    ETH_IRQHandler                           0x0800fb47   Thumb Code     0  startup_stm32f2xx.o(.text)
    ETH_WKUP_IRQHandler                      0x0800fb47   Thumb Code     0  startup_stm32f2xx.o(.text)
    EXTI0_IRQHandler                         0x0800fb47   Thumb Code     0  startup_stm32f2xx.o(.text)
    EXTI15_10_IRQHandler                     0x0800fb47   Thumb Code     0  startup_stm32f2xx.o(.text)
    EXTI1_IRQHandler                         0x0800fb47   Thumb Code     0  startup_stm32f2xx.o(.text)
    EXTI2_IRQHandler                         0x0800fb47   Thumb Code     0  startup_stm32f2xx.o(.text)
    EXTI3_IRQHandler                         0x0800fb47   Thumb Code     0  startup_stm32f2xx.o(.text)
    EXTI4_IRQHandler                         0x0800fb47   Thumb Code     0  startup_stm32f2xx.o(.text)
    EXTI9_5_IRQHandler                       0x0800fb47   Thumb Code     0  startup_stm32f2xx.o(.text)
    FLASH_IRQHandler                         0x0800fb47   Thumb Code     0  startup_stm32f2xx.o(.text)
    FSMC_IRQHandler                          0x0800fb47   Thumb Code     0  startup_stm32f2xx.o(.text)
    HASH_RNG_IRQHandler                      0x0800fb47   Thumb Code     0  startup_stm32f2xx.o(.text)
    I2C1_ER_IRQHandler                       0x0800fb47   Thumb Code     0  startup_stm32f2xx.o(.text)
    I2C1_EV_IRQHandler                       0x0800fb47   Thumb Code     0  startup_stm32f2xx.o(.text)
    I2C2_ER_IRQHandler                       0x0800fb47   Thumb Code     0  startup_stm32f2xx.o(.text)
    I2C2_EV_IRQHandler                       0x0800fb47   Thumb Code     0  startup_stm32f2xx.o(.text)
    I2C3_ER_IRQHandler                       0x0800fb47   Thumb Code     0  startup_stm32f2xx.o(.text)
    I2C3_EV_IRQHandler                       0x0800fb47   Thumb Code     0  startup_stm32f2xx.o(.text)
    OTG_FS_IRQHandler                        0x0800fb47   Thumb Code     0  startup_stm32f2xx.o(.text)
    OTG_FS_WKUP_IRQHandler                   0x0800fb47   Thumb Code     0  startup_stm32f2xx.o(.text)
    OTG_HS_EP1_IN_IRQHandler                 0x0800fb47   Thumb Code     0  startup_stm32f2xx.o(.text)
    OTG_HS_EP1_OUT_IRQHandler                0x0800fb47   Thumb Code     0  startup_stm32f2xx.o(.text)
    OTG_HS_IRQHandler                        0x0800fb47   Thumb Code     0  startup_stm32f2xx.o(.text)
    OTG_HS_WKUP_IRQHandler                   0x0800fb47   Thumb Code     0  startup_stm32f2xx.o(.text)
    PVD_IRQHandler                           0x0800fb47   Thumb Code     0  startup_stm32f2xx.o(.text)
    RCC_IRQHandler                           0x0800fb47   Thumb Code     0  startup_stm32f2xx.o(.text)
    RTC_Alarm_IRQHandler                     0x0800fb47   Thumb Code     0  startup_stm32f2xx.o(.text)
    RTC_WKUP_IRQHandler                      0x0800fb47   Thumb Code     0  startup_stm32f2xx.o(.text)
    SDIO_IRQHandler                          0x0800fb47   Thumb Code     0  startup_stm32f2xx.o(.text)
    SPI1_IRQHandler                          0x0800fb47   Thumb Code     0  startup_stm32f2xx.o(.text)
    SPI2_IRQHandler                          0x0800fb47   Thumb Code     0  startup_stm32f2xx.o(.text)
    SPI3_IRQHandler                          0x0800fb47   Thumb Code     0  startup_stm32f2xx.o(.text)
    TAMP_STAMP_IRQHandler                    0x0800fb47   Thumb Code     0  startup_stm32f2xx.o(.text)
    TIM1_BRK_TIM9_IRQHandler                 0x0800fb47   Thumb Code     0  startup_stm32f2xx.o(.text)
    TIM1_CC_IRQHandler                       0x0800fb47   Thumb Code     0  startup_stm32f2xx.o(.text)
    TIM1_TRG_COM_TIM11_IRQHandler            0x0800fb47   Thumb Code     0  startup_stm32f2xx.o(.text)
    TIM1_UP_TIM10_IRQHandler                 0x0800fb47   Thumb Code     0  startup_stm32f2xx.o(.text)
    TIM2_IRQHandler                          0x0800fb47   Thumb Code     0  startup_stm32f2xx.o(.text)
    TIM3_IRQHandler                          0x0800fb47   Thumb Code     0  startup_stm32f2xx.o(.text)
    TIM4_IRQHandler                          0x0800fb47   Thumb Code     0  startup_stm32f2xx.o(.text)
    TIM5_IRQHandler                          0x0800fb47   Thumb Code     0  startup_stm32f2xx.o(.text)
    TIM6_DAC_IRQHandler                      0x0800fb47   Thumb Code     0  startup_stm32f2xx.o(.text)
    TIM7_IRQHandler                          0x0800fb47   Thumb Code     0  startup_stm32f2xx.o(.text)
    TIM8_BRK_TIM12_IRQHandler                0x0800fb47   Thumb Code     0  startup_stm32f2xx.o(.text)
    TIM8_CC_IRQHandler                       0x0800fb47   Thumb Code     0  startup_stm32f2xx.o(.text)
    TIM8_TRG_COM_TIM14_IRQHandler            0x0800fb47   Thumb Code     0  startup_stm32f2xx.o(.text)
    TIM8_UP_TIM13_IRQHandler                 0x0800fb47   Thumb Code     0  startup_stm32f2xx.o(.text)
    UART4_IRQHandler                         0x0800fb47   Thumb Code     0  startup_stm32f2xx.o(.text)
    UART5_IRQHandler                         0x0800fb47   Thumb Code     0  startup_stm32f2xx.o(.text)
    USART1_IRQHandler                        0x0800fb47   Thumb Code     0  startup_stm32f2xx.o(.text)
    USART2_IRQHandler                        0x0800fb47   Thumb Code     0  startup_stm32f2xx.o(.text)
    USART3_IRQHandler                        0x0800fb47   Thumb Code     0  startup_stm32f2xx.o(.text)
    USART6_IRQHandler                        0x0800fb47   Thumb Code     0  startup_stm32f2xx.o(.text)
    WWDG_IRQHandler                          0x0800fb47   Thumb Code     0  startup_stm32f2xx.o(.text)
    SystemInit                               0x0800fc11   Thumb Code    74  system_stm32f2xx.o(.text)
    SystemCoreClockUpdate                    0x0800fc5b   Thumb Code   174  system_stm32f2xx.o(.text)
    rand                                     0x0800fd31   Thumb Code    20  rand.o(.text)
    srand                                    0x0800fd45   Thumb Code     6  rand.o(.text)
    __aeabi_memcpy                           0x0800fd55   Thumb Code    36  memcpya.o(.text)
    __aeabi_memcpy4                          0x0800fd55   Thumb Code     0  memcpya.o(.text)
    __aeabi_memcpy8                          0x0800fd55   Thumb Code     0  memcpya.o(.text)
    __aeabi_memset                           0x0800fd79   Thumb Code    14  memseta.o(.text)
    __aeabi_memset4                          0x0800fd79   Thumb Code     0  memseta.o(.text)
    __aeabi_memset8                          0x0800fd79   Thumb Code     0  memseta.o(.text)
    __aeabi_memclr                           0x0800fd87   Thumb Code     4  memseta.o(.text)
    __aeabi_memclr4                          0x0800fd87   Thumb Code     0  memseta.o(.text)
    __aeabi_memclr8                          0x0800fd87   Thumb Code     0  memseta.o(.text)
    _memset$wrapper                          0x0800fd8b   Thumb Code    18  memseta.o(.text)
    strlen                                   0x0800fd9d   Thumb Code    14  strlen.o(.text)
    strcmp                                   0x0800fdab   Thumb Code    28  strcmp.o(.text)
    memcmp                                   0x0800fdc7   Thumb Code    26  memcmp.o(.text)
    strncmp                                  0x0800fde1   Thumb Code    30  strncmp.o(.text)
    __aeabi_dadd                             0x0800fdff   Thumb Code   322  dadd.o(.text)
    __aeabi_dsub                             0x0800ff41   Thumb Code     6  dadd.o(.text)
    __aeabi_drsub                            0x0800ff47   Thumb Code     6  dadd.o(.text)
    __aeabi_dmul                             0x0800ff4d   Thumb Code   228  dmul.o(.text)
    __aeabi_ddiv                             0x08010031   Thumb Code   222  ddiv.o(.text)
    __aeabi_i2d                              0x0801010f   Thumb Code    34  dflti.o(.text)
    __aeabi_d2iz                             0x08010131   Thumb Code    62  dfixi.o(.text)
    __aeabi_uidiv                            0x0801016f   Thumb Code     0  uidiv.o(.text)
    __aeabi_uidivmod                         0x0801016f   Thumb Code    44  uidiv.o(.text)
    __aeabi_llsl                             0x0801019b   Thumb Code    30  llshl.o(.text)
    _ll_shift_l                              0x0801019b   Thumb Code     0  llshl.o(.text)
    __aeabi_llsr                             0x080101b9   Thumb Code    32  llushr.o(.text)
    _ll_ushift_r                             0x080101b9   Thumb Code     0  llushr.o(.text)
    __aeabi_lasr                             0x080101d9   Thumb Code    36  llsshr.o(.text)
    _ll_sshift_r                             0x080101d9   Thumb Code     0  llsshr.o(.text)
    __I$use$fp                               0x080101fd   Thumb Code     0  iusefp.o(.text)
    _double_round                            0x080101fd   Thumb Code    30  depilogue.o(.text)
    _double_epilogue                         0x0801021b   Thumb Code   156  depilogue.o(.text)
    __ARM_scalbn                             0x080102b7   Thumb Code    46  dscalb.o(.text)
    scalbn                                   0x080102b7   Thumb Code     0  dscalb.o(.text)
    __scatterload                            0x080102e5   Thumb Code    28  init.o(.text)
    __scatterload_rt2                        0x080102e5   Thumb Code     0  init.o(.text)
    __aeabi_cdcmpeq                          0x08010309   Thumb Code     0  cdcmple.o(.text)
    __aeabi_cdcmple                          0x08010309   Thumb Code    48  cdcmple.o(.text)
    __decompress                             0x08010339   Thumb Code     0  __dczerorl2.o(.text)
    __decompress1                            0x08010339   Thumb Code    86  __dczerorl2.o(.text)
    Long Thumb to Thumb Veneer to ram_function 0x0801038f   Thumb Code    10  anon$$obj.o(Veneer$$Code)
    Long Thumb to Thumb Veneer to ram_flash_copy 0x08010399   Thumb Code    10  anon$$obj.o(Veneer$$Code)
    __0sprintf$3                             0x080103a5   Thumb Code    34  printf3.o(i.__0sprintf$3)
    __1sprintf$3                             0x080103a5   Thumb Code     0  printf3.o(i.__0sprintf$3)
    __2sprintf                               0x080103a5   Thumb Code     0  printf3.o(i.__0sprintf$3)
    __kernel_poly                            0x080103cd   Thumb Code   170  poly.o(i.__kernel_poly)
    __mathlib_dbl_divzero                    0x08010479   Thumb Code    12  dunder.o(i.__mathlib_dbl_divzero)
    __mathlib_dbl_infnan                     0x08010489   Thumb Code     6  dunder.o(i.__mathlib_dbl_infnan)
    __mathlib_dbl_invalid                    0x0801048f   Thumb Code    12  dunder.o(i.__mathlib_dbl_invalid)
    __scatterload_copy                       0x0801049b   Thumb Code    14  handlers.o(i.__scatterload_copy)
    __scatterload_null                       0x080104a9   Thumb Code     2  handlers.o(i.__scatterload_null)
    __scatterload_zeroinit                   0x080104ab   Thumb Code    14  handlers.o(i.__scatterload_zeroinit)
    __set_errno                              0x080104b9   Thumb Code     6  errno.o(i.__set_errno)
    log                                      0x08010689   Thumb Code   808  log.o(i.log)
    log10                                    0x080109e5   Thumb Code   198  log10.o(i.log10)
    Sin100Sample                             0x08010ac8   Data         882  myaudiosample.o(.constdata)
    Sin200Sample                             0x08010e3a   Data         882  myaudiosample.o(.constdata)
    Sin500Sample                             0x080111ac   Data         882  myaudiosample.o(.constdata)
    Sin800Sample                             0x0801151e   Data         882  myaudiosample.o(.constdata)
    Sin1kSample                              0x08011890   Data         882  myaudiosample.o(.constdata)
    Sin2kSample                              0x08011c02   Data         882  myaudiosample.o(.constdata)
    Sin5kSample                              0x08011f74   Data         882  myaudiosample.o(.constdata)
    Sin8kSample                              0x080122e6   Data         882  myaudiosample.o(.constdata)
    Sin10kSample                             0x08012658   Data         882  myaudiosample.o(.constdata)
    Sin15kSample                             0x080129ca   Data         882  myaudiosample.o(.constdata)
    Sin20kSample                             0x08012d3c   Data         882  myaudiosample.o(.constdata)
    PageLogin                                0x080130ae   Data         464  myhttpd.o(.constdata)
    Page1                                    0x0801327e   Data         175  myhttpd.o(.constdata)
    PageLogErr                               0x0801332d   Data         403  myhttpd.o(.constdata)
    PageFrameMain                            0x080134c0   Data         165  myhttpd.o(.constdata)
    PageFrameIndex                           0x08013565   Data         245  myhttpd.o(.constdata)
    PageFrame1                               0x0801365a   Data         269  myhttpd.o(.constdata)
    PageFrame2                               0x08013767   Data         131  myhttpd.o(.constdata)
    PageUpdate                               0x080137ea   Data         741  myhttpd.o(.constdata)
    PageUpdateInputErr                       0x08013acf   Data         155  myhttpd.o(.constdata)
    PageUpdating                             0x08013b6a   Data         250  myhttpd.o(.constdata)
    tcp_backoff                              0x08013c88   Data          13  tcp.o(.constdata)
    tcp_persist_backoff                      0x08013c95   Data           7  tcp.o(.constdata)
    ip_addr_any                              0x08013c9c   Data           4  ip_addr.o(.constdata)
    ip_addr_broadcast                        0x08013ca0   Data           4  ip_addr.o(.constdata)
    ethbroadcast                             0x08013ca4   Data           6  etharp.o(.constdata)
    ethzero                                  0x08013caa   Data           6  etharp.o(.constdata)
    __mathlib_zero                           0x08013ce8   Data           8  qnan.o(.constdata)
    Region$$Table$$Base                      0x08013dd0   Number         0  anon$$obj.o(Region$$Table)
    Region$$Table$$Limit                     0x08013e00   Number         0  anon$$obj.o(Region$$Table)
    ram_function                             0x20000001   Thumb Code    52  myramfunc.o(.text)
    ram_feeddog                              0x20000035   Thumb Code    34  myramfunc.o(.text)
    ram_flash_copy                           0x20000057   Thumb Code   500  myramfunc.o(.text)
    Debuger                                  0x2000026c   Data           4  main.o(.data)
    tmp                                      0x20000270   Data           4  main.o(.data)
    MedianFilterValue                        0x20000274   Data           4  myadc.o(.data)
    MedianFilterFlag                         0x20000278   Data           4  myadc.o(.data)
    StartFlag                                0x2000027c   Data           4  myadc.o(.data)
    SmoothingFilterValue                     0x20000280   Data           4  myadc.o(.data)
    temp1                                    0x20000284   Data           4  myadc.o(.data)
    temp2                                    0x20000288   Data           4  myadc.o(.data)
    tempsum1                                 0x2000028c   Data           4  myadc.o(.data)
    DevType                                  0x20000290   Data           1  myapp.o(.data)
    DevId                                    0x20000291   Data           1  myapp.o(.data)
    TrainId                                  0x20000292   Data           2  myapp.o(.data)
    AppStartTimer                            0x20000294   Data           4  myapp.o(.data)
    AppStartFlag                             0x20000298   Data           4  myapp.o(.data)
    Addr                                     0x2000029c   Data           1  myapp.o(.data)
    AmpState                                 0x200002a0   Data           4  myapp.o(.data)
    DC24V1State                              0x200002a4   Data           4  myapp.o(.data)
    DC24V2State                              0x200002a8   Data           4  myapp.o(.data)
    NoiseDetectState                         0x200002ac   Data           4  myapp.o(.data)
    CurrentState                             0x200002b0   Data           1  myapp.o(.data)
    AppVersion1                              0x200002b1   Data           1  myapp.o(.data)
    AppVersion2                              0x200002b2   Data           1  myapp.o(.data)
    AppVersion3                              0x200002b3   Data           1  myapp.o(.data)
    AppVersion4                              0x200002b4   Data           1  myapp.o(.data)
    pPlayLeftFifo                            0x200002c0   Data           4  myaudio.o(.data)
    PlayLeftProduceIndex                     0x200002c4   Data           4  myaudio.o(.data)
    PlayLeftConsumeIndex                     0x200002c8   Data           4  myaudio.o(.data)
    PlayLeftWaitFlag                         0x200002cc   Data           4  myaudio.o(.data)
    PlayLeftProduceByteIndex                 0x200002d0   Data           4  myaudio.o(.data)
    PlayLeftConsumeByteIndex                 0x200002d4   Data           4  myaudio.o(.data)
    PlayLeftBytesToWrite                     0x200002d8   Data           4  myaudio.o(.data)
    PlayLeftBytesToRead                      0x200002dc   Data           4  myaudio.o(.data)
    pPlayRightFifo                           0x200002e0   Data           4  myaudio.o(.data)
    PlayRightProduceIndex                    0x200002e4   Data           4  myaudio.o(.data)
    PlayRightConsumeIndex                    0x200002e8   Data           4  myaudio.o(.data)
    PlayRightWaitFlag                        0x200002ec   Data           4  myaudio.o(.data)
    pListenLeftFifo                          0x200002f0   Data           4  myaudio.o(.data)
    ListenLeftProduceIndex                   0x200002f4   Data           4  myaudio.o(.data)
    ListenLeftConsumeIndex                   0x200002f8   Data           4  myaudio.o(.data)
    pListenRightFifo                         0x200002fc   Data           4  myaudio.o(.data)
    ListenRightProduceIndex                  0x20000300   Data           4  myaudio.o(.data)
    ListenRightConsumeIndex                  0x20000304   Data           4  myaudio.o(.data)
    ListenLeftFlag                           0x20000308   Data           4  myaudio.o(.data)
    ListenLeftEnable                         0x2000030c   Data           4  myaudio.o(.data)
    ListenRightFlag                          0x20000310   Data           4  myaudio.o(.data)
    ListenRightEnable                        0x20000314   Data           4  myaudio.o(.data)
    AudioVolume                              0x20000318   Data           4  myaudio.o(.data)
    AudioTreble                              0x2000031c   Data           4  myaudio.o(.data)
    AudioBass                                0x20000320   Data           4  myaudio.o(.data)
    AudioFrontPlayFlag                       0x20000324   Data           4  myaudio.o(.data)
    AudioBackPlayFlag                        0x20000328   Data           4  myaudio.o(.data)
    PlayClock                                0x2000032c   Data           4  myaudio.o(.data)
    PlayClockSendFlag                        0x20000330   Data           4  myaudio.o(.data)
    PlayClockEnable                          0x20000334   Data           4  myaudio.o(.data)
    PlayClockRcvFlag                         0x20000338   Data           4  myaudio.o(.data)
    SampleV                                  0x2000033c   Data           4  myaudio.o(.data)
    SampleI                                  0x20000340   Data           4  myaudio.o(.data)
    SampleVIbufIndex                         0x20000344   Data           4  myaudio.o(.data)
    SampleR                                  0x20000348   Data           4  myaudio.o(.data)
    SpeakerState                             0x2000034c   Data           4  myaudio.o(.data)
    EmeVolume                                0x20000350   Data           4  myaudio.o(.data)
    EmeVolumeSetFlag                         0x20000354   Data           4  myaudio.o(.data)
    EmeAudioFlag                             0x20000358   Data           4  myaudio.o(.data)
    EmeAudioTestFlag                         0x2000035c   Data           4  myaudio.o(.data)
    AudioUpDownFlag                          0x20000360   Data           4  myaudio.o(.data)
    AudioNdOffset                            0x20000364   Data           4  myaudio.o(.data)
    AudioNdFlag                              0x20000368   Data           4  myaudio.o(.data)
    AudioNdOffsetAim                         0x2000036c   Data           4  myaudio.o(.data)
    AudioNdOffsetAim1                        0x20000370   Data           4  myaudio.o(.data)
    AudioNdedVolume                          0x20000374   Data           4  myaudio.o(.data)
    AudioPlayTestSinFlag                     0x20000378   Data           4  myaudio.o(.data)
    AudioPlayTestSinFrequency                0x2000037c   Data           4  myaudio.o(.data)
    AudioPlayTestSinSampleIndex              0x20000380   Data           4  myaudio.o(.data)
    AudioInputSampleV                        0x20000384   Data           4  myaudio.o(.data)
    AudioInputSampleI                        0x20000388   Data           4  myaudio.o(.data)
    CommanderSendAdcValueFlag                0x20000390   Data           4  mycommander.o(.data)
    CommanderSendSampleFlag                  0x20000394   Data           4  mycommander.o(.data)
    CommanderSendNoiseFlag                   0x20000398   Data           4  mycommander.o(.data)
    EthInitStatus                            0x2000039c   Data           4  myethernet.o(.data)
    EthLinkStatus                            0x200003a0   Data           1  myethernet.o(.data)
    ThisDebuger                              0x200003a4   Data           4  myflash.o(.data)
    I2cTimeout                               0x200003a8   Data           4  myi2c.o(.data)
    I2cError                                 0x200003ac   Data           4  myi2c.o(.data)
    DmaPlayFlag                              0x200003b0   Data           4  myi2s.o(.data)
    KeyValue                                 0x200003b4   Data           4  mykey.o(.data)
    KeyUpFlag                                0x200003b8   Data           4  mykey.o(.data)
    KeyUpStep                                0x200003bc   Data           4  mykey.o(.data)
    KeyUpContinuous                          0x200003c0   Data           4  mykey.o(.data)
    KeyDownFlag                              0x200003c4   Data           4  mykey.o(.data)
    KeyDownStep                              0x200003c8   Data           4  mykey.o(.data)
    KeyDownContinuous                        0x200003cc   Data           4  mykey.o(.data)
    AllBroadIpAddr                           0x200003d0   Data           4  mylwip.o(.data)
    LocalBroadIpAddr                         0x200003d4   Data           4  mylwip.o(.data)
    pUdpTestPcb                              0x200003d8   Data           4  mylwip.o(.data)
    pUdpCommanderPcb                         0x200003dc   Data           4  mylwip.o(.data)
    pUdpControlRcvPcb                        0x200003e0   Data           4  mylwip.o(.data)
    pUdpControlSendPcb                       0x200003e4   Data           4  mylwip.o(.data)
    pUdpBroadcastRcvPcb                      0x200003e8   Data           4  mylwip.o(.data)
    pUdpBroadcastSendPcb                     0x200003ec   Data           4  mylwip.o(.data)
    pUdpTalkRcvPcb                           0x200003f0   Data           4  mylwip.o(.data)
    pUdpTalkSendPcb                          0x200003f4   Data           4  mylwip.o(.data)
    pUdpPlayclkRcvPcb                        0x200003f8   Data           4  mylwip.o(.data)
    pUdpPlayclkSendPcb                       0x200003fc   Data           4  mylwip.o(.data)
    pUdpDownloadRcvPcb                       0x20000400   Data           4  mylwip.o(.data)
    pUdpDownloadSendPcb                      0x20000404   Data           4  mylwip.o(.data)
    NetLocalMac                              0x2000040c   Data           6  mynet.o(.data)
    NetLocalIp                               0x20000412   Data           4  mynet.o(.data)
    NetRouterIp                              0x20000416   Data           4  mynet.o(.data)
    NetMaskIp                                0x2000041a   Data           4  mynet.o(.data)
    NetShowIp                                0x2000041e   Data           4  mynet.o(.data)
    pNetReceiveBuf                           0x20000424   Data           4  mynet.o(.data)
    NetReceiveBufSize                        0x20000428   Data           4  mynet.o(.data)
    pNetSendBuf                              0x2000042c   Data           4  mynet.o(.data)
    NetSendBufSize                           0x20000430   Data           4  mynet.o(.data)
    NetStartingFlag                          0x20000434   Data           4  mynet.o(.data)
    NetListenSendFlag                        0x20000438   Data           4  mynet.o(.data)
    NetBaseIp                                0x2000043c   Data           4  mynet.o(.data)
    NetLocalBroadcastIp                      0x20000440   Data           4  mynet.o(.data)
    volume_1s                                0x20000444   Data           1  mynet.o(.data)
    NetDownloadStarted                       0x20000448   Data           4  mynet.o(.data)
    NetDownloadBlocks                        0x2000044c   Data           4  mynet.o(.data)
    NetDownloadBlockNum                      0x20000450   Data           4  mynet.o(.data)
    NoiseTable_dB                            0x20000458   Data         160  mynoise.o(.data)
    NoiseTable_Adv                           0x200004f8   Data         160  mynoise.o(.data)
    NoiseTable_SampleV                       0x20000598   Data          48  mynoise.o(.data)
    NoiseMode                                0x200005c8   Data           4  mynoise.o(.data)
    MyNoise1SampleFlag                       0x200005cc   Data           4  mynoise.o(.data)
    Noise12BufIndex                          0x200005d0   Data           4  mynoise.o(.data)
    Noise1Value                              0x200005d4   Data           4  mynoise.o(.data)
    Noise2Value                              0x200005d8   Data           4  mynoise.o(.data)
    Noise1DB                                 0x200005dc   Data           4  mynoise.o(.data)
    Noise2DB                                 0x200005e0   Data           4  mynoise.o(.data)
    NoiseDB                                  0x200005e4   Data           4  mynoise.o(.data)
    NoiseMyDB                                0x200005e8   Data           4  mynoise.o(.data)
    NoiseOtherDB                             0x200005ec   Data           4  mynoise.o(.data)
    NoiseNewMyValue                          0x200005f0   Data           4  mynoise.o(.data)
    NoiseNewMyDb                             0x200005f4   Data           4  mynoise.o(.data)
    NoiseNewSensorBufIndex                   0x200005f8   Data           4  mynoise.o(.data)
    NoiseNewSensor1Value                     0x200005fc   Data           4  mynoise.o(.data)
    NoiseNewSensor2Value                     0x20000600   Data           4  mynoise.o(.data)
    NoiseNewSensor1Db                        0x20000604   Data           4  mynoise.o(.data)
    NoiseNewSensor2Db                        0x20000608   Data           4  mynoise.o(.data)
    NoiseNewSensorDb                         0x2000060c   Data           4  mynoise.o(.data)
    NoiseNewOtherDb                          0x20000610   Data           4  mynoise.o(.data)
    ProtocolLocalInfo                        0x2000061c   Data           8  myprotocol.o(.data)
    ProtocolBroadInfo                        0x20000624   Data           8  myprotocol.o(.data)
    count                                    0x2000062c   Data           4  myramfunc.o(.data)
    SelfTestStartFlag                        0x20000634   Data           4  myselftest.o(.data)
    SelfTestStep                             0x20000638   Data           4  myselftest.o(.data)
    SelfTest1kVCount                         0x2000063c   Data           4  myselftest.o(.data)
    SelfTest1kVVolt                          0x20000640   Data           4  myselftest.o(.data)
    SelfTest1kICount                         0x20000644   Data           4  myselftest.o(.data)
    SelfTest1kIA                             0x20000648   Data           4  myselftest.o(.data)
    SelfTestAmplification                    0x2000064c   Data           4  myselftest.o(.data)
    SelfTestSnr                              0x20000650   Data           4  myselftest.o(.data)
    SelfTestOutputPower                      0x20000654   Data           4  myselftest.o(.data)
    StorageInfoSaveFlag                      0x20000658   Data           4  mystorage.o(.data)
    UDPpcb                                   0x2000065c   Data           4  mytftpclient.o(.data)
    ServerIp                                 0x20000660   Data           4  mytftpclient.o(.data)
    ServerPort                               0x20000664   Data           4  mytftpclient.o(.data)
    ReadFlag                                 0x20000668   Data           4  mytftpclient.o(.data)
    ReadStep                                 0x2000066c   Data           4  mytftpclient.o(.data)
    ReadTimer                                0x20000670   Data           4  mytftpclient.o(.data)
    ReadFileOffset                           0x20000674   Data           4  mytftpclient.o(.data)
    MyTmCnt10us                              0x20000678   Data           4  mytimer.o(.data)
    MyTmCnt250us                             0x2000067c   Data           4  mytimer.o(.data)
    MyTmCnt10ms                              0x20000680   Data           4  mytimer.o(.data)
    MyTmCnt20ms                              0x20000684   Data           4  mytimer.o(.data)
    MyTmCnt25ms                              0x20000688   Data           4  mytimer.o(.data)
    MyTmCnt50ms                              0x2000068c   Data           4  mytimer.o(.data)
    MyTmCnt100ms                             0x20000690   Data           4  mytimer.o(.data)
    MyTmCnt200ms                             0x20000694   Data           4  mytimer.o(.data)
    MyTmCnt500ms                             0x20000698   Data           4  mytimer.o(.data)
    MyTmCnt1000ms                            0x2000069c   Data           4  mytimer.o(.data)
    MyTmCnt2000ms                            0x200006a0   Data           4  mytimer.o(.data)
    MyTmCnt5000ms                            0x200006a4   Data           4  mytimer.o(.data)
    MyNoiseSampleFlag                        0x200006a8   Data           4  mytimer.o(.data)
    netif_list                               0x200006c0   Data           4  netif.o(.data)
    netif_default                            0x200006c4   Data           4  netif.o(.data)
    tcp_state_str                            0x200006d0   Data          44  tcp.o(.data)
    tcp_ticks                                0x200006fc   Data           4  tcp.o(.data)
    tcp_bound_pcbs                           0x20000700   Data           4  tcp.o(.data)
    tcp_listen_pcbs                          0x20000704   Data           4  tcp.o(.data)
    tcp_active_pcbs                          0x20000708   Data           4  tcp.o(.data)
    tcp_tw_pcbs                              0x2000070c   Data           4  tcp.o(.data)
    tcp_tmp_pcb                              0x20000710   Data           4  tcp.o(.data)
    tcp_input_pcb                            0x20000738   Data           4  tcp_in.o(.data)
    udp_pcbs                                 0x2000073c   Data           4  udp.o(.data)
    current_netif                            0x20000740   Data           4  ip.o(.data)
    current_header                           0x20000744   Data           4  ip.o(.data)
    DMATxDescToSet                           0x20000764   Data           4  stm32f2x7_eth.o(.data)
    DMARxDescToGet                           0x20000768   Data           4  stm32f2x7_eth.o(.data)
    DMA_RX_FRAME_infos                       0x2000076c   Data           4  stm32f2x7_eth.o(.data)
    Frame_Rx_index                           0x20000770   Data           4  stm32f2x7_eth.o(.data)
    I2C_SGTL5000_Error                       0x20000774   Data           4  soundcard.o(.data)
    I2C_SGTL5000_Timeout                     0x20000778   Data           4  soundcard.o(.data)
    SystemCoreClock                          0x20000780   Data           4  system_stm32f2xx.o(.data)
    AHBPrescTable                            0x20000784   Data          16  system_stm32f2xx.o(.data)
    AdcConvertedValue                        0x2000079c   Data        4000  myadc.o(.bss)
    LedBrightness                            0x2000173c   Data          20  myapp.o(.bss)
    PlayLeftFifo                             0x20001750   Data        8192  myaudio.o(.bss)
    PlayRightFifo                            0x20003750   Data        8192  myaudio.o(.bss)
    ListenLeftFifo                           0x20005750   Data        2048  myaudio.o(.bss)
    ListenRightFifo                          0x20005f50   Data        2048  myaudio.o(.bss)
    AudioPlayInfo                            0x20006750   Data          12  myaudio.o(.bss)
    SampleVbuf                               0x2000675c   Data          32  myaudio.o(.bss)
    SampleIbuf                               0x2000677c   Data          32  myaudio.o(.bss)
    AudioPlayTestSinBuf                      0x2000679c   Data        1024  myaudio.o(.bss)
    OutStr                                   0x20006bdc   Data         512  mycommander.o(.bss)
    HttpTest                                 0x20006ddc   Data        1024  myhttpd.o(.bss)
    PageBuf                                  0x200071dc   Data        1024  myhttpd.o(.bss)
    DmaPlayMem0                              0x200075dc   Data        2048  myi2s.o(.bss)
    DmaPlayMem1                              0x20007ddc   Data        2048  myi2s.o(.bss)
    DmaListenMem0                            0x200085dc   Data        2048  myi2s.o(.bss)
    DmaListenMem1                            0x20008ddc   Data        2048  myi2s.o(.bss)
    Netif                                    0x200095dc   Data          52  mylwip.o(.bss)
    NetBuf                                   0x20009610   Data        1280  mynet.o(.bss)
    NoiseNewSensor1Buf                       0x20009b10   Data         400  mynoise.o(.bss)
    NoiseNewSensor2Buf                       0x20009ca0   Data         400  mynoise.o(.bss)
    Noise1Buf                                0x20009e30   Data         100  mynoise.o(.bss)
    Noise2Buf                                0x20009e94   Data         100  mynoise.o(.bss)
    SelfTestFrequencyResponse                0x20009ef8   Data         128  myselftest.o(.bss)
    StorageInfo                              0x20009f78   Data          23  mystorage.o(.bss)
    DaBuf                                    0x20009f8f   Data         516  mytftpclient.o(.bss)
    DMARxDscrTab                             0x200138bc   Data         160  stm32f2x7_eth.o(.bss)
    DMATxDscrTab                             0x2001395c   Data         160  stm32f2x7_eth.o(.bss)
    Rx_Buff                                  0x200139fc   Data        7620  stm32f2x7_eth.o(.bss)
    Tx_Buff                                  0x200157c0   Data        7620  stm32f2x7_eth.o(.bss)
    RX_Frame_Descriptor                      0x20017584   Data          12  stm32f2x7_eth.o(.bss)
    __initial_sp                             0x20019590   Data           0  startup_stm32f2xx.o(STACK)



==============================================================================

Memory Map of the image

  Image Entry point : 0x08000185

  Load Region LR_IROM1 (Base: 0x08000000, Size: 0x0001459c, Max: 0x00040000, ABSOLUTE, COMPRESSED[0x00014150])

    Execution Region ER_IROM1 (Exec base: 0x08000000, Load base: 0x08000000, Size: 0x00013e00, Max: 0x00040000, ABSOLUTE)

    Exec Addr    Load Addr    Size         Type   Attr      Idx    E Section Name        Object

    0x08000000   0x08000000   0x00000184   Data   RO         1630    RESET               startup_stm32f2xx.o
    0x08000184   0x08000184   0x00000000   Code   RO         1694  * .ARM.Collect$$$$00000000  mc_w.l(entry.o)
    0x08000184   0x08000184   0x00000004   Code   RO         2009    .ARM.Collect$$$$00000001  mc_w.l(entry2.o)
    0x08000188   0x08000188   0x00000004   Code   RO         2012    .ARM.Collect$$$$00000004  mc_w.l(entry5.o)
    0x0800018c   0x0800018c   0x00000000   Code   RO         2014    .ARM.Collect$$$$00000008  mc_w.l(entry7b.o)
    0x0800018c   0x0800018c   0x00000000   Code   RO         2016    .ARM.Collect$$$$0000000A  mc_w.l(entry8b.o)
    0x0800018c   0x0800018c   0x00000008   Code   RO         2017    .ARM.Collect$$$$0000000B  mc_w.l(entry9a.o)
    0x08000194   0x08000194   0x00000000   Code   RO         2019    .ARM.Collect$$$$0000000D  mc_w.l(entry10a.o)
    0x08000194   0x08000194   0x00000000   Code   RO         2021    .ARM.Collect$$$$0000000F  mc_w.l(entry11a.o)
    0x08000194   0x08000194   0x00000004   Code   RO         2010    .ARM.Collect$$$$00002712  mc_w.l(entry2.o)
    0x08000198   0x08000198   0x00000234   Code   RO            1    .text               main.o
    0x080003cc   0x080003cc   0x0000030c   Code   RO          297    .text               myadc.o
    0x080006d8   0x080006d8   0x00000818   Code   RO          362    .text               myapp.o
    0x08000ef0   0x08000ef0   0x00000c48   Code   RO          381    .text               myaudio.o
    0x08001b38   0x08001b38   0x00000848   Code   RO          415    .text               myboard.o
    0x08002380   0x08002380   0x00000d30   Code   RO          430    .text               mycommander.o
    0x080030b0   0x080030b0   0x00000168   Code   RO          447    .text               myethernet.o
    0x08003218   0x08003218   0x00000124   Code   RO          462    .text               myflash.o
    0x0800333c   0x0800333c   0x000006cc   Code   RO          477    .text               myhttpd.o
    0x08003a08   0x08003a08   0x00000a00   Code   RO          553    .text               myi2c.o
    0x08004408   0x08004408   0x00000510   Code   RO          571    .text               myi2s.o
    0x08004918   0x08004918   0x000001ac   Code   RO          590    .text               mykey.o
    0x08004ac4   0x08004ac4   0x00000668   Code   RO          608    .text               mylwip.o
    0x0800512c   0x0800512c   0x0000031c   Code   RO          624    .text               mymiscfunc.o
    0x08005448   0x08005448   0x000009a4   Code   RO          636    .text               mynet.o
    0x08005dec   0x08005dec   0x00000490   Code   RO          655    .text               mynoise.o
    0x0800627c   0x0800627c   0x000005ac   Code   RO          674    .text               myprotocol.o
    0x08006828   0x08006828   0x00000414   Code   RO          704    .text               myselftest.o
    0x08006c3c   0x08006c3c   0x00000178   Code   RO          723    .text               mystorage.o
    0x08006db4   0x08006db4   0x000002f8   Code   RO          754    .text               mytftpclient.o
    0x080070ac   0x080070ac   0x000001d0   Code   RO          770    .text               mytimer.o
    0x0800727c   0x0800727c   0x0000002e   Code   RO          793    .text               stm32f2xx_it.o
    0x080072aa   0x080072aa   0x00000002   PAD
    0x080072ac   0x080072ac   0x0000034c   Code   RO          909    .text               mem.o
    0x080075f8   0x080075f8   0x000000a8   Code   RO          924    .text               memp.o
    0x080076a0   0x080076a0   0x00000204   Code   RO          954    .text               netif.o
    0x080078a4   0x080078a4   0x0000059c   Code   RO          976    .text               pbuf.o
    0x08007e40   0x08007e40   0x000001a0   Code   RO          991    .text               raw.o
    0x08007fe0   0x08007fe0   0x00000bd0   Code   RO         1017    .text               tcp.o
    0x08008bb0   0x08008bb0   0x00001294   Code   RO         1038    .text               tcp_in.o
    0x08009e44   0x08009e44   0x00000a8e   Code   RO         1061    .text               tcp_out.o
    0x0800a8d2   0x0800a8d2   0x00000002   PAD
    0x0800a8d4   0x0800a8d4   0x000003e0   Code   RO         1073    .text               udp.o
    0x0800acb4   0x0800acb4   0x000003c0   Code   RO         1091    .text               autoip.o
    0x0800b074   0x0800b074   0x00000200   Code   RO         1103    .text               icmp.o
    0x0800b274   0x0800b274   0x0000021c   Code   RO         1121    .text               inet.o
    0x0800b490   0x0800b490   0x00000156   Code   RO         1134    .text               inet_chksum.o
    0x0800b5e6   0x0800b5e6   0x00000002   PAD
    0x0800b5e8   0x0800b5e8   0x00000314   Code   RO         1153    .text               ip.o
    0x0800b8fc   0x0800b8fc   0x0000004e   Code   RO         1174    .text               ip_addr.o
    0x0800b94a   0x0800b94a   0x00000002   PAD
    0x0800b94c   0x0800b94c   0x000005ec   Code   RO         1196    .text               ip_frag.o
    0x0800bf38   0x0800bf38   0x00000960   Code   RO         1211    .text               etharp.o
    0x0800c898   0x0800c898   0x000001d4   Code   RO         1246    .text               ethernetif.o
    0x0800ca6c   0x0800ca6c   0x000000e0   Code   RO         1357    .text               misc.o
    0x0800cb4c   0x0800cb4c   0x000003a8   Code   RO         1381    .text               stm32f2xx_dma.o
    0x0800cef4   0x0800cef4   0x000004bc   Code   RO         1405    .text               stm32f2xx_flash.o
    0x0800d3b0   0x0800d3b0   0x0000025c   Code   RO         1417    .text               stm32f2xx_gpio.o
    0x0800d60c   0x0800d60c   0x00000428   Code   RO         1429    .text               stm32f2xx_i2c.o
    0x0800da34   0x0800da34   0x00000588   Code   RO         1453    .text               stm32f2xx_rcc.o
    0x0800dfbc   0x0800dfbc   0x00000364   Code   RO         1467    .text               stm32f2xx_spi.o
    0x0800e320   0x0800e320   0x0000008c   Code   RO         1479    .text               stm32f2xx_syscfg.o
    0x0800e3ac   0x0800e3ac   0x00000464   Code   RO         1515    .text               stm32f2xx_adc.o
    0x0800e810   0x0800e810   0x00000090   Code   RO         1527    .text               stm32f2xx_wwdg.o
    0x0800e8a0   0x0800e8a0   0x00000d84   Code   RO         1539    .text               stm32f2x7_eth.o
    0x0800f624   0x0800f624   0x00000508   Code   RO         1561    .text               soundcard.o
    0x0800fb2c   0x0800fb2c   0x00000024   Code   RO         1631    .text               startup_stm32f2xx.o
    0x0800fb50   0x0800fb50   0x000001e0   Code   RO         1636    .text               system_stm32f2xx.o
    0x0800fd30   0x0800fd30   0x00000024   Code   RO         1697    .text               mc_w.l(rand.o)
    0x0800fd54   0x0800fd54   0x00000024   Code   RO         1700    .text               mc_w.l(memcpya.o)
    0x0800fd78   0x0800fd78   0x00000024   Code   RO         1702    .text               mc_w.l(memseta.o)
    0x0800fd9c   0x0800fd9c   0x0000000e   Code   RO         1704    .text               mc_w.l(strlen.o)
    0x0800fdaa   0x0800fdaa   0x0000001c   Code   RO         1706    .text               mc_w.l(strcmp.o)
    0x0800fdc6   0x0800fdc6   0x0000001a   Code   RO         1708    .text               mc_w.l(memcmp.o)
    0x0800fde0   0x0800fde0   0x0000001e   Code   RO         1710    .text               mc_w.l(strncmp.o)
    0x0800fdfe   0x0800fdfe   0x0000014e   Code   RO         1975    .text               mf_w.l(dadd.o)
    0x0800ff4c   0x0800ff4c   0x000000e4   Code   RO         1977    .text               mf_w.l(dmul.o)
    0x08010030   0x08010030   0x000000de   Code   RO         1979    .text               mf_w.l(ddiv.o)
    0x0801010e   0x0801010e   0x00000022   Code   RO         1981    .text               mf_w.l(dflti.o)
    0x08010130   0x08010130   0x0000003e   Code   RO         1983    .text               mf_w.l(dfixi.o)
    0x0801016e   0x0801016e   0x0000002c   Code   RO         2026    .text               mc_w.l(uidiv.o)
    0x0801019a   0x0801019a   0x0000001e   Code   RO         2030    .text               mc_w.l(llshl.o)
    0x080101b8   0x080101b8   0x00000020   Code   RO         2032    .text               mc_w.l(llushr.o)
    0x080101d8   0x080101d8   0x00000024   Code   RO         2034    .text               mc_w.l(llsshr.o)
    0x080101fc   0x080101fc   0x00000000   Code   RO         2043    .text               mc_w.l(iusefp.o)
    0x080101fc   0x080101fc   0x000000ba   Code   RO         2044    .text               mf_w.l(depilogue.o)
    0x080102b6   0x080102b6   0x0000002e   Code   RO         2046    .text               mf_w.l(dscalb.o)
    0x080102e4   0x080102e4   0x00000024   Code   RO         2055    .text               mc_w.l(init.o)
    0x08010308   0x08010308   0x00000030   Code   RO         2059    .text               mf_w.l(cdcmple.o)
    0x08010338   0x08010338   0x00000056   Code   RO         2069    .text               mc_w.l(__dczerorl2.o)
    0x0801038e   0x0801038e   0x0000000a   Ven    RO         2071    Veneer$$Code        anon$$obj.o
    0x08010398   0x08010398   0x0000000a   Ven    RO         2072    Veneer$$Code        anon$$obj.o
    0x080103a2   0x080103a2   0x00000002   PAD
    0x080103a4   0x080103a4   0x00000028   Code   RO         1805    i.__0sprintf$3      mc_w.l(printf3.o)
    0x080103cc   0x080103cc   0x000000aa   Code   RO         2052    i.__kernel_poly     m_ws.l(poly.o)
    0x08010476   0x08010476   0x00000002   PAD
    0x08010478   0x08010478   0x00000010   Code   RO         1985    i.__mathlib_dbl_divzero  m_ws.l(dunder.o)
    0x08010488   0x08010488   0x00000006   Code   RO         1986    i.__mathlib_dbl_infnan  m_ws.l(dunder.o)
    0x0801048e   0x0801048e   0x0000000c   Code   RO         1988    i.__mathlib_dbl_invalid  m_ws.l(dunder.o)
    0x0801049a   0x0801049a   0x0000000e   Code   RO         2063    i.__scatterload_copy  mc_w.l(handlers.o)
    0x080104a8   0x080104a8   0x00000002   Code   RO         2064    i.__scatterload_null  mc_w.l(handlers.o)
    0x080104aa   0x080104aa   0x0000000e   Code   RO         2065    i.__scatterload_zeroinit  mc_w.l(handlers.o)
    0x080104b8   0x080104b8   0x0000000c   Code   RO         2038    i.__set_errno       mc_w.l(errno.o)
    0x080104c4   0x080104c4   0x000001b8   Code   RO         1810    i._printf_core      mc_w.l(printf3.o)
    0x0801067c   0x0801067c   0x0000000a   Code   RO         1812    i._sputc            mc_w.l(printf3.o)
    0x08010686   0x08010686   0x00000002   PAD
    0x08010688   0x08010688   0x0000035c   Code   RO         2000    i.log               m_ws.l(log.o)
    0x080109e4   0x080109e4   0x000000e4   Code   RO         1687    i.log10             m_ws.l(log10.o)
    0x08010ac8   0x08010ac8   0x000025e6   Data   RO          403    .constdata          myaudiosample.o
    0x080130ae   0x080130ae   0x00000bb6   Data   RO          479    .constdata          myhttpd.o
    0x08013c64   0x08013c64   0x00000024   Data   RO          926    .constdata          memp.o
    0x08013c88   0x08013c88   0x00000014   Data   RO         1018    .constdata          tcp.o
    0x08013c9c   0x08013c9c   0x00000008   Data   RO         1175    .constdata          ip_addr.o
    0x08013ca4   0x08013ca4   0x0000000c   Data   RO         1213    .constdata          etharp.o
    0x08013cb0   0x08013cb0   0x00000038   Data   RO         2001    .constdata          m_ws.l(log.o)
    0x08013ce8   0x08013ce8   0x00000008   Data   RO         2054    .constdata          m_ws.l(qnan.o)
    0x08013cf0   0x08013cf0   0x00000065   Data   RO          432    .conststring        mycommander.o
    0x08013d55   0x08013d55   0x00000003   PAD
    0x08013d58   0x08013d58   0x00000075   Data   RO         1019    .conststring        tcp.o
    0x08013dcd   0x08013dcd   0x00000003   PAD
    0x08013dd0   0x08013dd0   0x00000030   Data   RO         2061    Region$$Table       anon$$obj.o


    Execution Region RW_IRAM1 (Exec base: 0x20000000, Load base: 0x08013e00, Size: 0x00019590, Max: 0x00020000, ABSOLUTE, COMPRESSED[0x000000e8])

    Exec Addr    Load Addr    Size         Type   Attr      Idx    E Section Name        Object

    0x20000000   0x08013e00   0x00000268   Code   RO          689    .text               myramfunc.o
    0x20000268   COMPRESSED   0x0000000c   Data   RW            2    .data               main.o
    0x20000274   COMPRESSED   0x0000001c   Data   RW          299    .data               myadc.o
    0x20000290   COMPRESSED   0x00000030   Data   RW          364    .data               myapp.o
    0x200002c0   COMPRESSED   0x000000d0   Data   RW          383    .data               myaudio.o
    0x20000390   COMPRESSED   0x0000000c   Data   RW          433    .data               mycommander.o
    0x2000039c   COMPRESSED   0x00000005   Data   RW          448    .data               myethernet.o
    0x200003a1   COMPRESSED   0x00000003   PAD
    0x200003a4   COMPRESSED   0x00000004   Data   RW          463    .data               myflash.o
    0x200003a8   COMPRESSED   0x00000008   Data   RW          554    .data               myi2c.o
    0x200003b0   COMPRESSED   0x00000004   Data   RW          573    .data               myi2s.o
    0x200003b4   COMPRESSED   0x0000001c   Data   RW          591    .data               mykey.o
    0x200003d0   COMPRESSED   0x0000003c   Data   RW          610    .data               mylwip.o
    0x2000040c   COMPRESSED   0x00000049   Data   RW          638    .data               mynet.o
    0x20000455   COMPRESSED   0x00000003   PAD
    0x20000458   COMPRESSED   0x000001c4   Data   RW          657    .data               mynoise.o
    0x2000061c   COMPRESSED   0x00000010   Data   RW          675    .data               myprotocol.o
    0x2000062c   COMPRESSED   0x00000008   Data   RW          690    .data               myramfunc.o
    0x20000634   COMPRESSED   0x00000024   Data   RW          706    .data               myselftest.o
    0x20000658   COMPRESSED   0x00000004   Data   RW          725    .data               mystorage.o
    0x2000065c   COMPRESSED   0x0000001c   Data   RW          756    .data               mytftpclient.o
    0x20000678   COMPRESSED   0x00000035   Data   RW          771    .data               mytimer.o
    0x200006ad   COMPRESSED   0x00000003   PAD
    0x200006b0   COMPRESSED   0x0000000d   Data   RW          911    .data               mem.o
    0x200006bd   COMPRESSED   0x00000003   PAD
    0x200006c0   COMPRESSED   0x00000009   Data   RW          955    .data               netif.o
    0x200006c9   COMPRESSED   0x00000003   PAD
    0x200006cc   COMPRESSED   0x00000004   Data   RW          992    .data               raw.o
    0x200006d0   COMPRESSED   0x0000004c   Data   RW         1020    .data               tcp.o
    0x2000071c   COMPRESSED   0x00000020   Data   RW         1040    .data               tcp_in.o
    0x2000073c   COMPRESSED   0x00000004   Data   RW         1074    .data               udp.o
    0x20000740   COMPRESSED   0x0000000a   Data   RW         1154    .data               ip.o
    0x2000074a   COMPRESSED   0x00000002   PAD
    0x2000074c   COMPRESSED   0x00000006   Data   RW         1198    .data               ip_frag.o
    0x20000752   COMPRESSED   0x00000001   Data   RW         1214    .data               etharp.o
    0x20000753   COMPRESSED   0x00000010   Data   RW         1454    .data               stm32f2xx_rcc.o
    0x20000763   COMPRESSED   0x00000001   PAD
    0x20000764   COMPRESSED   0x00000010   Data   RW         1541    .data               stm32f2x7_eth.o
    0x20000774   COMPRESSED   0x00000009   Data   RW         1562    .data               soundcard.o
    0x2000077d   COMPRESSED   0x00000003   PAD
    0x20000780   COMPRESSED   0x00000014   Data   RW         1637    .data               system_stm32f2xx.o
    0x20000794   COMPRESSED   0x00000004   Data   RW         1698    .data               mc_w.l(rand.o)
    0x20000798   COMPRESSED   0x00000004   Data   RW         2039    .data               mc_w.l(errno.o)
    0x2000079c        -       0x00000fa0   Zero   RW          298    .bss                myadc.o
    0x2000173c        -       0x00000014   Zero   RW          363    .bss                myapp.o
    0x20001750        -       0x0000548c   Zero   RW          382    .bss                myaudio.o
    0x20006bdc        -       0x00000200   Zero   RW          431    .bss                mycommander.o
    0x20006ddc        -       0x00000800   Zero   RW          478    .bss                myhttpd.o
    0x200075dc        -       0x00002000   Zero   RW          572    .bss                myi2s.o
    0x200095dc        -       0x00000034   Zero   RW          609    .bss                mylwip.o
    0x20009610        -       0x00000500   Zero   RW          637    .bss                mynet.o
    0x20009b10        -       0x000003e8   Zero   RW          656    .bss                mynoise.o
    0x20009ef8        -       0x00000080   Zero   RW          705    .bss                myselftest.o
    0x20009f78        -       0x00000017   Zero   RW          724    .bss                mystorage.o
    0x20009f8f        -       0x00000204   Zero   RW          755    .bss                mytftpclient.o
    0x2000a193        -       0x00002814   Zero   RW          910    .bss                mem.o
    0x2000c9a7   COMPRESSED   0x00000001   PAD
    0x2000c9a8        -       0x00006847   Zero   RW          925    .bss                memp.o
    0x200131ef   COMPRESSED   0x00000001   PAD
    0x200131f0        -       0x00000014   Zero   RW         1039    .bss                tcp_in.o
    0x20013204        -       0x00000010   Zero   RW         1122    .bss                inet.o
    0x20013214        -       0x000005e0   Zero   RW         1197    .bss                ip_frag.o
    0x200137f4        -       0x000000c8   Zero   RW         1212    .bss                etharp.o
    0x200138bc        -       0x00003cd4   Zero   RW         1540    .bss                stm32f2x7_eth.o
    0x20017590        -       0x00002000   Zero   RW         1628    STACK               startup_stm32f2xx.o


==============================================================================

Image component sizes


      Code (inc. data)   RO Data    RW Data    ZI Data      Debug   Object Name

       960         34          0          0          0       4530   autoip.o
      2400         22         12          1        200      10062   etharp.o
       468         42          0          0          0       3000   ethernetif.o
       512          0          0          0          0       2706   icmp.o
       540         12          0          0         16       3328   inet.o
       342          0          0          0          0       5450   inet_chksum.o
         0          0          0          0          0       5362   init.o
       788         22          0         10          0       6146   ip.o
        78          0          8          0          0       5753   ip_addr.o
      1516         18          0          6       1504       6116   ip_frag.o
       564         66          0         12          0     319257   main.o
       844         22          0         13      10260       3910   mem.o
       168         18         36          0      26695       3162   memp.o
       224         20          0          0          0       1877   misc.o
       780         52          0         28       4000       3880   myadc.o
      2072        118          0         48         20       5306   myapp.o
      3144        464          0        208      21644      11334   myaudio.o
         0          0       9702          0          0       1173   myaudiosample.o
      2120         52          0          0          0       6191   myboard.o
      3376       1228        101         12        512       7596   mycommander.o
       360         18          0          5          0       1513   myethernet.o
       292          8          0          4          0       2880   myflash.o
      1740        298       2998          0       2048      31692   myhttpd.o
      2560         78          0          8          0       5360   myi2c.o
      1296        118          0          4       8192       4077   myi2s.o
       428         32          0         28          0       1516   mykey.o
      1640        122          0         60         52       9038   mylwip.o
       796          6          0          0          0       4620   mymiscfunc.o
      2468        170          0         73       1280      11603   mynet.o
      1168        246          0        452       1000       4266   mynoise.o
      1452         66          0         16          0       8958   myprotocol.o
       616         30          0          8          0       1782   myramfunc.o
      1044         52          0         36        128       4360   myselftest.o
       376         42          0          4         23       2007   mystorage.o
       760         50          0         28        516       4354   mytftpclient.o
       464         66          0         53          0      19897   mytimer.o
       516         20          0          9          0       5660   netif.o
      1436          0          0          0          0       5920   pbuf.o
       416          4          0          4          0       3661   raw.o
      1288         32          0          9          0       4531   soundcard.o
        36          8        388          0       8192        868   startup_stm32f2xx.o
      3460         92          0         16      15572      55876   stm32f2x7_eth.o
      1124         24          0          0          0      10554   stm32f2xx_adc.o
       936         32          0          0          0       6405   stm32f2xx_dma.o
      1212         26          0          0          0       7001   stm32f2xx_flash.o
       604         36          0          0          0       4037   stm32f2xx_gpio.o
      1064         26          0          0          0       8159   stm32f2xx_i2c.o
        46          0          0          0          0       1455   stm32f2xx_it.o
      1416         48          0         16          0      11087   stm32f2xx_rcc.o
       868         22          0          0          0       6368   stm32f2xx_spi.o
       140         12          0          0          0       1563   stm32f2xx_syscfg.o
       144         10          0          0          0       2312   stm32f2xx_wwdg.o
       480         40          0         20          0       1931   system_stm32f2xx.o
      3024        116        137         76          0      18372   tcp.o
      4756        214          0         32         20      13508   tcp_in.o
      2702         12          0          0          0       7282   tcp_out.o
       992          8          0          4          0       6597   udp.o

    ----------------------------------------------------------------------
     65046       4374      13436       1324     101876     717209   Object Totals
        20          0         48          0          0          0   (incl. Generated)
        10          0          6         21          2          0   (incl. Padding)

    ----------------------------------------------------------------------

      Code (inc. data)   RO Data    RW Data    ZI Data      Debug   Library Member Name

        34          4          0          0          0        204   dunder.o
       860         52         56          0          0        256   log.o
       228         30          0          0          0        120   log10.o
       170          0          0          0          0         96   poly.o
         0          0          8          0          0          0   qnan.o
        86          0          0          0          0          0   __dczerorl2.o
         0          0          0          0          0          0   entry.o
         0          0          0          0          0          0   entry10a.o
         0          0          0          0          0          0   entry11a.o
         8          4          0          0          0          0   entry2.o
         4          0          0          0          0          0   entry5.o
         0          0          0          0          0          0   entry7b.o
         0          0          0          0          0          0   entry8b.o
         8          4          0          0          0          0   entry9a.o
        12          6          0          4          0         68   errno.o
        30          0          0          0          0          0   handlers.o
        36          8          0          0          0         68   init.o
         0          0          0          0          0          0   iusefp.o
        30          0          0          0          0         68   llshl.o
        36          0          0          0          0         68   llsshr.o
        32          0          0          0          0         68   llushr.o
        26          0          0          0          0         80   memcmp.o
        36          0          0          0          0         68   memcpya.o
        36          0          0          0          0        108   memseta.o
       490         10          0          0          0        252   printf3.o
        36         10          0          4          0        136   rand.o
        28          0          0          0          0         76   strcmp.o
        14          0          0          0          0         68   strlen.o
        30          0          0          0          0         80   strncmp.o
        44          0          0          0          0         80   uidiv.o
        48          0          0          0          0         68   cdcmple.o
       334          0          0          0          0        148   dadd.o
       222          0          0          0          0        100   ddiv.o
       186          0          0          0          0        176   depilogue.o
        62          0          0          0          0         80   dfixi.o
        34          0          0          0          0         76   dflti.o
       228          0          0          0          0         96   dmul.o
        46          0          0          0          0         80   dscalb.o

    ----------------------------------------------------------------------
      3478        128         64          8          0       2788   Library Totals
         4          0          0          0          0          0   (incl. Padding)

    ----------------------------------------------------------------------

      Code (inc. data)   RO Data    RW Data    ZI Data      Debug   Library Name

      1292         86         64          0          0        676   m_ws.l
      1022         42          0          8          0       1288   mc_w.l
      1160          0          0          0          0        824   mf_w.l

    ----------------------------------------------------------------------
      3478        128         64          8          0       2788   Library Totals

    ----------------------------------------------------------------------

==============================================================================


      Code (inc. data)   RO Data    RW Data    ZI Data      Debug   

     68524       4502      13500       1332     101876     712845   Grand Totals
     68524       4502      13500        232     101876     712845   ELF Image Totals (compressed)
     68524       4502      13500        232          0          0   ROM Totals

==============================================================================

    Total RO  Size (Code + RO Data)                82024 (  80.10kB)
    Total RW  Size (RW Data + ZI Data)            103208 ( 100.79kB)
    Total ROM Size (Code + RO Data + RW Data)      82256 (  80.33kB)

==============================================================================

