Component: ARM Compiler 5.05 update 1 (build 106) Tool: armlink [4d0efa]

==============================================================================

Section Cross References

    main.o(.text) refers to mymiscfunc.o(.text) for Delay
    main.o(.text) refers to myboard.o(.text) for RCC_Configuration
    main.o(.text) refers to mytimer.o(.text) for SysTick_Init
    main.o(.text) refers to myapp.o(.text) for AppInit
    main.o(.text) refers to mystorage.o(.text) for StorageInit
    main.o(.text) refers to mynet.o(.text) for NetInit
    main.o(.text) refers to myaudio.o(.text) for AudioInit
    main.o(.text) refers to mylwip.o(.text) for LwipProcess
    main.o(.text) refers to myapp.o(.data) for Addr
    main.o(.text) refers to mytimer.o(.data) for MyTmCnt10
    myapp.o(.text) refers to myboard.o(.text) for GetAddress
    myapp.o(.text) refers to myadc.o(.text) for AdcInit
    myapp.o(.text) refers to mykey.o(.text) for KeyInit
    myapp.o(.text) refers to myselftest.o(.text) for SelfTestInit
    myapp.o(.text) refers to mycommander.o(.text) for CommanderInit
    myapp.o(.text) refers to myaudio.o(.text) for AudioSetVolume
    myapp.o(.text) refers to myapp.o(.data) for AppVersion
    myapp.o(.text) refers to myapp.o(.bss) for LedBrightness
    myapp.o(.text) refers to mykey.o(.data) for KeyValue
    myapp.o(.text) refers to myaudio.o(.data) for AudioVolume
    myapp.o(.text) refers to mystorage.o(.text) for StorageInfoSave
    myboard.o(.text) refers to stm32f2xx_rcc.o(.text) for RCC_AHB1PeriphClockCmd
    myboard.o(.text) refers to stm32f2xx_gpio.o(.text) for GPIO_Init
    mymiscfunc.o(.text) refers to strlen.o(.text) for strlen
    mymiscfunc.o(.text) refers to main.o(.data) for Debuger
    mynet.o(.text) refers to mymiscfunc.o(.text) for Delay
    mynet.o(.text) refers to myboard.o(.text) for GetAddress
    mynet.o(.text) refers to myethernet.o(.text) for EthernetInit
    mynet.o(.text) refers to mylwip.o(.text) for LwipInit
    mynet.o(.text) refers to myprotocol.o(.text) for ProtocolInit
    mynet.o(.text) refers to myhttpd.o(.text) for HttpdInit
    mynet.o(.text) refers to mystorage.o(.text) for StorageInfoSave
    mynet.o(.text) refers to myselftest.o(.text) for SelfTestStart
    mynet.o(.text) refers to myaudio.o(.text) for AudioSetVolume
    mynet.o(.text) refers to mynet.o(.data) for NetLocalMac
    mynet.o(.text) refers to myapp.o(.data) for Addr
    mynet.o(.text) refers to mynet.o(.bss) for NetBuf
    mynet.o(.text) refers to myaudio.o(.data) for PlayClockSendFlag
    mynet.o(.text) refers to myaudio.o(.bss) for AudioPlayInfo
    myethernet.o(.text) refers to stm32f2xx_rcc.o(.text) for RCC_AHB1PeriphClockCmd
    myethernet.o(.text) refers to stm32f2x7_eth.o(.text) for ETH_DeInit
    myethernet.o(.text) refers to stm32f2xx_gpio.o(.text) for GPIO_Init
    myethernet.o(.text) refers to stm32f2xx_syscfg.o(.text) for SYSCFG_ETH_MediaInterfaceConfig
    myethernet.o(.text) refers to myethernet.o(.data) for EthInitStatus
    stm32f2xx_it.o(.text) refers to mytimer.o(.text) for SysTick_Isr
    stm32f2xx_it.o(.text) refers to myi2s.o(.text) for DmaListen_Isr
    mytimer.o(.text) refers to misc.o(.text) for SysTick_CLKSourceConfig
    mytimer.o(.text) refers to stm32f2xx_rcc.o(.text) for RCC_GetClocksFreq
    mytimer.o(.text) refers to mykey.o(.text) for Key10ms
    mytimer.o(.text) refers to mynoise.o(.text) for Noise10ms
    mytimer.o(.text) refers to myaudio.o(.text) for Audio10ms
    mytimer.o(.text) refers to myapp.o(.text) for App10ms
    mytimer.o(.text) refers to mynet.o(.text) for Net50ms
    mytimer.o(.text) refers to mylwip.o(.text) for Lwip50ms
    mytimer.o(.text) refers to myboard.o(.text) for LED1Flash
    mytimer.o(.text) refers to mystorage.o(.text) for StorageInfoSaveProcess
    mytimer.o(.text) refers to myselftest.o(.text) for SelfTest100ms
    mytimer.o(.text) refers to mycommander.o(.text) for Commander500ms
    mytimer.o(.text) refers to mytimer.o(.data) for MyTmCnt10
    mytimer.o(.text) refers to myaudio.o(.bss) for AudioPlayInfo
    mylwip.o(.text) refers to udp.o(.text) for udp_new
    mylwip.o(.text) refers to mynet.o(.text) for NetPlayclkReceiveProcess
    mylwip.o(.text) refers to pbuf.o(.text) for pbuf_free
    mylwip.o(.text) refers to mycommander.o(.text) for CommanderReceive
    mylwip.o(.text) refers to mem.o(.text) for mem_init
    mylwip.o(.text) refers to memp.o(.text) for memp_init
    mylwip.o(.text) refers to inet.o(.text) for htonl
    mylwip.o(.text) refers to netif.o(.text) for netif_add
    mylwip.o(.text) refers to ethernetif.o(.text) for ethernetif_input
    mylwip.o(.text) refers to stm32f2x7_eth.o(.text) for ETH_CheckFrameReceived
    mylwip.o(.text) refers to etharp.o(.text) for etharp_tmr
    mylwip.o(.text) refers to mylwip.o(.data) for pUdpPlayclkSendPcb
    mylwip.o(.text) refers to ip_addr.o(.constdata) for ip_addr_any
    mylwip.o(.text) refers to mynet.o(.data) for NetLocalIp
    mylwip.o(.text) refers to mylwip.o(.bss) for Netif
[...]
    DMA_StructInit                           0x000065a3   Thumb Code    34  stm32f2xx_dma.o(.text)
    DMA_Cmd                                  0x000065c5   Thumb Code    22  stm32f2xx_dma.o(.text)
    DMA_PeriphIncOffsetSizeConfig            0x000065db   Thumb Code    22  stm32f2xx_dma.o(.text)
    DMA_FlowControllerConfig                 0x000065f1   Thumb Code    22  stm32f2xx_dma.o(.text)
    DMA_SetCurrDataCounter                   0x00006607   Thumb Code     4  stm32f2xx_dma.o(.text)
    DMA_GetCurrDataCounter                   0x0000660b   Thumb Code     8  stm32f2xx_dma.o(.text)
    DMA_DoubleBufferModeConfig               0x00006613   Thumb Code    24  stm32f2xx_dma.o(.text)
    DMA_DoubleBufferModeCmd                  0x0000662b   Thumb Code    22  stm32f2xx_dma.o(.text)
    DMA_MemoryTargetConfig                   0x00006641   Thumb Code    10  stm32f2xx_dma.o(.text)
    DMA_GetCurrentMemoryTarget               0x0000664b   Thumb Code    20  stm32f2xx_dma.o(.text)
    DMA_GetCmdStatus                         0x0000665f   Thumb Code    20  stm32f2xx_dma.o(.text)
    DMA_GetFIFOStatus                        0x00006673   Thumb Code    12  stm32f2xx_dma.o(.text)
    DMA_GetFlagStatus                        0x0000667f   Thumb Code    56  stm32f2xx_dma.o(.text)
    DMA_ClearFlag                            0x000066b7   Thumb Code    40  stm32f2xx_dma.o(.text)
    DMA_ITConfig                             0x000066df   Thumb Code    58  stm32f2xx_dma.o(.text)
    DMA_GetITStatus                          0x00006719   Thumb Code    84  stm32f2xx_dma.o(.text)
    DMA_ClearITPendingBit                    0x0000676d   Thumb Code    40  stm32f2xx_dma.o(.text)
    GPIO_DeInit                              0x000067b5   Thumb Code   220  stm32f2xx_gpio.o(.text)
    GPIO_Init                                0x00006891   Thumb Code   144  stm32f2xx_gpio.o(.text)
    GPIO_StructInit                          0x00006921   Thumb Code    18  stm32f2xx_gpio.o(.text)
    GPIO_PinLockConfig                       0x00006933   Thumb Code    34  stm32f2xx_gpio.o(.text)
    GPIO_ReadInputDataBit                    0x00006955   Thumb Code    18  stm32f2xx_gpio.o(.text)
    GPIO_ReadInputData                       0x00006967   Thumb Code     8  stm32f2xx_gpio.o(.text)
    GPIO_ReadOutputDataBit                   0x0000696f   Thumb Code    18  stm32f2xx_gpio.o(.text)
    GPIO_ReadOutputData                      0x00006981   Thumb Code     8  stm32f2xx_gpio.o(.text)
    GPIO_SetBits                             0x00006989   Thumb Code     4  stm32f2xx_gpio.o(.text)
    GPIO_ResetBits                           0x0000698d   Thumb Code     4  stm32f2xx_gpio.o(.text)
    GPIO_WriteBit                            0x00006991   Thumb Code    10  stm32f2xx_gpio.o(.text)
    GPIO_Write                               0x0000699b   Thumb Code     4  stm32f2xx_gpio.o(.text)
    GPIO_ToggleBits                          0x0000699f   Thumb Code     8  stm32f2xx_gpio.o(.text)
    GPIO_PinAFConfig                         0x000069a7   Thumb Code    70  stm32f2xx_gpio.o(.text)
    I2C_DeInit                               0x00006a11   Thumb Code    82  stm32f2xx_i2c.o(.text)
    I2C_Init                                 0x00006a63   Thumb Code   218  stm32f2xx_i2c.o(.text)
    I2C_StructInit                           0x00006b3d   Thumb Code    30  stm32f2xx_i2c.o(.text)
    I2C_Cmd                                  0x00006b5b   Thumb Code    24  stm32f2xx_i2c.o(.text)
    I2C_GenerateSTART                        0x00006b73   Thumb Code    24  stm32f2xx_i2c.o(.text)
    I2C_GenerateSTOP                         0x00006b8b   Thumb Code    24  stm32f2xx_i2c.o(.text)
    I2C_Send7bitAddress                      0x00006ba3   Thumb Code    16  stm32f2xx_i2c.o(.text)
    I2C_AcknowledgeConfig                    0x00006bb3   Thumb Code    24  stm32f2xx_i2c.o(.text)
    I2C_OwnAddress2Config                    0x00006bcb   Thumb Code    22  stm32f2xx_i2c.o(.text)
    I2C_DualAddressCmd                       0x00006be1   Thumb Code    24  stm32f2xx_i2c.o(.text)
    I2C_GeneralCallCmd                       0x00006bf9   Thumb Code    24  stm32f2xx_i2c.o(.text)
    I2C_SoftwareResetCmd                     0x00006c11   Thumb Code    22  stm32f2xx_i2c.o(.text)
    I2C_StretchClockCmd                      0x00006c27   Thumb Code    24  stm32f2xx_i2c.o(.text)
    I2C_FastModeDutyCycleConfig              0x00006c3f   Thumb Code    28  stm32f2xx_i2c.o(.text)
    I2C_NACKPositionConfig                   0x00006c5b   Thumb Code    28  stm32f2xx_i2c.o(.text)
    I2C_SMBusAlertConfig                     0x00006c77   Thumb Code    28  stm32f2xx_i2c.o(.text)
    I2C_ARPCmd                               0x00006c93   Thumb Code    24  stm32f2xx_i2c.o(.text)
    I2C_SendData                             0x00006cab   Thumb Code     4  stm32f2xx_i2c.o(.text)
    I2C_ReceiveData                          0x00006caf   Thumb Code     8  stm32f2xx_i2c.o(.text)
    I2C_TransmitPEC                          0x00006cb7   Thumb Code    24  stm32f2xx_i2c.o(.text)
    I2C_PECPositionConfig                    0x00006ccf   Thumb Code    28  stm32f2xx_i2c.o(.text)
    I2C_CalculatePEC                         0x00006ceb   Thumb Code    24  stm32f2xx_i2c.o(.text)
    I2C_GetPEC                               0x00006d03   Thumb Code     8  stm32f2xx_i2c.o(.text)
    I2C_DMACmd                               0x00006d0b   Thumb Code    24  stm32f2xx_i2c.o(.text)
    I2C_DMALastTransferCmd                   0x00006d23   Thumb Code    24  stm32f2xx_i2c.o(.text)
    I2C_ReadRegister                         0x00006d3b   Thumb Code    22  stm32f2xx_i2c.o(.text)
    I2C_ITConfig                             0x00006d51   Thumb Code    18  stm32f2xx_i2c.o(.text)
    I2C_CheckEvent                           0x00006d63   Thumb Code    42  stm32f2xx_i2c.o(.text)
    I2C_GetLastEvent                         0x00006d8d   Thumb Code    26  stm32f2xx_i2c.o(.text)
    I2C_GetFlagStatus                        0x00006da7   Thumb Code    58  stm32f2xx_i2c.o(.text)
    I2C_ClearFlag                            0x00006de1   Thumb Code    12  stm32f2xx_i2c.o(.text)
    I2C_GetITStatus                          0x00006ded   Thumb Code    64  stm32f2xx_i2c.o(.text)
    I2C_ClearITPendingBit                    0x00006e2d   Thumb Code    12  stm32f2xx_i2c.o(.text)
    RCC_DeInit                               0x00006e39   Thumb Code    60  stm32f2xx_rcc.o(.text)
    RCC_HSEConfig                            0x00006e75   Thumb Code    14  stm32f2xx_rcc.o(.text)
    RCC_GetFlagStatus                        0x00006e83   Thumb Code    60  stm32f2xx_rcc.o(.text)
    RCC_WaitForHSEStartUp                    0x00006ebf   Thumb Code    56  stm32f2xx_rcc.o(.text)
    RCC_AdjustHSICalibrationValue            0x00006ef7   Thumb Code    20  stm32f2xx_rcc.o(.text)
    RCC_HSICmd                               0x00006f0b   Thumb Code     6  stm32f2xx_rcc.o(.text)
    RCC_LSEConfig                            0x00006f11   Thumb Code    46  stm32f2xx_rcc.o(.text)
    RCC_LSICmd                               0x00006f3f   Thumb Code     6  stm32f2xx_rcc.o(.text)
    RCC_PLLConfig                            0x00006f45   Thumb Code    32  stm32f2xx_rcc.o(.text)
    RCC_PLLCmd                               0x00006f65   Thumb Code     6  stm32f2xx_rcc.o(.text)
    RCC_PLLI2SConfig                         0x00006f6b   Thumb Code    14  stm32f2xx_rcc.o(.text)
    RCC_PLLI2SCmd                            0x00006f79   Thumb Code     6  stm32f2xx_rcc.o(.text)
    RCC_ClockSecuritySystemCmd               0x00006f7f   Thumb Code     6  stm32f2xx_rcc.o(.text)
    RCC_MCO1Config                           0x00006f85   Thumb Code    28  stm32f2xx_rcc.o(.text)
    RCC_MCO2Config                           0x00006fa1   Thumb Code    28  stm32f2xx_rcc.o(.text)
    RCC_SYSCLKConfig                         0x00006fbd   Thumb Code    20  stm32f2xx_rcc.o(.text)
    RCC_GetSYSCLKSource                      0x00006fd1   Thumb Code    12  stm32f2xx_rcc.o(.text)
    RCC_HCLKConfig                           0x00006fdd   Thumb Code    20  stm32f2xx_rcc.o(.text)
    RCC_PCLK1Config                          0x00006ff1   Thumb Code    20  stm32f2xx_rcc.o(.text)
    RCC_PCLK2Config                          0x00007005   Thumb Code    22  stm32f2xx_rcc.o(.text)
    RCC_GetClocksFreq                        0x0000701b   Thumb Code   222  stm32f2xx_rcc.o(.text)
    RCC_RTCCLKConfig                         0x000070f9   Thumb Code    54  stm32f2xx_rcc.o(.text)
    RCC_RTCCLKCmd                            0x0000712f   Thumb Code     8  stm32f2xx_rcc.o(.text)
    RCC_BackupResetCmd                       0x00007137   Thumb Code     8  stm32f2xx_rcc.o(.text)
    RCC_I2SCLKConfig                         0x0000713f   Thumb Code     6  stm32f2xx_rcc.o(.text)
    RCC_AHB1PeriphClockCmd                   0x00007145   Thumb Code    34  stm32f2xx_rcc.o(.text)
    RCC_AHB2PeriphClockCmd                   0x00007167   Thumb Code    34  stm32f2xx_rcc.o(.text)
    RCC_AHB3PeriphClockCmd                   0x00007189   Thumb Code    34  stm32f2xx_rcc.o(.text)
    RCC_APB1PeriphClockCmd                   0x000071ab   Thumb Code    34  stm32f2xx_rcc.o(.text)
    RCC_APB2PeriphClockCmd                   0x000071cd   Thumb Code    34  stm32f2xx_rcc.o(.text)
    RCC_AHB1PeriphResetCmd                   0x000071ef   Thumb Code    34  stm32f2xx_rcc.o(.text)
    RCC_AHB2PeriphResetCmd                   0x00007211   Thumb Code    72  stm32f2xx_rcc.o(.text)
    RCC_AHB3PeriphResetCmd                   0x00007259   Thumb Code    34  stm32f2xx_rcc.o(.text)
    RCC_APB1PeriphResetCmd                   0x0000727b   Thumb Code    34  stm32f2xx_rcc.o(.text)
    RCC_APB2PeriphResetCmd                   0x0000729d   Thumb Code    34  stm32f2xx_rcc.o(.text)
    RCC_AHB1PeriphClockLPModeCmd             0x000072bf   Thumb Code    34  stm32f2xx_rcc.o(.text)
    RCC_AHB2PeriphClockLPModeCmd             0x000072e1   Thumb Code    34  stm32f2xx_rcc.o(.text)
    RCC_AHB3PeriphClockLPModeCmd             0x00007303   Thumb Code    34  stm32f2xx_rcc.o(.text)
    RCC_APB1PeriphClockLPModeCmd             0x00007325   Thumb Code    34  stm32f2xx_rcc.o(.text)
    RCC_APB2PeriphClockLPModeCmd             0x00007347   Thumb Code    34  stm32f2xx_rcc.o(.text)
    RCC_ITConfig                             0x00007369   Thumb Code    34  stm32f2xx_rcc.o(.text)
    RCC_ClearFlag                            0x0000738b   Thumb Code    18  stm32f2xx_rcc.o(.text)
    RCC_GetITStatus                          0x0000739d   Thumb Code    22  stm32f2xx_rcc.o(.text)
    RCC_ClearITPendingBit                    0x000073b3   Thumb Code     8  stm32f2xx_rcc.o(.text)
    SPI_I2S_DeInit                           0x000073c1   Thumb Code    76  stm32f2xx_spi.o(.text)
    SPI_Init                                 0x0000740d   Thumb Code    60  stm32f2xx_spi.o(.text)
    I2S_Init                                 0x00007449   Thumb Code   282  stm32f2xx_spi.o(.text)
    SPI_StructInit                           0x00007563   Thumb Code    24  stm32f2xx_spi.o(.text)
    I2S_StructInit                           0x0000757b   Thumb Code    20  stm32f2xx_spi.o(.text)
    SPI_Cmd                                  0x0000758f   Thumb Code    24  stm32f2xx_spi.o(.text)
    I2S_Cmd                                  0x000075a7   Thumb Code    24  stm32f2xx_spi.o(.text)
    SPI_DataSizeConfig                       0x000075bf   Thumb Code    18  stm32f2xx_spi.o(.text)
    SPI_BiDirectionalLineConfig              0x000075d1   Thumb Code    28  stm32f2xx_spi.o(.text)
    SPI_NSSInternalSoftwareConfig            0x000075ed   Thumb Code    30  stm32f2xx_spi.o(.text)
    SPI_SSOutputCmd                          0x0000760b   Thumb Code    24  stm32f2xx_spi.o(.text)
    SPI_TIModeCmd                            0x00007623   Thumb Code    24  stm32f2xx_spi.o(.text)
    SPI_I2S_ReceiveData                      0x0000763b   Thumb Code     6  stm32f2xx_spi.o(.text)
    SPI_I2S_SendData                         0x00007641   Thumb Code     4  stm32f2xx_spi.o(.text)
    SPI_CalculateCRC                         0x00007645   Thumb Code    24  stm32f2xx_spi.o(.text)
    SPI_TransmitCRC                          0x0000765d   Thumb Code    10  stm32f2xx_spi.o(.text)
    SPI_GetCRC                               0x00007667   Thumb Code    16  stm32f2xx_spi.o(.text)
    SPI_GetCRCPolynomial                     0x00007677   Thumb Code     6  stm32f2xx_spi.o(.text)
    SPI_I2S_DMACmd                           0x0000767d   Thumb Code    18  stm32f2xx_spi.o(.text)
    SPI_I2S_ITConfig                         0x0000768f   Thumb Code    32  stm32f2xx_spi.o(.text)
    SPI_I2S_GetFlagStatus                    0x000076af   Thumb Code    18  stm32f2xx_spi.o(.text)
    SPI_I2S_ClearFlag                        0x000076c1   Thumb Code     6  stm32f2xx_spi.o(.text)
    SPI_I2S_GetITStatus                      0x000076c7   Thumb Code    52  stm32f2xx_spi.o(.text)
    SPI_I2S_ClearITPendingBit                0x000076fb   Thumb Code    20  stm32f2xx_spi.o(.text)
    SYSCFG_DeInit                            0x00007725   Thumb Code    22  stm32f2xx_syscfg.o(.text)
    SYSCFG_MemoryRemapConfig                 0x0000773b   Thumb Code     6  stm32f2xx_syscfg.o(.text)
    SYSCFG_EXTILineConfig                    0x00007741   Thumb Code    66  stm32f2xx_syscfg.o(.text)
    SYSCFG_ETH_MediaInterfaceConfig          0x00007783   Thumb Code     6  stm32f2xx_syscfg.o(.text)
    SYSCFG_CompensationCellCmd               0x00007789   Thumb Code     6  stm32f2xx_syscfg.o(.text)
    SYSCFG_GetCompensationCellStatus         0x0000778f   Thumb Code    22  stm32f2xx_syscfg.o(.text)
    ADC_DeInit                               0x000077b1   Thumb Code    22  stm32f2xx_adc.o(.text)
    ADC_Init                                 0x000077c7   Thumb Code    74  stm32f2xx_adc.o(.text)
    ADC_StructInit                           0x00007811   Thumb Code    20  stm32f2xx_adc.o(.text)
    ADC_CommonInit                           0x00007825   Thumb Code    34  stm32f2xx_adc.o(.text)
    ADC_CommonStructInit                     0x00007847   Thumb Code    12  stm32f2xx_adc.o(.text)
    ADC_Cmd                                  0x00007853   Thumb Code    22  stm32f2xx_adc.o(.text)
    ADC_AnalogWatchdogCmd                    0x00007869   Thumb Code    16  stm32f2xx_adc.o(.text)
    ADC_AnalogWatchdogThresholdsConfig       0x00007879   Thumb Code     6  stm32f2xx_adc.o(.text)
    ADC_AnalogWatchdogSingleChannelConfig    0x0000787f   Thumb Code    16  stm32f2xx_adc.o(.text)
    ADC_TempSensorVrefintCmd                 0x0000788f   Thumb Code    34  stm32f2xx_adc.o(.text)
    ADC_VBATCmd                              0x000078b1   Thumb Code    34  stm32f2xx_adc.o(.text)
    ADC_RegularChannelConfig                 0x000078d3   Thumb Code   184  stm32f2xx_adc.o(.text)
    ADC_SoftwareStartConv                    0x0000798b   Thumb Code    10  stm32f2xx_adc.o(.text)
    ADC_GetSoftwareStartConvStatus           0x00007995   Thumb Code    20  stm32f2xx_adc.o(.text)
    ADC_EOCOnEachRegularChannelCmd           0x000079a9   Thumb Code    22  stm32f2xx_adc.o(.text)
    ADC_ContinuousModeCmd                    0x000079bf   Thumb Code    22  stm32f2xx_adc.o(.text)
    ADC_DiscModeChannelCountConfig           0x000079d5   Thumb Code    24  stm32f2xx_adc.o(.text)
    ADC_DiscModeCmd                          0x000079ed   Thumb Code    22  stm32f2xx_adc.o(.text)
    ADC_GetConversionValue                   0x00007a03   Thumb Code     8  stm32f2xx_adc.o(.text)
    ADC_GetMultiModeConversionValue          0x00007a0b   Thumb Code     8  stm32f2xx_adc.o(.text)
    ADC_DMACmd                               0x00007a13   Thumb Code    22  stm32f2xx_adc.o(.text)
    ADC_DMARequestAfterLastTransferCmd       0x00007a29   Thumb Code    22  stm32f2xx_adc.o(.text)
    ADC_MultiModeDMARequestAfterLastTransferCmd 0x00007a3f   Thumb Code    34  stm32f2xx_adc.o(.text)
    ADC_InjectedChannelConfig                0x00007a61   Thumb Code   130  stm32f2xx_adc.o(.text)
    ADC_InjectedSequencerLengthConfig        0x00007ae3   Thumb Code    24  stm32f2xx_adc.o(.text)
    ADC_SetInjectedOffset                    0x00007afb   Thumb Code    20  stm32f2xx_adc.o(.text)
    ADC_ExternalTrigInjectedConvConfig       0x00007b0f   Thumb Code    16  stm32f2xx_adc.o(.text)
    ADC_ExternalTrigInjectedConvEdgeConfig   0x00007b1f   Thumb Code    16  stm32f2xx_adc.o(.text)
    ADC_SoftwareStartInjectedConv            0x00007b2f   Thumb Code    10  stm32f2xx_adc.o(.text)
    ADC_GetSoftwareStartInjectedConvCmdStatus 0x00007b39   Thumb Code    20  stm32f2xx_adc.o(.text)
    ADC_AutoInjectedConvCmd                  0x00007b4d   Thumb Code    22  stm32f2xx_adc.o(.text)
    ADC_InjectedDiscModeCmd                  0x00007b63   Thumb Code    22  stm32f2xx_adc.o(.text)
    ADC_GetInjectedConversionValue           0x00007b79   Thumb Code    28  stm32f2xx_adc.o(.text)
    ADC_ITConfig                             0x00007b95   Thumb Code    56  stm32f2xx_adc.o(.text)
    ADC_GetFlagStatus                        0x00007bcd   Thumb Code    18  stm32f2xx_adc.o(.text)
    ADC_ClearFlag                            0x00007bdf   Thumb Code     6  stm32f2xx_adc.o(.text)
    ADC_GetITStatus                          0x00007be5   Thumb Code    38  stm32f2xx_adc.o(.text)
    ADC_ClearITPendingBit                    0x00007c0b   Thumb Code    10  stm32f2xx_adc.o(.text)
    Reset_Handler                            0x00007c15   Thumb Code     8  startup_stm32f2xx.o(.text)
    SVC_Handler                              0x00007c27   Thumb Code     2  startup_stm32f2xx.o(.text)
    PendSV_Handler                           0x00007c2b   Thumb Code     2  startup_stm32f2xx.o(.text)
    ADC_IRQHandler                           0x00007c2f   Thumb Code     0  startup_stm32f2xx.o(.text)
    CAN1_RX0_IRQHandler                      0x00007c2f   Thumb Code     0  startup_stm32f2xx.o(.text)
    CAN1_RX1_IRQHandler                      0x00007c2f   Thumb Code     0  startup_stm32f2xx.o(.text)
    CAN1_SCE_IRQHandler                      0x00007c2f   Thumb Code     0  startup_stm32f2xx.o(.text)
    CAN1_TX_IRQHandler                       0x00007c2f   Thumb Code     0  startup_stm32f2xx.o(.text)
    CAN2_RX0_IRQHandler                      0x00007c2f   Thumb Code     0  startup_stm32f2xx.o(.text)
    CAN2_RX1_IRQHandler                      0x00007c2f   Thumb Code     0  startup_stm32f2xx.o(.text)
    CAN2_SCE_IRQHandler                      0x00007c2f   Thumb Code     0  startup_stm32f2xx.o(.text)
    CAN2_TX_IRQHandler                       0x00007c2f   Thumb Code     0  startup_stm32f2xx.o(.text)
    CRYP_IRQHandler                          0x00007c2f   Thumb Code     0  startup_stm32f2xx.o(.text)
    DCMI_IRQHandler                          0x00007c2f   Thumb Code     0  startup_stm32f2xx.o(.text)
    DMA1_Stream0_IRQHandler                  0x00007c2f   Thumb Code     0  startup_stm32f2xx.o(.text)
    DMA1_Stream1_IRQHandler                  0x00007c2f   Thumb Code     0  startup_stm32f2xx.o(.text)
    DMA1_Stream3_IRQHandler                  0x00007c2f   Thumb Code     0  startup_stm32f2xx.o(.text)
    DMA1_Stream5_IRQHandler                  0x00007c2f   Thumb Code     0  startup_stm32f2xx.o(.text)
    DMA1_Stream6_IRQHandler                  0x00007c2f   Thumb Code     0  startup_stm32f2xx.o(.text)
    DMA1_Stream7_IRQHandler                  0x00007c2f   Thumb Code     0  startup_stm32f2xx.o(.text)
    DMA2_Stream0_IRQHandler                  0x00007c2f   Thumb Code     0  startup_stm32f2xx.o(.text)
    DMA2_Stream1_IRQHandler                  0x00007c2f   Thumb Code     0  startup_stm32f2xx.o(.text)
    DMA2_Stream2_IRQHandler                  0x00007c2f   Thumb Code     0  startup_stm32f2xx.o(.text)
    DMA2_Stream3_IRQHandler                  0x00007c2f   Thumb Code     0  startup_stm32f2xx.o(.text)
    DMA2_Stream4_IRQHandler                  0x00007c2f   Thumb Code     0  startup_stm32f2xx.o(.text)
    DMA2_Stream5_IRQHandler                  0x00007c2f   Thumb Code     0  startup_stm32f2xx.o(.text)
    DMA2_Stream6_IRQHandler                  0x00007c2f   Thumb Code     0  startup_stm32f2xx.o(.text)
    DMA2_Stream7_IRQHandler                  0x00007c2f   Thumb Code     0  startup_stm32f2xx.o(.text)
    ETH_IRQHandler                           0x00007c2f   Thumb Code     0  startup_stm32f2xx.o(.text)
    ETH_WKUP_IRQHandler                      0x00007c2f   Thumb Code     0  startup_stm32f2xx.o(.text)
    EXTI0_IRQHandler                         0x00007c2f   Thumb Code     0  startup_stm32f2xx.o(.text)
    EXTI15_10_IRQHandler                     0x00007c2f   Thumb Code     0  startup_stm32f2xx.o(.text)
    EXTI1_IRQHandler                         0x00007c2f   Thumb Code     0  startup_stm32f2xx.o(.text)
    EXTI2_IRQHandler                         0x00007c2f   Thumb Code     0  startup_stm32f2xx.o(.text)
    EXTI3_IRQHandler                         0x00007c2f   Thumb Code     0  startup_stm32f2xx.o(.text)
    EXTI4_IRQHandler                         0x00007c2f   Thumb Code     0  startup_stm32f2xx.o(.text)
    EXTI9_5_IRQHandler                       0x00007c2f   Thumb Code     0  startup_stm32f2xx.o(.text)
    FLASH_IRQHandler                         0x00007c2f   Thumb Code     0  startup_stm32f2xx.o(.text)
    FSMC_IRQHandler                          0x00007c2f   Thumb Code     0  startup_stm32f2xx.o(.text)
    HASH_RNG_IRQHandler                      0x00007c2f   Thumb Code     0  startup_stm32f2xx.o(.text)
    I2C1_ER_IRQHandler                       0x00007c2f   Thumb Code     0  startup_stm32f2xx.o(.text)
    I2C1_EV_IRQHandler                       0x00007c2f   Thumb Code     0  startup_stm32f2xx.o(.text)
    I2C2_ER_IRQHandler                       0x00007c2f   Thumb Code     0  startup_stm32f2xx.o(.text)
    I2C2_EV_IRQHandler                       0x00007c2f   Thumb Code     0  startup_stm32f2xx.o(.text)
    I2C3_ER_IRQHandler                       0x00007c2f   Thumb Code     0  startup_stm32f2xx.o(.text)
    I2C3_EV_IRQHandler                       0x00007c2f   Thumb Code     0  startup_stm32f2xx.o(.text)
    OTG_FS_IRQHandler                        0x00007c2f   Thumb Code     0  startup_stm32f2xx.o(.text)
    OTG_FS_WKUP_IRQHandler                   0x00007c2f   Thumb Code     0  startup_stm32f2xx.o(.text)
    OTG_HS_EP1_IN_IRQHandler                 0x00007c2f   Thumb Code     0  startup_stm32f2xx.o(.text)
    OTG_HS_EP1_OUT_IRQHandler                0x00007c2f   Thumb Code     0  startup_stm32f2xx.o(.text)
    OTG_HS_IRQHandler                        0x00007c2f   Thumb Code     0  startup_stm32f2xx.o(.text)
    OTG_HS_WKUP_IRQHandler                   0x00007c2f   Thumb Code     0  startup_stm32f2xx.o(.text)
    PVD_IRQHandler                           0x00007c2f   Thumb Code     0  startup_stm32f2xx.o(.text)
    RCC_IRQHandler                           0x00007c2f   Thumb Code     0  startup_stm32f2xx.o(.text)
    RTC_Alarm_IRQHandler                     0x00007c2f   Thumb Code     0  startup_stm32f2xx.o(.text)
    RTC_WKUP_IRQHandler                      0x00007c2f   Thumb Code     0  startup_stm32f2xx.o(.text)
    SDIO_IRQHandler                          0x00007c2f   Thumb Code     0  startup_stm32f2xx.o(.text)
    SPI1_IRQHandler                          0x00007c2f   Thumb Code     0  startup_stm32f2xx.o(.text)
    SPI2_IRQHandler                          0x00007c2f   Thumb Code     0  startup_stm32f2xx.o(.text)
    SPI3_IRQHandler                          0x00007c2f   Thumb Code     0  startup_stm32f2xx.o(.text)
    TAMP_STAMP_IRQHandler                    0x00007c2f   Thumb Code     0  startup_stm32f2xx.o(.text)
    TIM1_BRK_TIM9_IRQHandler                 0x00007c2f   Thumb Code     0  startup_stm32f2xx.o(.text)
    TIM1_CC_IRQHandler                       0x00007c2f   Thumb Code     0  startup_stm32f2xx.o(.text)
    TIM1_TRG_COM_TIM11_IRQHandler            0x00007c2f   Thumb Code     0  startup_stm32f2xx.o(.text)
    TIM1_UP_TIM10_IRQHandler                 0x00007c2f   Thumb Code     0  startup_stm32f2xx.o(.text)
    TIM2_IRQHandler                          0x00007c2f   Thumb Code     0  startup_stm32f2xx.o(.text)
    TIM3_IRQHandler                          0x00007c2f   Thumb Code     0  startup_stm32f2xx.o(.text)
    TIM4_IRQHandler                          0x00007c2f   Thumb Code     0  startup_stm32f2xx.o(.text)
    TIM5_IRQHandler                          0x00007c2f   Thumb Code     0  startup_stm32f2xx.o(.text)
    TIM6_DAC_IRQHandler                      0x00007c2f   Thumb Code     0  startup_stm32f2xx.o(.text)
    TIM7_IRQHandler                          0x00007c2f   Thumb Code     0  startup_stm32f2xx.o(.text)
    TIM8_BRK_TIM12_IRQHandler                0x00007c2f   Thumb Code     0  startup_stm32f2xx.o(.text)
    TIM8_CC_IRQHandler                       0x00007c2f   Thumb Code     0  startup_stm32f2xx.o(.text)
    TIM8_TRG_COM_TIM14_IRQHandler            0x00007c2f   Thumb Code     0  startup_stm32f2xx.o(.text)
    TIM8_UP_TIM13_IRQHandler                 0x00007c2f   Thumb Code     0  startup_stm32f2xx.o(.text)
    UART4_IRQHandler                         0x00007c2f   Thumb Code     0  startup_stm32f2xx.o(.text)
    UART5_IRQHandler                         0x00007c2f   Thumb Code     0  startup_stm32f2xx.o(.text)
    USART1_IRQHandler                        0x00007c2f   Thumb Code     0  startup_stm32f2xx.o(.text)
    USART2_IRQHandler                        0x00007c2f   Thumb Code     0  startup_stm32f2xx.o(.text)
    USART3_IRQHandler                        0x00007c2f   Thumb Code     0  startup_stm32f2xx.o(.text)
    USART6_IRQHandler                        0x00007c2f   Thumb Code     0  startup_stm32f2xx.o(.text)
    WWDG_IRQHandler                          0x00007c2f   Thumb Code     0  startup_stm32f2xx.o(.text)
    SystemInit                               0x00007cf9   Thumb Code    74  system_stm32f2xx.o(.text)
    SystemCoreClockUpdate                    0x00007d43   Thumb Code   174  system_stm32f2xx.o(.text)
    ETH_DeInit                               0x00007e35   Thumb Code    22  stm32f2x7_eth.o(.text)
    ETH_StructInit                           0x00007e4b   Thumb Code   178  stm32f2x7_eth.o(.text)
    ETH_Init                                 0x00007efd   Thumb Code   436  stm32f2x7_eth.o(.text)
    ETH_DMAReceptionCmd                      0x000080b1   Thumb Code    30  stm32f2x7_eth.o(.text)
    ETH_DMATransmissionCmd                   0x000080cf   Thumb Code    30  stm32f2x7_eth.o(.text)
    ETH_MACReceptionCmd                      0x000080ed   Thumb Code    30  stm32f2x7_eth.o(.text)
    ETH_FlushTransmitFIFO                    0x0000810b   Thumb Code    14  stm32f2x7_eth.o(.text)
    ETH_MACTransmissionCmd                   0x00008119   Thumb Code    30  stm32f2x7_eth.o(.text)
    ETH_Start                                0x00008137   Thumb Code    32  stm32f2x7_eth.o(.text)
    ETH_GetFlowControlBusyStatus             0x00008157   Thumb Code    20  stm32f2x7_eth.o(.text)
    ETH_InitiatePauseControlFrame            0x0000816b   Thumb Code    14  stm32f2x7_eth.o(.text)
    ETH_BackPressureActivationCmd            0x00008179   Thumb Code    30  stm32f2x7_eth.o(.text)
    ETH_GetMACFlagStatus                     0x00008197   Thumb Code    20  stm32f2x7_eth.o(.text)
    ETH_GetMACITStatus                       0x000081ab   Thumb Code    20  stm32f2x7_eth.o(.text)
    ETH_MACITConfig                          0x000081bf   Thumb Code    26  stm32f2x7_eth.o(.text)
    ETH_MACAddressConfig                     0x000081d9   Thumb Code    46  stm32f2x7_eth.o(.text)
    ETH_GetMACAddress                        0x00008207   Thumb Code    36  stm32f2x7_eth.o(.text)
    ETH_MACAddressPerfectFilterCmd           0x0000822b   Thumb Code    38  stm32f2x7_eth.o(.text)
    ETH_MACAddressFilterConfig               0x00008251   Thumb Code    40  stm32f2x7_eth.o(.text)
    ETH_MACAddressMaskBytesFilterConfig      0x00008279   Thumb Code    32  stm32f2x7_eth.o(.text)
    ETH_Get_Received_Frame                   0x00008299   Thumb Code   132  stm32f2x7_eth.o(.text)
    ETH_Get_Received_Frame_interrupt         0x0000831d   Thumb Code   268  stm32f2x7_eth.o(.text)
    ETH_Prepare_Transmit_Descriptors         0x00008429   Thumb Code   222  stm32f2x7_eth.o(.text)
    ETH_DMARxDescChainInit                   0x00008507   Thumb Code    82  stm32f2x7_eth.o(.text)
    ETH_CheckFrameReceived                   0x00008559   Thumb Code   190  stm32f2x7_eth.o(.text)
    ETH_DMATxDescChainInit                   0x00008617   Thumb Code    70  stm32f2x7_eth.o(.text)
    ETH_GetDMATxDescFlagStatus               0x0000865d   Thumb Code    18  stm32f2x7_eth.o(.text)
    ETH_GetDMATxDescCollisionCount           0x0000866f   Thumb Code    10  stm32f2x7_eth.o(.text)
    ETH_SetDMATxDescOwnBit                   0x00008679   Thumb Code    10  stm32f2x7_eth.o(.text)
    ETH_DMATxDescTransmitITConfig            0x00008683   Thumb Code    22  stm32f2x7_eth.o(.text)
    ETH_DMATxDescFrameSegmentConfig          0x00008699   Thumb Code     8  stm32f2x7_eth.o(.text)
    ETH_DMATxDescChecksumInsertionConfig     0x000086a1   Thumb Code     8  stm32f2x7_eth.o(.text)
    ETH_DMATxDescCRCCmd                      0x000086a9   Thumb Code    22  stm32f2x7_eth.o(.text)
    ETH_DMATxDescSecondAddressChainedCmd     0x000086bf   Thumb Code    22  stm32f2x7_eth.o(.text)
    ETH_DMATxDescShortFramePaddingCmd        0x000086d5   Thumb Code    22  stm32f2x7_eth.o(.text)
    ETH_DMATxDescBufferSizeConfig            0x000086eb   Thumb Code    14  stm32f2x7_eth.o(.text)
    ETH_GetDMARxDescFlagStatus               0x000086f9   Thumb Code    18  stm32f2x7_eth.o(.text)
    ETH_GetDMAPTPRxDescExtendedFlagStatus    0x0000870b   Thumb Code    38  stm32f2x7_eth.o(.text)
    ETH_SetDMARxDescOwnBit                   0x00008731   Thumb Code    10  stm32f2x7_eth.o(.text)
    ETH_GetDMARxDescFrameLength              0x0000873b   Thumb Code    10  stm32f2x7_eth.o(.text)
    ETH_DMARxDescReceiveITConfig             0x00008745   Thumb Code    22  stm32f2x7_eth.o(.text)
    ETH_GetDMARxDescBufferSize               0x0000875b   Thumb Code    20  stm32f2x7_eth.o(.text)
    ETH_GetRxPktSize                         0x0000876f   Thumb Code    42  stm32f2x7_eth.o(.text)
    ETH_EnhancedDescriptorCmd                0x00008799   Thumb Code    30  stm32f2x7_eth.o(.text)
    ETH_SoftwareReset                        0x000087b7   Thumb Code    14  stm32f2x7_eth.o(.text)
    ETH_GetSoftwareResetStatus               0x000087c5   Thumb Code    20  stm32f2x7_eth.o(.text)
    ETH_GetDMAFlagStatus                     0x000087d9   Thumb Code    20  stm32f2x7_eth.o(.text)
    ETH_DMAClearFlag                         0x000087ed   Thumb Code     6  stm32f2x7_eth.o(.text)
    ETH_DMAITConfig                          0x000087f3   Thumb Code    26  stm32f2x7_eth.o(.text)
    ETH_GetDMAITStatus                       0x0000880d   Thumb Code    20  stm32f2x7_eth.o(.text)
    ETH_DMAClearITPendingBit                 0x00008821   Thumb Code     6  stm32f2x7_eth.o(.text)
    ETH_GetTransmitProcessState              0x00008827   Thumb Code    10  stm32f2x7_eth.o(.text)
    ETH_GetReceiveProcessState               0x00008831   Thumb Code    10  stm32f2x7_eth.o(.text)
    ETH_GetFlushTransmitFIFOStatus           0x0000883b   Thumb Code    20  stm32f2x7_eth.o(.text)
    ETH_GetDMAOverflowStatus                 0x0000884f   Thumb Code    20  stm32f2x7_eth.o(.text)
    ETH_GetRxOverflowMissedFrameCounter      0x00008863   Thumb Code    10  stm32f2x7_eth.o(.text)
    ETH_GetBufferUnavailableMissedFrameCounter 0x0000886d   Thumb Code     8  stm32f2x7_eth.o(.text)
    ETH_GetCurrentTxDescStartAddress         0x00008875   Thumb Code     6  stm32f2x7_eth.o(.text)
    ETH_GetCurrentRxDescStartAddress         0x0000887b   Thumb Code     6  stm32f2x7_eth.o(.text)
    ETH_GetCurrentTxBufferAddress            0x00008881   Thumb Code     6  stm32f2x7_eth.o(.text)
    ETH_GetCurrentRxBufferAddress            0x00008887   Thumb Code     6  stm32f2x7_eth.o(.text)
    ETH_ResumeDMATransmission                0x0000888d   Thumb Code     8  stm32f2x7_eth.o(.text)
    ETH_ResumeDMAReception                   0x00008895   Thumb Code     8  stm32f2x7_eth.o(.text)
    ETH_SetReceiveWatchdogTimer              0x0000889d   Thumb Code     6  stm32f2x7_eth.o(.text)
    ETH_ReadPHYRegister                      0x000088a3   Thumb Code    98  stm32f2x7_eth.o(.text)
    ETH_WritePHYRegister                     0x00008905   Thumb Code    96  stm32f2x7_eth.o(.text)
    ETH_PHYLoopBackCmd                       0x00008965   Thumb Code    52  stm32f2x7_eth.o(.text)
    ETH_ResetWakeUpFrameFilterRegisterPointer 0x00008999   Thumb Code    14  stm32f2x7_eth.o(.text)
    ETH_SetWakeUpFrameFilterRegister         0x000089a7   Thumb Code    24  stm32f2x7_eth.o(.text)
    ETH_GlobalUnicastWakeUpCmd               0x000089bf   Thumb Code    30  stm32f2x7_eth.o(.text)
    ETH_GetPMTFlagStatus                     0x000089dd   Thumb Code    20  stm32f2x7_eth.o(.text)
    ETH_WakeUpFrameDetectionCmd              0x000089f1   Thumb Code    30  stm32f2x7_eth.o(.text)
    ETH_MagicPacketDetectionCmd              0x00008a0f   Thumb Code    30  stm32f2x7_eth.o(.text)
    ETH_PowerDownCmd                         0x00008a2d   Thumb Code    30  stm32f2x7_eth.o(.text)
    ETH_MMCCounterFullPreset                 0x00008a4b   Thumb Code    16  stm32f2x7_eth.o(.text)
    ETH_MMCCounterHalfPreset                 0x00008a5b   Thumb Code    30  stm32f2x7_eth.o(.text)
    ETH_MMCCounterFreezeCmd                  0x00008a79   Thumb Code    34  stm32f2x7_eth.o(.text)
    ETH_MMCResetOnReadCmd                    0x00008a9b   Thumb Code    34  stm32f2x7_eth.o(.text)
    ETH_MMCCounterRolloverCmd                0x00008abd   Thumb Code    34  stm32f2x7_eth.o(.text)
    ETH_MMCCountersReset                     0x00008adf   Thumb Code    16  stm32f2x7_eth.o(.text)
    ETH_MMCITConfig                          0x00008aef   Thumb Code    78  stm32f2x7_eth.o(.text)
    ETH_GetMMCITStatus                       0x00008b3d   Thumb Code    84  stm32f2x7_eth.o(.text)
    ETH_GetMMCRegister                       0x00008b91   Thumb Code     8  stm32f2x7_eth.o(.text)
    mem_init                                 0x00008c19   Thumb Code    80  mem.o(.text)
    mem_free                                 0x00008c69   Thumb Code    68  mem.o(.text)
    mem_realloc                              0x00008cad   Thumb Code   288  mem.o(.text)
    mem_malloc                               0x00008dcd   Thumb Code   228  mem.o(.text)
    mem_calloc                               0x00008eb1   Thumb Code    34  mem.o(.text)
    memp_init                                0x00008ee9   Thumb Code    82  memp.o(.text)
    memp_malloc                              0x00008f3b   Thumb Code    40  memp.o(.text)
    memp_free                                0x00008f63   Thumb Code    28  memp.o(.text)
    netif_set_gw                             0x00008f91   Thumb Code    12  netif.o(.text)
    netif_set_netmask                        0x00008f9d   Thumb Code    12  netif.o(.text)
    netif_set_ipaddr                         0x00008fa9   Thumb Code   110  netif.o(.text)
    netif_set_addr                           0x00009017   Thumb Code    40  netif.o(.text)
    netif_add                                0x0000903f   Thumb Code    98  netif.o(.text)
    netif_set_default                        0x000090a1   Thumb Code     6  netif.o(.text)
    netif_remove                             0x000090a7   Thumb Code    74  netif.o(.text)
    netif_find                               0x000090f1   Thumb Code    64  netif.o(.text)
    netif_set_up                             0x00009131   Thumb Code    44  netif.o(.text)
    netif_set_down                           0x0000915d   Thumb Code    24  netif.o(.text)
    netif_is_up                              0x00009175   Thumb Code    12  netif.o(.text)
    pbuf_free                                0x00009195   Thumb Code   110  pbuf.o(.text)
    pbuf_alloc                               0x00009203   Thumb Code   414  pbuf.o(.text)
    pbuf_realloc                             0x000093a1   Thumb Code   120  pbuf.o(.text)
    pbuf_header                              0x00009419   Thumb Code   126  pbuf.o(.text)
    pbuf_clen                                0x00009497   Thumb Code    18  pbuf.o(.text)
    pbuf_ref                                 0x000094a9   Thumb Code    10  pbuf.o(.text)
    pbuf_cat                                 0x000094b3   Thumb Code    56  pbuf.o(.text)
    pbuf_chain                               0x000094eb   Thumb Code    22  pbuf.o(.text)
    pbuf_dechain                             0x00009501   Thumb Code    56  pbuf.o(.text)
    pbuf_copy                                0x00009539   Thumb Code   182  pbuf.o(.text)
    pbuf_copy_partial                        0x000095ef   Thumb Code   146  pbuf.o(.text)
    pbuf_take                                0x00009681   Thumb Code   116  pbuf.o(.text)
    pbuf_coalesce                            0x000096f5   Thumb Code    60  pbuf.o(.text)
    raw_input                                0x00009731   Thumb Code   100  raw.o(.text)
    raw_bind                                 0x00009795   Thumb Code    16  raw.o(.text)
    raw_connect                              0x000097a5   Thumb Code    16  raw.o(.text)
    raw_recv                                 0x000097b5   Thumb Code     6  raw.o(.text)
    raw_sendto                               0x000097bb   Thumb Code   154  raw.o(.text)
    raw_send                                 0x00009855   Thumb Code    18  raw.o(.text)
    raw_remove                               0x00009867   Thumb Code    60  raw.o(.text)
    raw_new                                  0x000098a3   Thumb Code    42  raw.o(.text)
    tcp_seg_free                             0x000098d1   Thumb Code    32  tcp.o(.text)
    tcp_segs_free                            0x000098f1   Thumb Code    30  tcp.o(.text)
    tcp_pcb_purge                            0x0000990f   Thumb Code    54  tcp.o(.text)
    tcp_slowtmr                              0x00009945   Thumb Code   710  tcp.o(.text)
    tcp_pcb_remove                           0x00009c0b   Thumb Code   146  tcp.o(.text)
    tcp_close                                0x00009c9d   Thumb Code   274  tcp.o(.text)
    tcp_update_rcv_ann_wnd                   0x00009daf   Thumb Code    72  tcp.o(.text)
    tcp_recved                               0x00009df7   Thumb Code    70  tcp.o(.text)
    tcp_recv_null                            0x00009e3d   Thumb Code    46  tcp.o(.text)
    tcp_fasttmr                              0x00009e6b   Thumb Code   114  tcp.o(.text)
    tcp_tmr                                  0x00009edd   Thumb Code    30  tcp.o(.text)
    tcp_abandon                              0x00009efb   Thumb Code   148  tcp.o(.text)
    tcp_bind                                 0x00009ff7   Thumb Code   228  tcp.o(.text)
    tcp_listen_with_backlog                  0x0000a0e3   Thumb Code   192  tcp.o(.text)
    tcp_eff_send_mss                         0x0000a1a3   Thumb Code    46  tcp.o(.text)
    tcp_next_iss                             0x0000a1d1   Thumb Code    20  tcp.o(.text)
    tcp_connect                              0x0000a1e5   Thumb Code   308  tcp.o(.text)
    tcp_setprio                              0x0000a319   Thumb Code     4  tcp.o(.text)
    tcp_alloc                                0x0000a39f   Thumb Code   172  tcp.o(.text)
    tcp_new                                  0x0000a44b   Thumb Code    10  tcp.o(.text)
    tcp_arg                                  0x0000a455   Thumb Code     4  tcp.o(.text)
    tcp_recv                                 0x0000a459   Thumb Code     6  tcp.o(.text)
    tcp_sent                                 0x0000a45f   Thumb Code     6  tcp.o(.text)
    tcp_err                                  0x0000a465   Thumb Code     6  tcp.o(.text)
    tcp_accept                               0x0000a46b   Thumb Code     4  tcp.o(.text)
    tcp_poll                                 0x0000a46f   Thumb Code    10  tcp.o(.text)
    tcp_debug_state_str                      0x0000a479   Thumb Code    10  tcp.o(.text)
    tcp_input                                0x0000b2a9   Thumb Code  1118  tcp_in.o(.text)
    tcp_enqueue                              0x0000b7bf   Thumb Code  1014  tcp_out.o(.text)
    tcp_send_ctrl                            0x0000bbb5   Thumb Code    28  tcp_out.o(.text)
    tcp_write                                0x0000bbd1   Thumb Code    72  tcp_out.o(.text)
    tcp_send_empty_ack                       0x0000bc19   Thumb Code    94  tcp_out.o(.text)
    tcp_output                               0x0000bd39   Thumb Code   474  tcp_out.o(.text)
    tcp_rst                                  0x0000bf13   Thumb Code   170  tcp_out.o(.text)
    tcp_rexmit_rto                           0x0000bfbd   Thumb Code    58  tcp_out.o(.text)
    tcp_rexmit                               0x0000bff7   Thumb Code    80  tcp_out.o(.text)
    tcp_rexmit_fast                          0x0000c047   Thumb Code   130  tcp_out.o(.text)
    tcp_keepalive                            0x0000c0c9   Thumb Code    82  tcp_out.o(.text)
    tcp_zero_window_probe                    0x0000c11b   Thumb Code   168  tcp_out.o(.text)
    udp_input                                0x0000c1c5   Thumb Code   394  udp.o(.text)
    udp_bind                                 0x0000c34f   Thumb Code   106  udp.o(.text)
    udp_sendto_if                            0x0000c3b9   Thumb Code   202  udp.o(.text)
    udp_sendto                               0x0000c483   Thumb Code    46  udp.o(.text)
    udp_send                                 0x0000c4b1   Thumb Code    20  udp.o(.text)
    udp_connect                              0x0000c4c5   Thumb Code    94  udp.o(.text)
    udp_disconnect                           0x0000c523   Thumb Code    28  udp.o(.text)
    udp_recv                                 0x0000c53f   Thumb Code     6  udp.o(.text)
    udp_remove                               0x0000c545   Thumb Code    60  udp.o(.text)
    udp_new                                  0x0000c581   Thumb Code    28  udp.o(.text)
    autoip_init                              0x0000c5a5   Thumb Code     2  autoip.o(.text)
    autoip_start                             0x0000c64d   Thumb Code    96  autoip.o(.text)
    autoip_network_changed                   0x0000c75d   Thumb Code    28  autoip.o(.text)
    autoip_stop                              0x0000c779   Thumb Code    20  autoip.o(.text)
    autoip_tmr                               0x0000c78d   Thumb Code   262  autoip.o(.text)
    autoip_arp_reply                         0x0000c893   Thumb Code   176  autoip.o(.text)
    icmp_input                               0x0000c965   Thumb Code   368  icmp.o(.text)
    icmp_dest_unreach                        0x0000cb41   Thumb Code    18  icmp.o(.text)
    icmp_time_exceeded                       0x0000cb53   Thumb Code    18  icmp.o(.text)
    htonl                                    0x0000cb65   Thumb Code    26  inet.o(.text)
    inet_aton                                0x0000cb7f   Thumb Code   336  inet.o(.text)
    inet_addr                                0x0000cccf   Thumb Code    24  inet.o(.text)
    inet_ntoa                                0x0000cce7   Thumb Code   112  inet.o(.text)
    htons                                    0x0000cd57   Thumb Code    12  inet.o(.text)
    ntohs                                    0x0000cd63   Thumb Code    12  inet.o(.text)
    ntohl                                    0x0000cd6f   Thumb Code    12  inet.o(.text)
    inet_chksum_pseudo                       0x0000cdcb   Thumb Code   162  inet_chksum.o(.text)
    inet_chksum                              0x0000ce6d   Thumb Code    20  inet_chksum.o(.text)
    inet_chksum_pbuf                         0x0000ce81   Thumb Code    86  inet_chksum.o(.text)
    ip_route                                 0x0000ced9   Thumb Code    70  ip.o(.text)
    ip_input                                 0x0000cf1f   Thumb Code   398  ip.o(.text)
    ip_output_if                             0x0000d0ad   Thumb Code   246  ip.o(.text)
    ip_output                                0x0000d1a3   Thumb Code    52  ip.o(.text)
    ip_addr_isbroadcast                      0x0000d1ed   Thumb Code    78  ip_addr.o(.text)
    ip_reass_tmr                             0x0000d2e7   Thumb Code    48  ip_frag.o(.text)
    ip_reass                                 0x0000d53f   Thumb Code   410  ip_frag.o(.text)
    ip_frag                                  0x0000d6d9   Thumb Code   326  ip_frag.o(.text)
    etharp_tmr                               0x0000d853   Thumb Code   154  etharp.o(.text)
    etharp_find_addr                         0x0000dbf9   Thumb Code    86  etharp.o(.text)
    etharp_ip_input                          0x0000dc4f   Thumb Code    60  etharp.o(.text)
    etharp_arp_input                         0x0000dc8b   Thumb Code   332  etharp.o(.text)
    etharp_raw                               0x0000ddd7   Thumb Code   212  etharp.o(.text)
    etharp_request                           0x0000deab   Thumb Code    36  etharp.o(.text)
    etharp_query                             0x0000decf   Thumb Code   386  etharp.o(.text)
    etharp_output                            0x0000e051   Thumb Code   190  etharp.o(.text)
    ethernet_input                           0x0000e10f   Thumb Code   122  etharp.o(.text)
    ethernetif_input                         0x0000e2e1   Thumb Code    44  ethernetif.o(.text)
    ethernetif_init                          0x0000e30d   Thumb Code    38  ethernetif.o(.text)
    __aeabi_memcpy                           0x0000e35d   Thumb Code    36  memcpya.o(.text)
    __aeabi_memcpy4                          0x0000e35d   Thumb Code     0  memcpya.o(.text)
    __aeabi_memcpy8                          0x0000e35d   Thumb Code     0  memcpya.o(.text)
    __aeabi_memset                           0x0000e381   Thumb Code    14  memseta.o(.text)
    __aeabi_memset4                          0x0000e381   Thumb Code     0  memseta.o(.text)
    __aeabi_memset8                          0x0000e381   Thumb Code     0  memseta.o(.text)
    __aeabi_memclr                           0x0000e38f   Thumb Code     4  memseta.o(.text)
    __aeabi_memclr4                          0x0000e38f   Thumb Code     0  memseta.o(.text)
    __aeabi_memclr8                          0x0000e38f   Thumb Code     0  memseta.o(.text)
    _memset$wrapper                          0x0000e393   Thumb Code    18  memseta.o(.text)
    strlen                                   0x0000e3a5   Thumb Code    14  strlen.o(.text)
    strcmp                                   0x0000e3b3   Thumb Code    28  strcmp.o(.text)
    memcmp                                   0x0000e3cf   Thumb Code    26  memcmp.o(.text)
    strncmp                                  0x0000e3e9   Thumb Code    30  strncmp.o(.text)
    __aeabi_dmul                             0x0000e407   Thumb Code   228  dmul.o(.text)
    __aeabi_ddiv                             0x0000e4eb   Thumb Code   222  ddiv.o(.text)
    __aeabi_i2d                              0x0000e5c9   Thumb Code    34  dflti.o(.text)
    __aeabi_d2iz                             0x0000e5eb   Thumb Code    62  dfixi.o(.text)
    __aeabi_uidiv                            0x0000e629   Thumb Code     0  uidiv.o(.text)
    __aeabi_uidivmod                         0x0000e629   Thumb Code    44  uidiv.o(.text)
    __aeabi_llsr                             0x0000e655   Thumb Code    32  llushr.o(.text)
    _ll_ushift_r                             0x0000e655   Thumb Code     0  llushr.o(.text)
    __I$use$fp                               0x0000e675   Thumb Code     0  iusefp.o(.text)
    _double_round                            0x0000e675   Thumb Code    30  depilogue.o(.text)
    _double_epilogue                         0x0000e693   Thumb Code   156  depilogue.o(.text)
    __aeabi_dadd                             0x0000e72f   Thumb Code   322  dadd.o(.text)
    __aeabi_dsub                             0x0000e871   Thumb Code     6  dadd.o(.text)
    __aeabi_drsub                            0x0000e877   Thumb Code     6  dadd.o(.text)
    __ARM_scalbn                             0x0000e87d   Thumb Code    46  dscalb.o(.text)
    scalbn                                   0x0000e87d   Thumb Code     0  dscalb.o(.text)
    __scatterload                            0x0000e8ad   Thumb Code    28  init.o(.text)
    __scatterload_rt2                        0x0000e8ad   Thumb Code     0  init.o(.text)
    __aeabi_llsl                             0x0000e8d1   Thumb Code    30  llshl.o(.text)
    _ll_shift_l                              0x0000e8d1   Thumb Code     0  llshl.o(.text)
    __aeabi_lasr                             0x0000e8ef   Thumb Code    36  llsshr.o(.text)
    _ll_sshift_r                             0x0000e8ef   Thumb Code     0  llsshr.o(.text)
    __aeabi_cdcmpeq                          0x0000e915   Thumb Code     0  cdcmple.o(.text)
    __aeabi_cdcmple                          0x0000e915   Thumb Code    48  cdcmple.o(.text)
    __decompress                             0x0000e945   Thumb Code     0  __dczerorl2.o(.text)
    __decompress1                            0x0000e945   Thumb Code    86  __dczerorl2.o(.text)
    __0sprintf$3                             0x0000e99d   Thumb Code    34  printf3.o(i.__0sprintf$3)
    __1sprintf$3                             0x0000e99d   Thumb Code     0  printf3.o(i.__0sprintf$3)
    __2sprintf                               0x0000e99d   Thumb Code     0  printf3.o(i.__0sprintf$3)
    __kernel_poly                            0x0000e9c5   Thumb Code   170  poly.o(i.__kernel_poly)
    __mathlib_dbl_divzero                    0x0000ea71   Thumb Code    12  dunder.o(i.__mathlib_dbl_divzero)
    __mathlib_dbl_infnan                     0x0000ea81   Thumb Code     6  dunder.o(i.__mathlib_dbl_infnan)
    __mathlib_dbl_invalid                    0x0000ea87   Thumb Code    12  dunder.o(i.__mathlib_dbl_invalid)
    __scatterload_copy                       0x0000ea93   Thumb Code    14  handlers.o(i.__scatterload_copy)
    __scatterload_null                       0x0000eaa1   Thumb Code     2  handlers.o(i.__scatterload_null)
    __scatterload_zeroinit                   0x0000eaa3   Thumb Code    14  handlers.o(i.__scatterload_zeroinit)
    __set_errno                              0x0000eab1   Thumb Code     6  errno.o(i.__set_errno)
    log                                      0x0000ec81   Thumb Code   808  log.o(i.log)
    log10                                    0x0000efdd   Thumb Code   198  log10.o(i.log10)
    Sin100Sample                             0x0000f0c0   Data         882  myaudiosample.o(.constdata)
    Sin200Sample                             0x0000f432   Data         882  myaudiosample.o(.constdata)
    Sin500Sample                             0x0000f7a4   Data         882  myaudiosample.o(.constdata)
    Sin800Sample                             0x0000fb16   Data         882  myaudiosample.o(.constdata)
    Sin1kSample                              0x0000fe88   Data         882  myaudiosample.o(.constdata)
    Sin2kSample                              0x000101fa   Data         882  myaudiosample.o(.constdata)
    Sin5kSample                              0x0001056c   Data         882  myaudiosample.o(.constdata)
    Sin8kSample                              0x000108de   Data         882  myaudiosample.o(.constdata)
    Sin10kSample                             0x00010c50   Data         882  myaudiosample.o(.constdata)
    Sin15kSample                             0x00010fc2   Data         882  myaudiosample.o(.constdata)
    Sin20kSample                             0x00011334   Data         882  myaudiosample.o(.constdata)
    tcp_backoff                              0x000116ca   Data          13  tcp.o(.constdata)
    tcp_persist_backoff                      0x000116d7   Data           7  tcp.o(.constdata)
    ip_addr_any                              0x000116de   Data           4  ip_addr.o(.constdata)
    ip_addr_broadcast                        0x000116e2   Data           4  ip_addr.o(.constdata)
    ethbroadcast                             0x000116e6   Data           6  etharp.o(.constdata)
    ethzero                                  0x000116ec   Data           6  etharp.o(.constdata)
    __mathlib_zero                           0x00011730   Data           8  qnan.o(.constdata)
    Region$$Table$$Base                      0x0001195c   Number         0  anon$$obj.o(Region$$Table)
    Region$$Table$$Limit                     0x0001197c   Number         0  anon$$obj.o(Region$$Table)
    Debuger                                  0x20000000   Data           4  main.o(.data)
    DevType                                  0x20000004   Data           1  myapp.o(.data)
    DevId                                    0x20000005   Data           1  myapp.o(.data)
    TrainId                                  0x20000006   Data           2  myapp.o(.data)
    AppStartTimer                            0x20000008   Data           4  myapp.o(.data)
    AppStartFlag                             0x2000000c   Data           4  myapp.o(.data)
    Addr                                     0x20000010   Data           1  myapp.o(.data)
    AmpState                                 0x20000014   Data           4  myapp.o(.data)
    DC24V1State                              0x20000018   Data           4  myapp.o(.data)
    DC24V2State                              0x2000001c   Data           4  myapp.o(.data)
    NoiseDetectState                         0x20000020   Data           4  myapp.o(.data)
    CurrentState                             0x20000024   Data           1  myapp.o(.data)
    AppVersion                               0x20000025   Data           1  myapp.o(.data)
    NetLocalMac                              0x2000002c   Data           6  mynet.o(.data)
    NetLocalIp                               0x20000032   Data           4  mynet.o(.data)
    NetRouterIp                              0x20000036   Data           4  mynet.o(.data)
    NetMaskIp                                0x2000003a   Data           4  mynet.o(.data)
    NetShowIp                                0x2000003e   Data           4  mynet.o(.data)
    pNetReceiveBuf                           0x20000044   Data           4  mynet.o(.data)
    NetReceiveBufSize                        0x20000048   Data           4  mynet.o(.data)
    pNetSendBuf                              0x2000004c   Data           4  mynet.o(.data)
    NetSendBufSize                           0x20000050   Data           4  mynet.o(.data)
    NetStartingFlag                          0x20000054   Data           4  mynet.o(.data)
    NetListenSendFlag                        0x20000058   Data           4  mynet.o(.data)
    NetBaseIp                                0x2000005c   Data           4  mynet.o(.data)
    NetLocalBroadcastIp                      0x20000060   Data           4  mynet.o(.data)
    EthInitStatus                            0x20000064   Data           4  myethernet.o(.data)
    EthLinkStatus                            0x20000068   Data           1  myethernet.o(.data)
    MyTmCnt10                                0x2000006c   Data           4  mytimer.o(.data)
    MyTmCnt20                                0x20000070   Data           4  mytimer.o(.data)
    MyTmCnt50                                0x20000074   Data           4  mytimer.o(.data)
    MyTmCnt100                               0x20000078   Data           4  mytimer.o(.data)
    MyTmCnt200                               0x2000007c   Data           4  mytimer.o(.data)
    MyTmCnt500                               0x20000080   Data           4  mytimer.o(.data)
    MyTmCnt1000                              0x20000084   Data           4  mytimer.o(.data)
    MyTmCnt2000                              0x20000088   Data           4  mytimer.o(.data)
    AllBroadIpAddr                           0x2000008c   Data           4  mylwip.o(.data)
    LocalBroadIpAddr                         0x20000090   Data           4  mylwip.o(.data)
    pUdpTestPcb                              0x20000094   Data           4  mylwip.o(.data)
    pUdpCommanderPcb                         0x20000098   Data           4  mylwip.o(.data)
    pUdpControlRcvPcb                        0x2000009c   Data           4  mylwip.o(.data)
    pUdpControlSendPcb                       0x200000a0   Data           4  mylwip.o(.data)
    pUdpBroadcastRcvPcb                      0x200000a4   Data           4  mylwip.o(.data)
    pUdpBroadcastSendPcb                     0x200000a8   Data           4  mylwip.o(.data)
    pUdpTalkRcvPcb                           0x200000ac   Data           4  mylwip.o(.data)
    pUdpTalkSendPcb                          0x200000b0   Data           4  mylwip.o(.data)
    pUdpPlayclkRcvPcb                        0x200000b4   Data           4  mylwip.o(.data)
    pUdpPlayclkSendPcb                       0x200000b8   Data           4  mylwip.o(.data)
    I2cTimeout                               0x200000c0   Data           4  myi2c.o(.data)
    I2cError                                 0x200000c4   Data           4  myi2c.o(.data)
    DmaPlayFlag                              0x200000c8   Data           4  myi2s.o(.data)
    pPlayLeftFifo                            0x200000cc   Data           4  myaudio.o(.data)
    PlayLeftProduceIndex                     0x200000d0   Data           4  myaudio.o(.data)
    PlayLeftConsumeIndex                     0x200000d4   Data           4  myaudio.o(.data)
    PlayLeftWaitFlag                         0x200000d8   Data           4  myaudio.o(.data)
    PlayLeftProduceByteIndex                 0x200000dc   Data           4  myaudio.o(.data)
    PlayLeftConsumeByteIndex                 0x200000e0   Data           4  myaudio.o(.data)
    PlayLeftBytesToWrite                     0x200000e4   Data           4  myaudio.o(.data)
    PlayLeftBytesToRead                      0x200000e8   Data           4  myaudio.o(.data)
    pPlayRightFifo                           0x200000ec   Data           4  myaudio.o(.data)
    PlayRightProduceIndex                    0x200000f0   Data           4  myaudio.o(.data)
    PlayRightConsumeIndex                    0x200000f4   Data           4  myaudio.o(.data)
    PlayRightWaitFlag                        0x200000f8   Data           4  myaudio.o(.data)
    pListenLeftFifo                          0x200000fc   Data           4  myaudio.o(.data)
    ListenLeftProduceIndex                   0x20000100   Data           4  myaudio.o(.data)
    ListenLeftConsumeIndex                   0x20000104   Data           4  myaudio.o(.data)
    pListenRightFifo                         0x20000108   Data           4  myaudio.o(.data)
    ListenRightProduceIndex                  0x2000010c   Data           4  myaudio.o(.data)
    ListenRightConsumeIndex                  0x20000110   Data           4  myaudio.o(.data)
    ListenLeftFlag                           0x20000114   Data           4  myaudio.o(.data)
    ListenLeftEnable                         0x20000118   Data           4  myaudio.o(.data)
    ListenRightFlag                          0x2000011c   Data           4  myaudio.o(.data)
    ListenRightEnable                        0x20000120   Data           4  myaudio.o(.data)
    AudioVolume                              0x20000124   Data           4  myaudio.o(.data)
    AudioTreble                              0x20000128   Data           4  myaudio.o(.data)
    AudioBass                                0x2000012c   Data           4  myaudio.o(.data)
    AudioFrontPlayFlag                       0x20000130   Data           4  myaudio.o(.data)
    AudioBackPlayFlag                        0x20000134   Data           4  myaudio.o(.data)
    PlayClock                                0x20000138   Data           4  myaudio.o(.data)
    PlayClockSendFlag                        0x2000013c   Data           4  myaudio.o(.data)
    PlayClockEnable                          0x20000140   Data           4  myaudio.o(.data)
    PlayClockRcvFlag                         0x20000144   Data           4  myaudio.o(.data)
    SampleV                                  0x20000148   Data           4  myaudio.o(.data)
    SampleI                                  0x2000014c   Data           4  myaudio.o(.data)
    SampleVIbufIndex                         0x20000150   Data           4  myaudio.o(.data)
    SampleR                                  0x20000154   Data           4  myaudio.o(.data)
    SpeakerState                             0x20000158   Data           4  myaudio.o(.data)
    EmeVolume                                0x2000015c   Data           4  myaudio.o(.data)
    EmeVolumeSetFlag                         0x20000160   Data           4  myaudio.o(.data)
    EmeAudioFlag                             0x20000164   Data           4  myaudio.o(.data)
    EmeAudioTestFlag                         0x20000168   Data           4  myaudio.o(.data)
    AudioUpDownFlag                          0x2000016c   Data           4  myaudio.o(.data)
    AudioNdOffset                            0x20000170   Data           4  myaudio.o(.data)
    AudioNdFlag                              0x20000174   Data           4  myaudio.o(.data)
    AudioNdOffsetAim                         0x20000178   Data           4  myaudio.o(.data)
    AudioNdedVolume                          0x2000017c   Data           4  myaudio.o(.data)
    AudioPlayTestSinFlag                     0x20000180   Data           4  myaudio.o(.data)
    AudioPlayTestSinFrequency                0x20000184   Data           4  myaudio.o(.data)
    AudioPlayTestSinSampleIndex              0x20000188   Data           4  myaudio.o(.data)
    AudioInputSampleV                        0x2000018c   Data           4  myaudio.o(.data)
    AudioInputSampleI                        0x20000190   Data           4  myaudio.o(.data)
    ProtocolLocalInfo                        0x20000198   Data           8  myprotocol.o(.data)
    ProtocolBroadInfo                        0x200001a0   Data           8  myprotocol.o(.data)
    HttpTestAAA                              0x200001a8   Data         128  myhttpd.o(.data)
    HttpTestBBB                              0x20000228   Data         128  myhttpd.o(.data)
    StorageInfoSaveFlag                      0x200002a8   Data           4  mystorage.o(.data)
    CommanderSendAdcValueFlag                0x200002ac   Data           4  mycommander.o(.data)
    CommanderSendSampleFlag                  0x200002b0   Data           4  mycommander.o(.data)
    CommanderSendNoiseFlag                   0x200002b4   Data           4  mycommander.o(.data)
    KeyValue                                 0x200002b8   Data           4  mykey.o(.data)
    KeyUpFlag                                0x200002bc   Data           4  mykey.o(.data)
    KeyUpStep                                0x200002c0   Data           4  mykey.o(.data)
    KeyUpContinuous                          0x200002c4   Data           4  mykey.o(.data)
    KeyDownFlag                              0x200002c8   Data           4  mykey.o(.data)
    KeyDownStep                              0x200002cc   Data           4  mykey.o(.data)
    KeyDownContinuous                        0x200002d0   Data           4  mykey.o(.data)
    NoiseTable_dB                            0x200002d4   Data          48  mynoise.o(.data)
    NoiseTable_Adv                           0x20000304   Data          48  mynoise.o(.data)
    NoiseTable_SampleV                       0x20000334   Data          48  mynoise.o(.data)
    Noise12BufIndex                          0x20000364   Data           4  mynoise.o(.data)
    Noise1Value                              0x20000368   Data           4  mynoise.o(.data)
    Noise2Value                              0x2000036c   Data           4  mynoise.o(.data)
    Noise1DB                                 0x20000370   Data           4  mynoise.o(.data)
    Noise2DB                                 0x20000374   Data           4  mynoise.o(.data)
    NoiseDB                                  0x20000378   Data           4  mynoise.o(.data)
    NoiseMyDB                                0x2000037c   Data           4  mynoise.o(.data)
    NoiseOtherDB                             0x20000380   Data           4  mynoise.o(.data)
    NoiseNewMyValue                          0x20000384   Data           4  mynoise.o(.data)
    NoiseNewMyDb                             0x20000388   Data           4  mynoise.o(.data)
    NoiseNewSensorBufIndex                   0x2000038c   Data           4  mynoise.o(.data)
    NoiseNewSensor1Value                     0x20000390   Data           4  mynoise.o(.data)
    NoiseNewSensor2Value                     0x20000394   Data           4  mynoise.o(.data)
    NoiseNewSensor1Db                        0x20000398   Data           4  mynoise.o(.data)
    NoiseNewSensor2Db                        0x2000039c   Data           4  mynoise.o(.data)
    NoiseNewSensorDb                         0x200003a0   Data           4  mynoise.o(.data)
    NoiseNewOtherDb                          0x200003a4   Data           4  mynoise.o(.data)
    SelfTestStartFlag                        0x200003b0   Data           4  myselftest.o(.data)
    SelfTestStep                             0x200003b4   Data           4  myselftest.o(.data)
    SelfTest1kVCount                         0x200003b8   Data           4  myselftest.o(.data)
    SelfTest1kVVolt                          0x200003bc   Data           4  myselftest.o(.data)
    SelfTest1kICount                         0x200003c0   Data           4  myselftest.o(.data)
    SelfTest1kIA                             0x200003c4   Data           4  myselftest.o(.data)
    SelfTestAmplification                    0x200003c8   Data           4  myselftest.o(.data)
    SelfTestSnr                              0x200003cc   Data           4  myselftest.o(.data)
    SelfTestOutputPower                      0x200003d0   Data           4  myselftest.o(.data)
    SystemCoreClock                          0x200003e4   Data           4  system_stm32f2xx.o(.data)
    AHBPrescTable                            0x200003e8   Data          16  system_stm32f2xx.o(.data)
    DMATxDescToSet                           0x200003f8   Data           4  stm32f2x7_eth.o(.data)
    DMARxDescToGet                           0x200003fc   Data           4  stm32f2x7_eth.o(.data)
    DMA_RX_FRAME_infos                       0x20000400   Data           4  stm32f2x7_eth.o(.data)
    Frame_Rx_index                           0x20000404   Data           4  stm32f2x7_eth.o(.data)
    netif_list                               0x20000418   Data           4  netif.o(.data)
    netif_default                            0x2000041c   Data           4  netif.o(.data)
    tcp_state_str                            0x20000428   Data          44  tcp.o(.data)
    tcp_ticks                                0x20000454   Data           4  tcp.o(.data)
    tcp_bound_pcbs                           0x20000458   Data           4  tcp.o(.data)
    tcp_listen_pcbs                          0x2000045c   Data           4  tcp.o(.data)
    tcp_active_pcbs                          0x20000460   Data           4  tcp.o(.data)
    tcp_tw_pcbs                              0x20000464   Data           4  tcp.o(.data)
    tcp_tmp_pcb                              0x20000468   Data           4  tcp.o(.data)
    tcp_input_pcb                            0x20000490   Data           4  tcp_in.o(.data)
    udp_pcbs                                 0x20000494   Data           4  udp.o(.data)
    current_netif                            0x20000498   Data           4  ip.o(.data)
    current_header                           0x2000049c   Data           4  ip.o(.data)
    LedBrightness                            0x200004b0   Data          20  myapp.o(.bss)
    NetBuf                                   0x200004c4   Data        1280  mynet.o(.bss)
    Netif                                    0x200009c4   Data          52  mylwip.o(.bss)
    DmaPlayMem0                              0x200009f8   Data        2048  myi2s.o(.bss)
    DmaPlayMem1                              0x200011f8   Data        2048  myi2s.o(.bss)
    DmaListenMem0                            0x200019f8   Data        2048  myi2s.o(.bss)
    DmaListenMem1                            0x200021f8   Data        2048  myi2s.o(.bss)
    PlayLeftFifo                             0x200029f8   Data        8192  myaudio.o(.bss)
    PlayRightFifo                            0x200049f8   Data        8192  myaudio.o(.bss)
    ListenLeftFifo                           0x200069f8   Data        2048  myaudio.o(.bss)
    ListenRightFifo                          0x200071f8   Data        2048  myaudio.o(.bss)
    AudioPlayInfo                            0x200079f8   Data          12  myaudio.o(.bss)
    SampleVbuf                               0x20007a04   Data          32  myaudio.o(.bss)
    SampleIbuf                               0x20007a24   Data          32  myaudio.o(.bss)
    AudioPlayTestSinBuf                      0x20007a44   Data        1024  myaudio.o(.bss)
    HttpTest                                 0x20007e84   Data        1024  myhttpd.o(.bss)
    StorageInfo                              0x20008284   Data          23  mystorage.o(.bss)
    OutStr                                   0x2000829b   Data         256  mycommander.o(.bss)
    AdcConvertedValue                        0x2000839c   Data         512  myadc.o(.bss)
    Noise1Buf                                0x2000859c   Data         400  mynoise.o(.bss)
    Noise2Buf                                0x2000872c   Data         400  mynoise.o(.bss)
    NoiseNewSensor1Buf                       0x200088bc   Data         400  mynoise.o(.bss)
    NoiseNewSensor2Buf                       0x20008a4c   Data         400  mynoise.o(.bss)
    SelfTestFrequencyResponse                0x20008bdc   Data         128  myselftest.o(.bss)
    DMARxDscrTab                             0x20008c5c   Data         160  stm32f2x7_eth.o(.bss)
    DMATxDscrTab                             0x20008cfc   Data         160  stm32f2x7_eth.o(.bss)
    Rx_Buff                                  0x20008d9c   Data        7620  stm32f2x7_eth.o(.bss)
    Tx_Buff                                  0x2000ab60   Data        7620  stm32f2x7_eth.o(.bss)
    RX_Frame_Descriptor                      0x2000c924   Data          12  stm32f2x7_eth.o(.bss)
    __initial_sp                             0x20016458   Data           0  startup_stm32f2xx.o(STACK)



==============================================================================

Memory Map of the image

  Image Entry point : 0x00000185

  Load Region LR_IROM1 (Base: 0x00000000, Size: 0x00011e2c, Max: 0x00040000, ABSOLUTE, COMPRESSED[0x00011a68])

    Execution Region ER_IROM1 (Base: 0x00000000, Size: 0x0001197c, Max: 0x00040000, ABSOLUTE)

    Base Addr    Size         Type   Attr      Idx    E Section Name        Object

    0x00000000   0x00000184   Data   RO          847    RESET               startup_stm32f2xx.o
    0x00000184   0x00000000   Code   RO         1478  * .ARM.Collect$$$$00000000  mc_w.l(entry.o)
    0x00000184   0x00000004   Code   RO         1788    .ARM.Collect$$$$00000001  mc_w.l(entry2.o)
    0x00000188   0x00000004   Code   RO         1791    .ARM.Collect$$$$00000004  mc_w.l(entry5.o)
    0x0000018c   0x00000000   Code   RO         1793    .ARM.Collect$$$$00000008  mc_w.l(entry7b.o)
    0x0000018c   0x00000000   Code   RO         1795    .ARM.Collect$$$$0000000A  mc_w.l(entry8b.o)
    0x0000018c   0x00000008   Code   RO         1796    .ARM.Collect$$$$0000000B  mc_w.l(entry9a.o)
    0x00000194   0x00000000   Code   RO         1798    .ARM.Collect$$$$0000000D  mc_w.l(entry10a.o)
    0x00000194   0x00000000   Code   RO         1800    .ARM.Collect$$$$0000000F  mc_w.l(entry11a.o)
    0x00000194   0x00000004   Code   RO         1789    .ARM.Collect$$$$00002712  mc_w.l(entry2.o)
    0x00000198   0x000001a4   Code   RO            1    .text               main.o
    0x0000033c   0x00000774   Code   RO          211    .text               myapp.o
    0x00000ab0   0x00000818   Code   RO          237    .text               myboard.o
    0x000012c8   0x00000300   Code   RO          252    .text               mymiscfunc.o
    0x000015c8   0x000006bc   Code   RO          264    .text               mynet.o
    0x00001c84   0x00000158   Code   RO          373    .text               myethernet.o
    0x00001ddc   0x0000002c   Code   RO          388    .text               stm32f2xx_it.o
    0x00001e08   0x00000164   Code   RO          403    .text               mytimer.o
    0x00001f6c   0x0000059c   Code   RO          425    .text               mylwip.o
    0x00002508   0x00000ad4   Code   RO          441    .text               myi2c.o
    0x00002fdc   0x000006dc   Code   RO          471    .text               myi2s.o
    0x000036b8   0x00000c38   Code   RO          502    .text               myaudio.o
    0x000042f0   0x000004e8   Code   RO          521    .text               myprotocol.o
    0x000047d8   0x000002c4   Code   RO          536    .text               myhttpd.o
    0x00004a9c   0x00000178   Code   RO          568    .text               mystorage.o
    0x00004c14   0x00000b20   Code   RO          587    .text               mycommander.o
    0x00005734   0x000001f0   Code   RO          604    .text               myadc.o
    0x00005924   0x000001ac   Code   RO          619    .text               mykey.o
    0x00005ad0   0x00000440   Code   RO          637    .text               mynoise.o
    0x00005f10   0x0000041c   Code   RO          656    .text               myselftest.o
    0x0000632c   0x000000e0   Code   RO          675    .text               misc.o
    0x0000640c   0x000003a8   Code   RO          699    .text               stm32f2xx_dma.o
    0x000067b4   0x0000025c   Code   RO          735    .text               stm32f2xx_gpio.o
    0x00006a10   0x00000428   Code   RO          747    .text               stm32f2xx_i2c.o
    0x00006e38   0x00000588   Code   RO          771    .text               stm32f2xx_rcc.o
    0x000073c0   0x00000364   Code   RO          785    .text               stm32f2xx_spi.o
    0x00007724   0x0000008c   Code   RO          797    .text               stm32f2xx_syscfg.o
    0x000077b0   0x00000464   Code   RO          833    .text               stm32f2xx_adc.o
    0x00007c14   0x00000024   Code   RO          848    .text               startup_stm32f2xx.o
    0x00007c38   0x000001e0   Code   RO          853    .text               system_stm32f2xx.o
    0x00007e18   0x00000d84   Code   RO          903    .text               stm32f2x7_eth.o
    0x00008b9c   0x0000034c   Code   RO         1026    .text               mem.o
    0x00008ee8   0x000000a8   Code   RO         1041    .text               memp.o
    0x00008f90   0x00000204   Code   RO         1071    .text               netif.o
    0x00009194   0x0000059c   Code   RO         1093    .text               pbuf.o
    0x00009730   0x000001a0   Code   RO         1108    .text               raw.o
    0x000098d0   0x00000bd0   Code   RO         1134    .text               tcp.o
    0x0000a4a0   0x00001294   Code   RO         1155    .text               tcp_in.o
    0x0000b734   0x00000a8e   Code   RO         1178    .text               tcp_out.o
    0x0000c1c2   0x00000002   PAD
    0x0000c1c4   0x000003e0   Code   RO         1190    .text               udp.o
    0x0000c5a4   0x000003c0   Code   RO         1208    .text               autoip.o
    0x0000c964   0x00000200   Code   RO         1223    .text               icmp.o
    0x0000cb64   0x0000021c   Code   RO         1241    .text               inet.o
    0x0000cd80   0x00000156   Code   RO         1254    .text               inet_chksum.o
    0x0000ced6   0x00000002   PAD
    0x0000ced8   0x00000314   Code   RO         1273    .text               ip.o
    0x0000d1ec   0x0000004e   Code   RO         1294    .text               ip_addr.o
    0x0000d23a   0x00000002   PAD
    0x0000d23c   0x000005ec   Code   RO         1316    .text               ip_frag.o
    0x0000d828   0x00000960   Code   RO         1331    .text               etharp.o
    0x0000e188   0x000001d4   Code   RO         1366    .text               ethernetif.o
    0x0000e35c   0x00000024   Code   RO         1481    .text               mc_w.l(memcpya.o)
    0x0000e380   0x00000024   Code   RO         1483    .text               mc_w.l(memseta.o)
    0x0000e3a4   0x0000000e   Code   RO         1485    .text               mc_w.l(strlen.o)
    0x0000e3b2   0x0000001c   Code   RO         1487    .text               mc_w.l(strcmp.o)
    0x0000e3ce   0x0000001a   Code   RO         1489    .text               mc_w.l(memcmp.o)
    0x0000e3e8   0x0000001e   Code   RO         1491    .text               mc_w.l(strncmp.o)
    0x0000e406   0x000000e4   Code   RO         1756    .text               mf_w.l(dmul.o)
    0x0000e4ea   0x000000de   Code   RO         1758    .text               mf_w.l(ddiv.o)
    0x0000e5c8   0x00000022   Code   RO         1760    .text               mf_w.l(dflti.o)
    0x0000e5ea   0x0000003e   Code   RO         1762    .text               mf_w.l(dfixi.o)
    0x0000e628   0x0000002c   Code   RO         1805    .text               mc_w.l(uidiv.o)
    0x0000e654   0x00000020   Code   RO         1809    .text               mc_w.l(llushr.o)
    0x0000e674   0x00000000   Code   RO         1818    .text               mc_w.l(iusefp.o)
    0x0000e674   0x000000ba   Code   RO         1819    .text               mf_w.l(depilogue.o)
    0x0000e72e   0x0000014e   Code   RO         1821    .text               mf_w.l(dadd.o)
    0x0000e87c   0x0000002e   Code   RO         1823    .text               mf_w.l(dscalb.o)
    0x0000e8aa   0x00000002   PAD
    0x0000e8ac   0x00000024   Code   RO         1832    .text               mc_w.l(init.o)
    0x0000e8d0   0x0000001e   Code   RO         1835    .text               mc_w.l(llshl.o)
    0x0000e8ee   0x00000024   Code   RO         1837    .text               mc_w.l(llsshr.o)
    0x0000e912   0x00000002   PAD
    0x0000e914   0x00000030   Code   RO         1840    .text               mf_w.l(cdcmple.o)
    0x0000e944   0x00000056   Code   RO         1850    .text               mc_w.l(__dczerorl2.o)
    0x0000e99a   0x00000002   PAD
    0x0000e99c   0x00000028   Code   RO         1586    i.__0sprintf$3      mc_w.l(printf3.o)
    0x0000e9c4   0x000000aa   Code   RO         1829    i.__kernel_poly     m_ws.l(poly.o)
    0x0000ea6e   0x00000002   PAD
    0x0000ea70   0x00000010   Code   RO         1764    i.__mathlib_dbl_divzero  m_ws.l(dunder.o)
    0x0000ea80   0x00000006   Code   RO         1765    i.__mathlib_dbl_infnan  m_ws.l(dunder.o)
    0x0000ea86   0x0000000c   Code   RO         1767    i.__mathlib_dbl_invalid  m_ws.l(dunder.o)
    0x0000ea92   0x0000000e   Code   RO         1844    i.__scatterload_copy  mc_w.l(handlers.o)
    0x0000eaa0   0x00000002   Code   RO         1845    i.__scatterload_null  mc_w.l(handlers.o)
    0x0000eaa2   0x0000000e   Code   RO         1846    i.__scatterload_zeroinit  mc_w.l(handlers.o)
    0x0000eab0   0x0000000c   Code   RO         1813    i.__set_errno       mc_w.l(errno.o)
    0x0000eabc   0x000001b8   Code   RO         1591    i._printf_core      mc_w.l(printf3.o)
    0x0000ec74   0x0000000a   Code   RO         1593    i._sputc            mc_w.l(printf3.o)
    0x0000ec7e   0x00000002   PAD
    0x0000ec80   0x0000035c   Code   RO         1779    i.log               m_ws.l(log.o)
    0x0000efdc   0x000000e4   Code   RO         1471    i.log10             m_ws.l(log10.o)
    0x0000f0c0   0x000025e6   Data   RO          490    .constdata          myaudiosample.o
    0x000116a6   0x00000024   Data   RO         1043    .constdata          memp.o
    0x000116ca   0x00000014   Data   RO         1135    .constdata          tcp.o
    0x000116de   0x00000008   Data   RO         1295    .constdata          ip_addr.o
    0x000116e6   0x0000000c   Data   RO         1333    .constdata          etharp.o
    0x000116f2   0x00000006   PAD
    0x000116f8   0x00000038   Data   RO         1780    .constdata          m_ws.l(log.o)
    0x00011730   0x00000008   Data   RO         1831    .constdata          m_ws.l(qnan.o)
    0x00011738   0x00000147   Data   RO          538    .conststring        myhttpd.o
    0x0001187f   0x00000001   PAD
    0x00011880   0x00000062   Data   RO          589    .conststring        mycommander.o
    0x000118e2   0x00000002   PAD
    0x000118e4   0x00000075   Data   RO         1136    .conststring        tcp.o
    0x00011959   0x00000003   PAD
    0x0001195c   0x00000020   Data   RO         1842    Region$$Table       anon$$obj.o


    Execution Region RW_IRAM1 (Base: 0x20000000, Size: 0x00016458, Max: 0x00020000, ABSOLUTE, COMPRESSED[0x000000ec])

    Base Addr    Size         Type   Attr      Idx    E Section Name        Object

    0x20000000   0x00000004   Data   RW            2    .data               main.o
    0x20000004   0x00000028   Data   RW          213    .data               myapp.o
    0x2000002c   0x00000038   Data   RW          266    .data               mynet.o
    0x20000064   0x00000005   Data   RW          374    .data               myethernet.o
    0x20000069   0x00000003   PAD
    0x2000006c   0x00000020   Data   RW          404    .data               mytimer.o
    0x2000008c   0x00000034   Data   RW          427    .data               mylwip.o
    0x200000c0   0x00000008   Data   RW          442    .data               myi2c.o
    0x200000c8   0x00000004   Data   RW          473    .data               myi2s.o
    0x200000cc   0x000000cc   Data   RW          504    .data               myaudio.o
    0x20000198   0x00000010   Data   RW          522    .data               myprotocol.o
    0x200001a8   0x00000100   Data   RW          539    .data               myhttpd.o
    0x200002a8   0x00000004   Data   RW          570    .data               mystorage.o
    0x200002ac   0x0000000c   Data   RW          590    .data               mycommander.o
    0x200002b8   0x0000001c   Data   RW          620    .data               mykey.o
    0x200002d4   0x000000dc   Data   RW          639    .data               mynoise.o
    0x200003b0   0x00000024   Data   RW          658    .data               myselftest.o
    0x200003d4   0x00000010   Data   RW          772    .data               stm32f2xx_rcc.o
    0x200003e4   0x00000014   Data   RW          854    .data               system_stm32f2xx.o
    0x200003f8   0x00000010   Data   RW          905    .data               stm32f2x7_eth.o
    0x20000408   0x0000000d   Data   RW         1028    .data               mem.o
    0x20000415   0x00000003   PAD
    0x20000418   0x00000009   Data   RW         1072    .data               netif.o
    0x20000421   0x00000003   PAD
    0x20000424   0x00000004   Data   RW         1109    .data               raw.o
    0x20000428   0x0000004c   Data   RW         1137    .data               tcp.o
    0x20000474   0x00000020   Data   RW         1157    .data               tcp_in.o
    0x20000494   0x00000004   Data   RW         1191    .data               udp.o
    0x20000498   0x0000000a   Data   RW         1274    .data               ip.o
    0x200004a2   0x00000002   PAD
    0x200004a4   0x00000006   Data   RW         1318    .data               ip_frag.o
    0x200004aa   0x00000001   Data   RW         1334    .data               etharp.o
    0x200004ab   0x00000001   PAD
    0x200004ac   0x00000004   Data   RW         1814    .data               mc_w.l(errno.o)
    0x200004b0   0x00000014   Zero   RW          212    .bss                myapp.o
    0x200004c4   0x00000500   Zero   RW          265    .bss                mynet.o
    0x200009c4   0x00000034   Zero   RW          426    .bss                mylwip.o
    0x200009f8   0x00002000   Zero   RW          472    .bss                myi2s.o
    0x200029f8   0x0000548c   Zero   RW          503    .bss                myaudio.o
    0x20007e84   0x00000400   Zero   RW          537    .bss                myhttpd.o
    0x20008284   0x00000017   Zero   RW          569    .bss                mystorage.o
    0x2000829b   0x00000100   Zero   RW          588    .bss                mycommander.o
    0x2000839b   0x00000001   PAD
    0x2000839c   0x00000200   Zero   RW          605    .bss                myadc.o
    0x2000859c   0x00000640   Zero   RW          638    .bss                mynoise.o
    0x20008bdc   0x00000080   Zero   RW          657    .bss                myselftest.o
    0x20008c5c   0x00003cd4   Zero   RW          904    .bss                stm32f2x7_eth.o
    0x2000c930   0x00002814   Zero   RW         1027    .bss                mem.o
    0x2000f144   0x00006847   Zero   RW         1042    .bss                memp.o
    0x2001598b   0x00000001   PAD
    0x2001598c   0x00000014   Zero   RW         1156    .bss                tcp_in.o
    0x200159a0   0x00000010   Zero   RW         1242    .bss                inet.o
    0x200159b0   0x000005e0   Zero   RW         1317    .bss                ip_frag.o
    0x20015f90   0x000000c8   Zero   RW         1332    .bss                etharp.o
    0x20016058   0x00000400   Zero   RW          845    STACK               startup_stm32f2xx.o


==============================================================================

Image component sizes


      Code (inc. data)   RO Data    RW Data    ZI Data      Debug   Object Name

       960         34          0          0          0       4538   autoip.o
      2400         22         12          1        200       9942   etharp.o
       468         42          0          0          0       3060   ethernetif.o
       512          0          0          0          0       2738   icmp.o
       540         12          0          0         16       3380   inet.o
       342          0          0          0          0       5542   inet_chksum.o
         0          0          0          0          0       5618   init.o
       788         22          0         10          0       6282   ip.o
        78          0          8          0          0       6061   ip_addr.o
      1516         18          0          6       1504       6152   ip_frag.o
       420         48          0          4          0     313625   main.o
       844         22          0         13      10260       4038   mem.o
       168         18         36          0      26695       3406   memp.o
       224         20          0          0          0       2005   misc.o
       496         22          0          0        512       3054   myadc.o
      1908         94          0         40         20       5106   myapp.o
      3128        460          0        204      21644      11440   myaudio.o
         0          0       9702          0          0       1301   myaudiosample.o
      2072         54          0          0          0       6091   myboard.o
      2848        976         98         12        256       6267   mycommander.o
       344         18          0          5          0       1533   myethernet.o
       708        102        327        256       1024       4415   myhttpd.o
      2772         82          0          8          0       5740   myi2c.o
      1756        114          0          4       8192       6314   myi2s.o
       428         32          0         28          0       1656   mykey.o
      1436        106          0         52         52       7701   mylwip.o
       768          4          0          0          0       4540   mymiscfunc.o
      1724        120          0         56       1280      33107   mynet.o
      1088        252          0        220       1600       4443   mynoise.o
      1256         54          0         16          0       7824   myprotocol.o
      1052         52          0         36        128       4644   myselftest.o
       376         42          0          4         23       2203   mystorage.o
       356         46          0         32          0      19593   mytimer.o
       516         20          0          9          0       5764   netif.o
      1436          0          0          0          0       5728   pbuf.o
       416          4          0          4          0       3733   raw.o
        36          8        388          0       1024        912   startup_stm32f2xx.o
      3460         92          0         16      15572      55804   stm32f2x7_eth.o
      1124         24          0          0          0      10486   stm32f2xx_adc.o
       936         32          0          0          0       6433   stm32f2xx_dma.o
       604         36          0          0          0       4101   stm32f2xx_gpio.o
      1064         26          0          0          0       8167   stm32f2xx_i2c.o
        44          0          0          0          0       1511   stm32f2xx_it.o
      1416         48          0         16          0      11183   stm32f2xx_rcc.o
       868         22          0          0          0       6428   stm32f2xx_spi.o
       140         12          0          0          0       1627   stm32f2xx_syscfg.o
       480         40          0         20          0       2123   system_stm32f2xx.o
      3024        116        137         76          0      18296   tcp.o
      4756        214          0         32         20      13688   tcp_in.o
      2702         12          0          0          0       7110   tcp_out.o
       992          8          0          4          0       6657   udp.o

    ----------------------------------------------------------------------
     57796       3602      10752       1196      90024     683110   Object Totals
         0          0         32          0          0          0   (incl. Generated)
         6          0         12         12          2          0   (incl. Padding)

    ----------------------------------------------------------------------

      Code (inc. data)   RO Data    RW Data    ZI Data      Debug   Library Member Name

        34          4          0          0          0        204   dunder.o
       860         52         56          0          0        256   log.o
       228         30          0          0          0        120   log10.o
       170          0          0          0          0         96   poly.o
         0          0          8          0          0          0   qnan.o
        86          0          0          0          0          0   __dczerorl2.o
         0          0          0          0          0          0   entry.o
         0          0          0          0          0          0   entry10a.o
         0          0          0          0          0          0   entry11a.o
         8          4          0          0          0          0   entry2.o
         4          0          0          0          0          0   entry5.o
         0          0          0          0          0          0   entry7b.o
         0          0          0          0          0          0   entry8b.o
         8          4          0          0          0          0   entry9a.o
        12          6          0          4          0         68   errno.o
        30          0          0          0          0          0   handlers.o
        36          8          0          0          0         68   init.o
         0          0          0          0          0          0   iusefp.o
        30          0          0          0          0         68   llshl.o
        36          0          0          0          0         68   llsshr.o
        32          0          0          0          0         68   llushr.o
        26          0          0          0          0         80   memcmp.o
        36          0          0          0          0         68   memcpya.o
        36          0          0          0          0        108   memseta.o
       490         10          0          0          0        252   printf3.o
        28          0          0          0          0         76   strcmp.o
        14          0          0          0          0         68   strlen.o
        30          0          0          0          0         80   strncmp.o
        44          0          0          0          0         80   uidiv.o
        48          0          0          0          0         68   cdcmple.o
       334          0          0          0          0        148   dadd.o
       222          0          0          0          0        100   ddiv.o
       186          0          0          0          0        176   depilogue.o
        62          0          0          0          0         80   dfixi.o
        34          0          0          0          0         76   dflti.o
       228          0          0          0          0         96   dmul.o
        46          0          0          0          0         80   dscalb.o

    ----------------------------------------------------------------------
      3448        118         64          4          0       2652   Library Totals
        10          0          0          0          0          0   (incl. Padding)

    ----------------------------------------------------------------------

      Code (inc. data)   RO Data    RW Data    ZI Data      Debug   Library Name

      1292         86         64          0          0        676   m_ws.l
       986         32          0          4          0       1152   mc_w.l
      1160          0          0          0          0        824   mf_w.l

    ----------------------------------------------------------------------
      3448        118         64          4          0       2652   Library Totals

    ----------------------------------------------------------------------

==============================================================================


      Code (inc. data)   RO Data    RW Data    ZI Data      Debug   

     61244       3720      10816       1200      90024     679390   Grand Totals
     61244       3720      10816        236      90024     679390   ELF Image Totals (compressed)
     61244       3720      10816        236          0          0   ROM Totals

==============================================================================

    Total RO  Size (Code + RO Data)                72060 (  70.37kB)
    Total RW  Size (RW Data + ZI Data)             91224 (  89.09kB)
    Total ROM Size (Code + RO Data + RW Data)      72296 (  70.60kB)

==============================================================================

