Component: ARM Compiler 5.05 update 1 (build 106) Tool: armlink [4d0efa]

==============================================================================

Section Cross References

    main.o(.text) refers to flash_if.o(.text) for Check_And_RunAPP
    main.o(.text) refers to mymiscfunc.o(.text) for Delay
    main.o(.text) refers to myboard.o(.text) for RCC_Configuration
    main.o(.text) refers to mytimer.o(.text) for SysTick_Init
    main.o(.text) refers to p_sys.o(.text) for feed_dog
    main.o(.text) refers to myapp.o(.text) for AppInit
    main.o(.text) refers to mystorage.o(.text) for StorageInit
    main.o(.text) refers to mynet.o(.text) for NetInit
    main.o(.text) refers to process_ledscreen.o(.text) for ledscreen_init
    main.o(.text) refers to mylwip.o(.text) for LwipProcess
    main.o(.text) refers to process_net.o(.text) for udp_CtrlMsg_send_process
    main.o(.text) refers to mycommander.o(.text) for send_downloadReq
    main.o(.text) refers to tftp_cli.o(.text) for tftp_cli_timeout_process
    main.o(.text) refers to main.o(.data) for timer_3
    main.o(.text) refers to process_net.o(.data) for Hled_run_status
    main.o(.text) refers to mytimer.o(.data) for MyTmCnt10
    p_sys.o(.text) refers to stm32f2xx_gpio.o(.text) for GPIO_Init
    p_sys.o(.text) refers to p_sys.o(.data) for tmp
    p_sys.o(.text) refers to process_ledscreen.o(.data) for roll_speed
    p_sys.o(.text) refers to main.o(.data) for timer2_flag
    hc595.o(.text) refers to stm32f2xx_gpio.o(.text) for GPIO_SetBits
    hc595.o(.text) refers to process_ledscreen.o(.text) for clr_led_buf
    hc595.o(.text) refers to mymiscfunc.o(.text) for Delay
    hc595.o(.text) refers to hc595.o(.constdata) for led_row_select
    hc595.o(.text) refers to hc595.o(.data) for line_No
    hc595.o(.text) refers to hc595.o(.bss) for green_CN
    hc595.o(.text) refers to process_ledscreen.o(.data) for brightness
    hc595.o(.text) refers to main.o(.data) for refresh_flag
    myapp.o(.text) refers to bsp_dev_id.o(.text) for get_devecie_id
    myapp.o(.text) refers to mystorage.o(.text) for StorageInfoSave
    myapp.o(.text) refers to mycommander.o(.text) for CommanderSendDeviceId
    myapp.o(.text) refers to myapp.o(.data) for AppStartTimer
    myaudio.o(.text) refers to myi2s.o(.text) for L3Uda1341SetVolume
    myaudio.o(.text) refers to mystorage.o(.text) for StorageInfoSave
    myaudio.o(.text) refers to mymiscfunc.o(.text) for Delay
    myaudio.o(.text) refers to myaudio.o(.data) for AudioVolume
    myaudio.o(.text) refers to myaudio.o(.bss) for ListenLeftFifo
    myaudio.o(.text) refers to myi2s.o(.data) for DmaPlayFlag
    myboard.o(.text) refers to stm32f2xx_rcc.o(.text) for RCC_AHB1PeriphClockCmd
    myboard.o(.text) refers to stm32f2xx_gpio.o(.text) for GPIO_Init
    myboard.o(.text) refers to p_sys.o(.text) for watchdog_GPIO_config
    myboard.o(.text) refers to bsp_dev_id.o(.text) for Device_id_GPIO_config
    myboard.o(.text) refers to hc595.o(.text) for HC595_GPIO_config
    mycommander.o(.text) refers to _printf_percent.o(.ARM.Collect$$_printf_percent$$00000000) for _printf_percent
    mycommander.o(.text) refers to _printf_d.o(.ARM.Collect$$_printf_percent$$00000009) for _printf_d
    mycommander.o(.text) refers to _printf_dec.o(.text) for _printf_int_dec
    mycommander.o(.text) refers to _printf_pad.o(.text) for _printf_pre_padding
    mycommander.o(.text) refers to _printf_x.o(.ARM.Collect$$_printf_percent$$0000000C) for _printf_x
    mycommander.o(.text) refers to _printf_hex_int.o(.text) for _printf_longlong_hex
    mycommander.o(.text) refers to strlen.o(.text) for strlen
    mycommander.o(.text) refers to mylwip.o(.text) for UdpCommanderSend
    mycommander.o(.text) refers to rt_memclr.o(.text) for __aeabi_memclr
    mycommander.o(.text) refers to noretval__2sprintf.o(.text) for __2sprintf
    mycommander.o(.text) refers to rt_memcpy_w.o(.text) for __aeabi_memcpy4
    mycommander.o(.text) refers to rt_memclr_w.o(.text) for __aeabi_memclr4
    mycommander.o(.text) refers to strcat.o(.text) for strcat
    mycommander.o(.text) refers to mymiscfunc.o(.text) for LineToWords
    mycommander.o(.text) refers to strcmpv7m.o(.text) for strcmp
    mycommander.o(.text) refers to mynet.o(.text) for NetSetLocalIp4
    mycommander.o(.text) refers to myapp.o(.text) for SetDeviceId
    mycommander.o(.text) refers to myaudio.o(.text) for AudioSetVolume
    mycommander.o(.text) refers to mycommander.o(.bss) for OutStr
    mycommander.o(.text) refers to myapp.o(.data) for TrainId
    mycommander.o(.text) refers to mynet.o(.data) for NetLocalIp
    mycommander.o(.text) refers to mycommander.o(.conststring) for .conststring
    mycommander.o(.text) refers to mycommander.o(.constdata) for .constdata
    mycommander.o(.text) refers to process_ledscreen.o(.constdata) for software_version
    myethernet.o(.text) refers to stm32f2xx_rcc.o(.text) for RCC_AHB1PeriphClockCmd
    myethernet.o(.text) refers to stm32f2x7_eth.o(.text) for ETH_DeInit
[...]
    raw_send                                 0x00005741   Thumb Code    18  raw.o(.text)
    raw_remove                               0x00005753   Thumb Code    60  raw.o(.text)
    raw_new                                  0x0000578f   Thumb Code    42  raw.o(.text)
    tcp_seg_free                             0x000057bd   Thumb Code    32  tcp.o(.text)
    tcp_segs_free                            0x000057dd   Thumb Code    30  tcp.o(.text)
    tcp_pcb_purge                            0x000057fb   Thumb Code    54  tcp.o(.text)
    tcp_slowtmr                              0x00005831   Thumb Code   710  tcp.o(.text)
    tcp_pcb_remove                           0x00005af7   Thumb Code   146  tcp.o(.text)
    tcp_close                                0x00005b89   Thumb Code   274  tcp.o(.text)
    tcp_update_rcv_ann_wnd                   0x00005c9b   Thumb Code    72  tcp.o(.text)
    tcp_recved                               0x00005ce3   Thumb Code    70  tcp.o(.text)
    tcp_recv_null                            0x00005d29   Thumb Code    46  tcp.o(.text)
    tcp_fasttmr                              0x00005d57   Thumb Code   114  tcp.o(.text)
    tcp_tmr                                  0x00005dc9   Thumb Code    30  tcp.o(.text)
    tcp_abandon                              0x00005de7   Thumb Code   148  tcp.o(.text)
    tcp_bind                                 0x00005ee3   Thumb Code   228  tcp.o(.text)
    tcp_listen_with_backlog                  0x00005fcf   Thumb Code   192  tcp.o(.text)
    tcp_eff_send_mss                         0x0000608f   Thumb Code    46  tcp.o(.text)
    tcp_next_iss                             0x000060bd   Thumb Code    20  tcp.o(.text)
    tcp_connect                              0x000060d1   Thumb Code   308  tcp.o(.text)
    tcp_setprio                              0x00006205   Thumb Code     4  tcp.o(.text)
    tcp_alloc                                0x0000628b   Thumb Code   172  tcp.o(.text)
    tcp_new                                  0x00006337   Thumb Code    10  tcp.o(.text)
    tcp_arg                                  0x00006341   Thumb Code     4  tcp.o(.text)
    tcp_recv                                 0x00006345   Thumb Code     6  tcp.o(.text)
    tcp_sent                                 0x0000634b   Thumb Code     6  tcp.o(.text)
    tcp_err                                  0x00006351   Thumb Code     6  tcp.o(.text)
    tcp_accept                               0x00006357   Thumb Code     4  tcp.o(.text)
    tcp_poll                                 0x0000635b   Thumb Code    10  tcp.o(.text)
    tcp_debug_state_str                      0x00006365   Thumb Code    10  tcp.o(.text)
    tcp_input                                0x00007195   Thumb Code  1118  tcp_in.o(.text)
    tcp_enqueue                              0x000076ab   Thumb Code  1014  tcp_out.o(.text)
    tcp_send_ctrl                            0x00007aa1   Thumb Code    28  tcp_out.o(.text)
    tcp_write                                0x00007abd   Thumb Code    72  tcp_out.o(.text)
    tcp_send_empty_ack                       0x00007b05   Thumb Code    94  tcp_out.o(.text)
    tcp_output                               0x00007c25   Thumb Code   474  tcp_out.o(.text)
    tcp_rst                                  0x00007dff   Thumb Code   170  tcp_out.o(.text)
    tcp_rexmit_rto                           0x00007ea9   Thumb Code    58  tcp_out.o(.text)
    tcp_rexmit                               0x00007ee3   Thumb Code    80  tcp_out.o(.text)
    tcp_rexmit_fast                          0x00007f33   Thumb Code   130  tcp_out.o(.text)
    tcp_keepalive                            0x00007fb5   Thumb Code    82  tcp_out.o(.text)
    tcp_zero_window_probe                    0x00008007   Thumb Code   168  tcp_out.o(.text)
    udp_input                                0x000080b1   Thumb Code   394  udp.o(.text)
    udp_bind                                 0x0000823b   Thumb Code   106  udp.o(.text)
    udp_sendto_if                            0x000082a5   Thumb Code   202  udp.o(.text)
    udp_sendto                               0x0000836f   Thumb Code    46  udp.o(.text)
    udp_send                                 0x0000839d   Thumb Code    20  udp.o(.text)
    udp_connect                              0x000083b1   Thumb Code    94  udp.o(.text)
    udp_disconnect                           0x0000840f   Thumb Code    28  udp.o(.text)
    udp_recv                                 0x0000842b   Thumb Code     6  udp.o(.text)
    udp_remove                               0x00008431   Thumb Code    60  udp.o(.text)
    udp_new                                  0x0000846d   Thumb Code    28  udp.o(.text)
    autoip_init                              0x00008491   Thumb Code     2  autoip.o(.text)
    autoip_start                             0x00008539   Thumb Code    96  autoip.o(.text)
    autoip_network_changed                   0x00008649   Thumb Code    28  autoip.o(.text)
    autoip_stop                              0x00008665   Thumb Code    20  autoip.o(.text)
    autoip_tmr                               0x00008679   Thumb Code   262  autoip.o(.text)
    autoip_arp_reply                         0x0000877f   Thumb Code   176  autoip.o(.text)
    icmp_input                               0x00008851   Thumb Code   368  icmp.o(.text)
    icmp_dest_unreach                        0x00008a2d   Thumb Code    18  icmp.o(.text)
    icmp_time_exceeded                       0x00008a3f   Thumb Code    18  icmp.o(.text)
    htonl                                    0x00008a51   Thumb Code    26  inet.o(.text)
    inet_aton                                0x00008a6b   Thumb Code   336  inet.o(.text)
    inet_addr                                0x00008bbb   Thumb Code    24  inet.o(.text)
    inet_ntoa                                0x00008bd3   Thumb Code   112  inet.o(.text)
    htons                                    0x00008c43   Thumb Code    12  inet.o(.text)
    ntohs                                    0x00008c4f   Thumb Code    12  inet.o(.text)
    ntohl                                    0x00008c5b   Thumb Code    12  inet.o(.text)
    inet_chksum_pseudo                       0x00008cb7   Thumb Code   162  inet_chksum.o(.text)
    inet_chksum                              0x00008d59   Thumb Code    20  inet_chksum.o(.text)
    inet_chksum_pbuf                         0x00008d6d   Thumb Code    86  inet_chksum.o(.text)
    ip_route                                 0x00008dc5   Thumb Code    70  ip.o(.text)
    ip_input                                 0x00008e0b   Thumb Code   398  ip.o(.text)
    ip_output_if                             0x00008f99   Thumb Code   246  ip.o(.text)
    ip_output                                0x0000908f   Thumb Code    52  ip.o(.text)
    ip_addr_isbroadcast                      0x000090d9   Thumb Code    78  ip_addr.o(.text)
    ip_reass_tmr                             0x000091d3   Thumb Code    48  ip_frag.o(.text)
    ip_reass                                 0x0000942b   Thumb Code   410  ip_frag.o(.text)
    ip_frag                                  0x000095c5   Thumb Code   326  ip_frag.o(.text)
    etharp_tmr                               0x0000973f   Thumb Code   154  etharp.o(.text)
    etharp_find_addr                         0x00009ae5   Thumb Code    86  etharp.o(.text)
    etharp_ip_input                          0x00009b3b   Thumb Code    60  etharp.o(.text)
    etharp_arp_input                         0x00009b77   Thumb Code   332  etharp.o(.text)
    etharp_raw                               0x00009cc3   Thumb Code   212  etharp.o(.text)
    etharp_request                           0x00009d97   Thumb Code    36  etharp.o(.text)
    etharp_query                             0x00009dbb   Thumb Code   386  etharp.o(.text)
    etharp_output                            0x00009f3d   Thumb Code   190  etharp.o(.text)
    ethernet_input                           0x00009ffb   Thumb Code   122  etharp.o(.text)
    ethernetif_input                         0x0000a1cd   Thumb Code    44  ethernetif.o(.text)
    ethernetif_init                          0x0000a1f9   Thumb Code    38  ethernetif.o(.text)
    NVIC_PriorityGroupConfig                 0x0000a249   Thumb Code    10  misc.o(.text)
    NVIC_Init                                0x0000a253   Thumb Code   106  misc.o(.text)
    NVIC_SetVectorTable                      0x0000a2bd   Thumb Code    14  misc.o(.text)
    NVIC_SystemLPConfig                      0x0000a2cb   Thumb Code    34  misc.o(.text)
    SysTick_CLKSourceConfig                  0x0000a2ed   Thumb Code    40  misc.o(.text)
    DMA_DeInit                               0x0000a329   Thumb Code   324  stm32f2xx_dma.o(.text)
    DMA_Init                                 0x0000a46d   Thumb Code    82  stm32f2xx_dma.o(.text)
    DMA_StructInit                           0x0000a4bf   Thumb Code    34  stm32f2xx_dma.o(.text)
    DMA_Cmd                                  0x0000a4e1   Thumb Code    22  stm32f2xx_dma.o(.text)
    DMA_PeriphIncOffsetSizeConfig            0x0000a4f7   Thumb Code    22  stm32f2xx_dma.o(.text)
    DMA_FlowControllerConfig                 0x0000a50d   Thumb Code    22  stm32f2xx_dma.o(.text)
    DMA_SetCurrDataCounter                   0x0000a523   Thumb Code     4  stm32f2xx_dma.o(.text)
    DMA_GetCurrDataCounter                   0x0000a527   Thumb Code     8  stm32f2xx_dma.o(.text)
    DMA_DoubleBufferModeConfig               0x0000a52f   Thumb Code    24  stm32f2xx_dma.o(.text)
    DMA_DoubleBufferModeCmd                  0x0000a547   Thumb Code    22  stm32f2xx_dma.o(.text)
    DMA_MemoryTargetConfig                   0x0000a55d   Thumb Code    10  stm32f2xx_dma.o(.text)
    DMA_GetCurrentMemoryTarget               0x0000a567   Thumb Code    20  stm32f2xx_dma.o(.text)
    DMA_GetCmdStatus                         0x0000a57b   Thumb Code    20  stm32f2xx_dma.o(.text)
    DMA_GetFIFOStatus                        0x0000a58f   Thumb Code    12  stm32f2xx_dma.o(.text)
    DMA_GetFlagStatus                        0x0000a59b   Thumb Code    56  stm32f2xx_dma.o(.text)
    DMA_ClearFlag                            0x0000a5d3   Thumb Code    40  stm32f2xx_dma.o(.text)
    DMA_ITConfig                             0x0000a5fb   Thumb Code    58  stm32f2xx_dma.o(.text)
    DMA_GetITStatus                          0x0000a635   Thumb Code    84  stm32f2xx_dma.o(.text)
    DMA_ClearITPendingBit                    0x0000a689   Thumb Code    40  stm32f2xx_dma.o(.text)
    FLASH_SetLatency                         0x0000a6d1   Thumb Code     6  stm32f2xx_flash.o(.text)
    FLASH_PrefetchBufferCmd                  0x0000a6d7   Thumb Code    30  stm32f2xx_flash.o(.text)
    FLASH_InstructionCacheCmd                0x0000a6f5   Thumb Code    30  stm32f2xx_flash.o(.text)
    FLASH_DataCacheCmd                       0x0000a713   Thumb Code    30  stm32f2xx_flash.o(.text)
    FLASH_InstructionCacheReset              0x0000a731   Thumb Code    14  stm32f2xx_flash.o(.text)
    FLASH_DataCacheReset                     0x0000a73f   Thumb Code    14  stm32f2xx_flash.o(.text)
    FLASH_Unlock                             0x0000a74d   Thumb Code    26  stm32f2xx_flash.o(.text)
    FLASH_Lock                               0x0000a767   Thumb Code    18  stm32f2xx_flash.o(.text)
    FLASH_GetStatus                          0x0000a779   Thumb Code    74  stm32f2xx_flash.o(.text)
    FLASH_WaitForLastOperation               0x0000a7c3   Thumb Code    34  stm32f2xx_flash.o(.text)
    FLASH_EraseSector                        0x0000a7e5   Thumb Code   140  stm32f2xx_flash.o(.text)
    FLASH_EraseAllSectors                    0x0000a871   Thumb Code   112  stm32f2xx_flash.o(.text)
    FLASH_ProgramDoubleWord                  0x0000a8e1   Thumb Code    86  stm32f2xx_flash.o(.text)
    FLASH_ProgramWord                        0x0000a937   Thumb Code    82  stm32f2xx_flash.o(.text)
    FLASH_ProgramHalfWord                    0x0000a989   Thumb Code    82  stm32f2xx_flash.o(.text)
    FLASH_ProgramByte                        0x0000a9db   Thumb Code    78  stm32f2xx_flash.o(.text)
    FLASH_OB_Unlock                          0x0000aa29   Thumb Code    26  stm32f2xx_flash.o(.text)
    FLASH_OB_Lock                            0x0000aa43   Thumb Code    18  stm32f2xx_flash.o(.text)
    FLASH_OB_WRPConfig                       0x0000aa55   Thumb Code    54  stm32f2xx_flash.o(.text)
    FLASH_OB_RDPConfig                       0x0000aa8b   Thumb Code    24  stm32f2xx_flash.o(.text)
    FLASH_OB_UserConfig                      0x0000aaa3   Thumb Code    68  stm32f2xx_flash.o(.text)
    FLASH_OB_BORConfig                       0x0000aae7   Thumb Code    22  stm32f2xx_flash.o(.text)
    FLASH_OB_Launch                          0x0000aafd   Thumb Code    26  stm32f2xx_flash.o(.text)
    FLASH_OB_GetUser                         0x0000ab17   Thumb Code    10  stm32f2xx_flash.o(.text)
    FLASH_OB_GetWRP                          0x0000ab21   Thumb Code     8  stm32f2xx_flash.o(.text)
    FLASH_OB_GetRDP                          0x0000ab29   Thumb Code    20  stm32f2xx_flash.o(.text)
    FLASH_OB_GetBOR                          0x0000ab3d   Thumb Code    10  stm32f2xx_flash.o(.text)
    FLASH_ITConfig                           0x0000ab47   Thumb Code    34  stm32f2xx_flash.o(.text)
    FLASH_GetFlagStatus                      0x0000ab69   Thumb Code    22  stm32f2xx_flash.o(.text)
    FLASH_ClearFlag                          0x0000ab7f   Thumb Code     8  stm32f2xx_flash.o(.text)
    GPIO_DeInit                              0x0000ab8d   Thumb Code   220  stm32f2xx_gpio.o(.text)
    GPIO_Init                                0x0000ac69   Thumb Code   144  stm32f2xx_gpio.o(.text)
    GPIO_StructInit                          0x0000acf9   Thumb Code    18  stm32f2xx_gpio.o(.text)
    GPIO_PinLockConfig                       0x0000ad0b   Thumb Code    34  stm32f2xx_gpio.o(.text)
    GPIO_ReadInputDataBit                    0x0000ad2d   Thumb Code    18  stm32f2xx_gpio.o(.text)
    GPIO_ReadInputData                       0x0000ad3f   Thumb Code     8  stm32f2xx_gpio.o(.text)
    GPIO_ReadOutputDataBit                   0x0000ad47   Thumb Code    18  stm32f2xx_gpio.o(.text)
    GPIO_ReadOutputData                      0x0000ad59   Thumb Code     8  stm32f2xx_gpio.o(.text)
    GPIO_SetBits                             0x0000ad61   Thumb Code     4  stm32f2xx_gpio.o(.text)
    GPIO_ResetBits                           0x0000ad65   Thumb Code     4  stm32f2xx_gpio.o(.text)
    GPIO_WriteBit                            0x0000ad69   Thumb Code    10  stm32f2xx_gpio.o(.text)
    GPIO_Write                               0x0000ad73   Thumb Code     4  stm32f2xx_gpio.o(.text)
    GPIO_ToggleBits                          0x0000ad77   Thumb Code     8  stm32f2xx_gpio.o(.text)
    GPIO_PinAFConfig                         0x0000ad7f   Thumb Code    70  stm32f2xx_gpio.o(.text)
    I2C_DeInit                               0x0000ade9   Thumb Code    82  stm32f2xx_i2c.o(.text)
    I2C_Init                                 0x0000ae3b   Thumb Code   218  stm32f2xx_i2c.o(.text)
    I2C_StructInit                           0x0000af15   Thumb Code    30  stm32f2xx_i2c.o(.text)
    I2C_Cmd                                  0x0000af33   Thumb Code    24  stm32f2xx_i2c.o(.text)
    I2C_GenerateSTART                        0x0000af4b   Thumb Code    24  stm32f2xx_i2c.o(.text)
    I2C_GenerateSTOP                         0x0000af63   Thumb Code    24  stm32f2xx_i2c.o(.text)
    I2C_Send7bitAddress                      0x0000af7b   Thumb Code    16  stm32f2xx_i2c.o(.text)
    I2C_AcknowledgeConfig                    0x0000af8b   Thumb Code    24  stm32f2xx_i2c.o(.text)
    I2C_OwnAddress2Config                    0x0000afa3   Thumb Code    22  stm32f2xx_i2c.o(.text)
    I2C_DualAddressCmd                       0x0000afb9   Thumb Code    24  stm32f2xx_i2c.o(.text)
    I2C_GeneralCallCmd                       0x0000afd1   Thumb Code    24  stm32f2xx_i2c.o(.text)
    I2C_SoftwareResetCmd                     0x0000afe9   Thumb Code    22  stm32f2xx_i2c.o(.text)
    I2C_StretchClockCmd                      0x0000afff   Thumb Code    24  stm32f2xx_i2c.o(.text)
    I2C_FastModeDutyCycleConfig              0x0000b017   Thumb Code    28  stm32f2xx_i2c.o(.text)
    I2C_NACKPositionConfig                   0x0000b033   Thumb Code    28  stm32f2xx_i2c.o(.text)
    I2C_SMBusAlertConfig                     0x0000b04f   Thumb Code    28  stm32f2xx_i2c.o(.text)
    I2C_ARPCmd                               0x0000b06b   Thumb Code    24  stm32f2xx_i2c.o(.text)
    I2C_SendData                             0x0000b083   Thumb Code     4  stm32f2xx_i2c.o(.text)
    I2C_ReceiveData                          0x0000b087   Thumb Code     8  stm32f2xx_i2c.o(.text)
    I2C_TransmitPEC                          0x0000b08f   Thumb Code    24  stm32f2xx_i2c.o(.text)
    I2C_PECPositionConfig                    0x0000b0a7   Thumb Code    28  stm32f2xx_i2c.o(.text)
    I2C_CalculatePEC                         0x0000b0c3   Thumb Code    24  stm32f2xx_i2c.o(.text)
    I2C_GetPEC                               0x0000b0db   Thumb Code     8  stm32f2xx_i2c.o(.text)
    I2C_DMACmd                               0x0000b0e3   Thumb Code    24  stm32f2xx_i2c.o(.text)
    I2C_DMALastTransferCmd                   0x0000b0fb   Thumb Code    24  stm32f2xx_i2c.o(.text)
    I2C_ReadRegister                         0x0000b113   Thumb Code    22  stm32f2xx_i2c.o(.text)
    I2C_ITConfig                             0x0000b129   Thumb Code    18  stm32f2xx_i2c.o(.text)
    I2C_CheckEvent                           0x0000b13b   Thumb Code    42  stm32f2xx_i2c.o(.text)
    I2C_GetLastEvent                         0x0000b165   Thumb Code    26  stm32f2xx_i2c.o(.text)
    I2C_GetFlagStatus                        0x0000b17f   Thumb Code    58  stm32f2xx_i2c.o(.text)
    I2C_ClearFlag                            0x0000b1b9   Thumb Code    12  stm32f2xx_i2c.o(.text)
    I2C_GetITStatus                          0x0000b1c5   Thumb Code    64  stm32f2xx_i2c.o(.text)
    I2C_ClearITPendingBit                    0x0000b205   Thumb Code    12  stm32f2xx_i2c.o(.text)
    RCC_DeInit                               0x0000b211   Thumb Code    60  stm32f2xx_rcc.o(.text)
    RCC_HSEConfig                            0x0000b24d   Thumb Code    14  stm32f2xx_rcc.o(.text)
    RCC_GetFlagStatus                        0x0000b25b   Thumb Code    60  stm32f2xx_rcc.o(.text)
    RCC_WaitForHSEStartUp                    0x0000b297   Thumb Code    56  stm32f2xx_rcc.o(.text)
    RCC_AdjustHSICalibrationValue            0x0000b2cf   Thumb Code    20  stm32f2xx_rcc.o(.text)
    RCC_HSICmd                               0x0000b2e3   Thumb Code     6  stm32f2xx_rcc.o(.text)
    RCC_LSEConfig                            0x0000b2e9   Thumb Code    46  stm32f2xx_rcc.o(.text)
    RCC_LSICmd                               0x0000b317   Thumb Code     6  stm32f2xx_rcc.o(.text)
    RCC_PLLConfig                            0x0000b31d   Thumb Code    32  stm32f2xx_rcc.o(.text)
    RCC_PLLCmd                               0x0000b33d   Thumb Code     6  stm32f2xx_rcc.o(.text)
    RCC_PLLI2SConfig                         0x0000b343   Thumb Code    14  stm32f2xx_rcc.o(.text)
    RCC_PLLI2SCmd                            0x0000b351   Thumb Code     6  stm32f2xx_rcc.o(.text)
    RCC_ClockSecuritySystemCmd               0x0000b357   Thumb Code     6  stm32f2xx_rcc.o(.text)
    RCC_MCO1Config                           0x0000b35d   Thumb Code    28  stm32f2xx_rcc.o(.text)
    RCC_MCO2Config                           0x0000b379   Thumb Code    28  stm32f2xx_rcc.o(.text)
    RCC_SYSCLKConfig                         0x0000b395   Thumb Code    20  stm32f2xx_rcc.o(.text)
    RCC_GetSYSCLKSource                      0x0000b3a9   Thumb Code    12  stm32f2xx_rcc.o(.text)
    RCC_HCLKConfig                           0x0000b3b5   Thumb Code    20  stm32f2xx_rcc.o(.text)
    RCC_PCLK1Config                          0x0000b3c9   Thumb Code    20  stm32f2xx_rcc.o(.text)
    RCC_PCLK2Config                          0x0000b3dd   Thumb Code    22  stm32f2xx_rcc.o(.text)
    RCC_GetClocksFreq                        0x0000b3f3   Thumb Code   222  stm32f2xx_rcc.o(.text)
    RCC_RTCCLKConfig                         0x0000b4d1   Thumb Code    54  stm32f2xx_rcc.o(.text)
    RCC_RTCCLKCmd                            0x0000b507   Thumb Code     8  stm32f2xx_rcc.o(.text)
    RCC_BackupResetCmd                       0x0000b50f   Thumb Code     8  stm32f2xx_rcc.o(.text)
    RCC_I2SCLKConfig                         0x0000b517   Thumb Code     6  stm32f2xx_rcc.o(.text)
    RCC_AHB1PeriphClockCmd                   0x0000b51d   Thumb Code    34  stm32f2xx_rcc.o(.text)
    RCC_AHB2PeriphClockCmd                   0x0000b53f   Thumb Code    34  stm32f2xx_rcc.o(.text)
    RCC_AHB3PeriphClockCmd                   0x0000b561   Thumb Code    34  stm32f2xx_rcc.o(.text)
    RCC_APB1PeriphClockCmd                   0x0000b583   Thumb Code    34  stm32f2xx_rcc.o(.text)
    RCC_APB2PeriphClockCmd                   0x0000b5a5   Thumb Code    34  stm32f2xx_rcc.o(.text)
    RCC_AHB1PeriphResetCmd                   0x0000b5c7   Thumb Code    34  stm32f2xx_rcc.o(.text)
    RCC_AHB2PeriphResetCmd                   0x0000b5e9   Thumb Code    72  stm32f2xx_rcc.o(.text)
    RCC_AHB3PeriphResetCmd                   0x0000b631   Thumb Code    34  stm32f2xx_rcc.o(.text)
    RCC_APB1PeriphResetCmd                   0x0000b653   Thumb Code    34  stm32f2xx_rcc.o(.text)
    RCC_APB2PeriphResetCmd                   0x0000b675   Thumb Code    34  stm32f2xx_rcc.o(.text)
    RCC_AHB1PeriphClockLPModeCmd             0x0000b697   Thumb Code    34  stm32f2xx_rcc.o(.text)
    RCC_AHB2PeriphClockLPModeCmd             0x0000b6b9   Thumb Code    34  stm32f2xx_rcc.o(.text)
    RCC_AHB3PeriphClockLPModeCmd             0x0000b6db   Thumb Code    34  stm32f2xx_rcc.o(.text)
    RCC_APB1PeriphClockLPModeCmd             0x0000b6fd   Thumb Code    34  stm32f2xx_rcc.o(.text)
    RCC_APB2PeriphClockLPModeCmd             0x0000b71f   Thumb Code    34  stm32f2xx_rcc.o(.text)
    RCC_ITConfig                             0x0000b741   Thumb Code    34  stm32f2xx_rcc.o(.text)
    RCC_ClearFlag                            0x0000b763   Thumb Code    18  stm32f2xx_rcc.o(.text)
    RCC_GetITStatus                          0x0000b775   Thumb Code    22  stm32f2xx_rcc.o(.text)
    RCC_ClearITPendingBit                    0x0000b78b   Thumb Code     8  stm32f2xx_rcc.o(.text)
    SPI_I2S_DeInit                           0x0000b799   Thumb Code    76  stm32f2xx_spi.o(.text)
    SPI_Init                                 0x0000b7e5   Thumb Code    60  stm32f2xx_spi.o(.text)
    I2S_Init                                 0x0000b821   Thumb Code   282  stm32f2xx_spi.o(.text)
    SPI_StructInit                           0x0000b93b   Thumb Code    24  stm32f2xx_spi.o(.text)
    I2S_StructInit                           0x0000b953   Thumb Code    20  stm32f2xx_spi.o(.text)
    SPI_Cmd                                  0x0000b967   Thumb Code    24  stm32f2xx_spi.o(.text)
    I2S_Cmd                                  0x0000b97f   Thumb Code    24  stm32f2xx_spi.o(.text)
    SPI_DataSizeConfig                       0x0000b997   Thumb Code    18  stm32f2xx_spi.o(.text)
    SPI_BiDirectionalLineConfig              0x0000b9a9   Thumb Code    28  stm32f2xx_spi.o(.text)
    SPI_NSSInternalSoftwareConfig            0x0000b9c5   Thumb Code    30  stm32f2xx_spi.o(.text)
    SPI_SSOutputCmd                          0x0000b9e3   Thumb Code    24  stm32f2xx_spi.o(.text)
    SPI_TIModeCmd                            0x0000b9fb   Thumb Code    24  stm32f2xx_spi.o(.text)
    SPI_I2S_ReceiveData                      0x0000ba13   Thumb Code     6  stm32f2xx_spi.o(.text)
    SPI_I2S_SendData                         0x0000ba19   Thumb Code     4  stm32f2xx_spi.o(.text)
    SPI_CalculateCRC                         0x0000ba1d   Thumb Code    24  stm32f2xx_spi.o(.text)
    SPI_TransmitCRC                          0x0000ba35   Thumb Code    10  stm32f2xx_spi.o(.text)
    SPI_GetCRC                               0x0000ba3f   Thumb Code    16  stm32f2xx_spi.o(.text)
    SPI_GetCRCPolynomial                     0x0000ba4f   Thumb Code     6  stm32f2xx_spi.o(.text)
    SPI_I2S_DMACmd                           0x0000ba55   Thumb Code    18  stm32f2xx_spi.o(.text)
    SPI_I2S_ITConfig                         0x0000ba67   Thumb Code    32  stm32f2xx_spi.o(.text)
    SPI_I2S_GetFlagStatus                    0x0000ba87   Thumb Code    18  stm32f2xx_spi.o(.text)
    SPI_I2S_ClearFlag                        0x0000ba99   Thumb Code     6  stm32f2xx_spi.o(.text)
    SPI_I2S_GetITStatus                      0x0000ba9f   Thumb Code    52  stm32f2xx_spi.o(.text)
    SPI_I2S_ClearITPendingBit                0x0000bad3   Thumb Code    20  stm32f2xx_spi.o(.text)
    SYSCFG_DeInit                            0x0000bafd   Thumb Code    22  stm32f2xx_syscfg.o(.text)
    SYSCFG_MemoryRemapConfig                 0x0000bb13   Thumb Code     6  stm32f2xx_syscfg.o(.text)
    SYSCFG_EXTILineConfig                    0x0000bb19   Thumb Code    66  stm32f2xx_syscfg.o(.text)
    SYSCFG_ETH_MediaInterfaceConfig          0x0000bb5b   Thumb Code     6  stm32f2xx_syscfg.o(.text)
    SYSCFG_CompensationCellCmd               0x0000bb61   Thumb Code     6  stm32f2xx_syscfg.o(.text)
    SYSCFG_GetCompensationCellStatus         0x0000bb67   Thumb Code    22  stm32f2xx_syscfg.o(.text)
    report_error                             0x0000bb89   Thumb Code     6  process_net.o(.text)
    read_local_info                          0x0000bb8f   Thumb Code    34  process_net.o(.text)
    pis_pack_data                            0x0000bbb1   Thumb Code    72  process_net.o(.text)
    send_ProcessData                         0x0000bbf9   Thumb Code     2  process_net.o(.text)
    send_ProcessData_ledScreen               0x0000bbfb   Thumb Code    92  process_net.o(.text)
    send_ip_mac_id                           0x0000bc57   Thumb Code    76  process_net.o(.text)
    send_ip_mac_id_ledScreen                 0x0000bca3   Thumb Code    76  process_net.o(.text)
    send_softwareVersion                     0x0000bcef   Thumb Code    78  process_net.o(.text)
    send_softwareVersion_ledScreen           0x0000bd3d   Thumb Code    74  process_net.o(.text)
    udp_CtrlMsg_send_process                 0x0000bd87   Thumb Code    52  process_net.o(.text)
    check_dst_is_self                        0x0000bdbb   Thumb Code    36  process_net.o(.text)
    check_dst_is_AllSameType                 0x0000bddf   Thumb Code    36  process_net.o(.text)
    respond_Ctrl_KEYWORD_ProcessData         0x0000be03   Thumb Code   240  process_net.o(.text)
    respond_Ctrl_KEYWORD_ProcessData_ledscreen 0x0000bef3   Thumb Code   306  process_net.o(.text)
    respond_Get_KEYWORD_softwareVersion      0x0000c025   Thumb Code    26  process_net.o(.text)
    respond_Get_KEYWORD_softwareVersion_ledscreen 0x0000c03f   Thumb Code    26  process_net.o(.text)
    respond_Get_KEYWORD_ip_mac_id            0x0000c059   Thumb Code    26  process_net.o(.text)
    respond_Get_KEYWORD_ip_mac_id_ledscreen  0x0000c073   Thumb Code    26  process_net.o(.text)
    respond_Set_KEYWORD_mac                  0x0000c08d   Thumb Code   106  process_net.o(.text)
    respond_Set_KEYWORD_mac_ledscreen        0x0000c0f7   Thumb Code   136  process_net.o(.text)
    respond_Set_KEYWORD_IP                   0x0000c17f   Thumb Code    50  process_net.o(.text)
    respond_Set_KEYWORD_IP_ledscreen         0x0000c1b1   Thumb Code    98  process_net.o(.text)
    reset_TAG_Disp_Info                      0x0000c213   Thumb Code    30  process_net.o(.text)
    reset_TAG_protocol_Disp_Info             0x0000c231   Thumb Code    28  process_net.o(.text)
    clr_dispinfo                             0x0000c24d   Thumb Code    22  process_net.o(.text)
    prc_set_roll_speed                       0x0000c263   Thumb Code    36  process_net.o(.text)
    prc_set_brightness                       0x0000c287   Thumb Code    44  process_net.o(.text)
    ptu_set_mode                             0x0000c2b3   Thumb Code   140  process_net.o(.text)
    prc_down_content                         0x0000c33f   Thumb Code   456  process_net.o(.text)
    udp_CtrlMsg_receive_process              0x0000c507   Thumb Code    58  process_net.o(.text)
    respond_CMD_TEST_debug                   0x0000c541   Thumb Code    20  process_net.o(.text)
    respond_CMD_TEST_run_iap                 0x0000c555   Thumb Code    12  process_net.o(.text)
    respond_CMD_TEST_download_app            0x0000c561   Thumb Code    46  process_net.o(.text)
    respond_CMD_TEST_set_dispMode            0x0000c58f   Thumb Code   122  process_net.o(.text)
    UdpTestReceiveProcess                    0x0000c609   Thumb Code   202  process_net.o(.text)
    udpTest_send_process                     0x0000c6d3   Thumb Code    62  process_net.o(.text)
    udpTest_send_download_app                0x0000c711   Thumb Code    98  process_net.o(.text)
    udpTest_send_run_iap                     0x0000c773   Thumb Code   162  process_net.o(.text)
    udpTest_send_set_dispMode                0x0000c815   Thumb Code    96  process_net.o(.text)
    screen_roll                              0x0000c8a1   Thumb Code   608  process_ledscreen.o(.text)
    Vertical_8_16_to_dispbuf                 0x0000cb01   Thumb Code    72  process_ledscreen.o(.text)
    Vertical_16_16_to_dispbuf                0x0000cb49   Thumb Code    72  process_ledscreen.o(.text)
    static_test_fill_ledbuf                  0x0000cb91   Thumb Code    84  process_ledscreen.o(.text)
    test_fill_ledbuf                         0x0000cbe5   Thumb Code   468  process_ledscreen.o(.text)
    clr_led_buf                              0x0000cdb9   Thumb Code    96  process_ledscreen.o(.text)
    turn_off_screen_clrbuf                   0x0000ce19   Thumb Code    18  process_ledscreen.o(.text)
    turn_off_screen                          0x0000ce2b   Thumb Code    14  process_ledscreen.o(.text)
    ledscreen_init                           0x0000ce39   Thumb Code    12  process_ledscreen.o(.text)
    set_dispmode_SCREEN_MODE_softwareVersion 0x0000ce45   Thumb Code    38  process_ledscreen.o(.text)
    dispcall_SCREEN_MODE_softwareVersion     0x0000ce6b   Thumb Code    90  process_ledscreen.o(.text)
    set_dispmode_SCREEN_MODE_test            0x0000cec5   Thumb Code    14  process_ledscreen.o(.text)
    dispcall_SCREEN_MODE_test                0x0000ced3   Thumb Code   108  process_ledscreen.o(.text)
    set_dispmode_SCREEN_MODE_static_test     0x0000cf3f   Thumb Code    14  process_ledscreen.o(.text)
    set_dispmode_SCREEN_MODE_off             0x0000cf4d   Thumb Code    14  process_ledscreen.o(.text)
    set_dispmode_SCREEN_MODE_stationID       0x0000cf5b   Thumb Code    14  process_ledscreen.o(.text)
    dispcall_SCREEN_MODE_off                 0x0000cf69   Thumb Code    16  process_ledscreen.o(.text)
    callback_SCREEN_MODE_stationID_m2        0x0000cf79   Thumb Code   316  process_ledscreen.o(.text)
    callback_SCREEN_MODE_stationID_m1        0x0000d0b5   Thumb Code   288  process_ledscreen.o(.text)
    dispcall_SCREEN_MODE_stationID           0x0000d1d5   Thumb Code    72  process_ledscreen.o(.text)
    dispcall_SCREEN_MODE_static_test         0x0000d21d   Thumb Code    20  process_ledscreen.o(.text)
    set_dispmode                             0x0000d231   Thumb Code    50  process_ledscreen.o(.text)
    LedScreen_process                        0x0000d263   Thumb Code   144  process_ledscreen.o(.text)
    FLASH_If_Init                            0x0000d3e5   Thumb Code    18  flash_if.o(.text)
    FLASH_If_Write                           0x0000d3f7   Thumb Code    96  flash_if.o(.text)
    FLASH_If_AddrSectorErease                0x0000d457   Thumb Code   112  flash_if.o(.text)
    FLASH_If_write_flash                     0x0000d4c7   Thumb Code   154  flash_if.o(.text)
    FLASH_If_set_flash                       0x0000d561   Thumb Code   150  flash_if.o(.text)
    FLASH_If_Erase_Application_sectors       0x0000d5f7   Thumb Code   126  flash_if.o(.text)
    check_prog_flag                          0x0000d675   Thumb Code    24  flash_if.o(.text)
    clr_prog_flag                            0x0000d68d   Thumb Code    56  flash_if.o(.text)
    set_prog_flag                            0x0000d6c5   Thumb Code    54  flash_if.o(.text)
    app_to_iap_init                          0x0000d6fb   Thumb Code    38  flash_if.o(.text)
    iap_to_app_init                          0x0000d721   Thumb Code     8  flash_if.o(.text)
    run_app                                  0x0000d729   Thumb Code    74  flash_if.o(.text)
    run_iap_prog                             0x0000d773   Thumb Code     2  flash_if.o(.text)
    flash_pro_test                           0x0000d775   Thumb Code     2  flash_if.o(.text)
    Check_And_RunAPP                         0x0000d777   Thumb Code    44  flash_if.o(.text)
    App_SetVectorTable                       0x0000d7a3   Thumb Code    14  flash_if.o(.text)
    tftp_err_to_str                          0x0000d7bd   Thumb Code    22  tftp_cli.o(.text)
    UdpSend                                  0x0000d7d3   Thumb Code    96  tftp_cli.o(.text)
    tftp_send_rrq                            0x0000d833   Thumb Code   172  tftp_cli.o(.text)
    tftp_send_ack                            0x0000d8df   Thumb Code    60  tftp_cli.o(.text)
    erase_app                                0x0000d91b   Thumb Code    32  tftp_cli.o(.text)
    FLASH_If_Write_tftp_cli                  0x0000d93b   Thumb Code    44  tftp_cli.o(.text)
    tftp_cli_clearup_r                       0x0000d967   Thumb Code    20  tftp_cli.o(.text)
    check_UDPpcb_tftp                        0x0000d97b   Thumb Code    14  tftp_cli.o(.text)
    tftp_cli_timeout_set                     0x0000d989   Thumb Code     8  tftp_cli.o(.text)
    tftp_cli_timeout_process                 0x0000d991   Thumb Code   116  tftp_cli.o(.text)
    tftp_connect                             0x0000db57   Thumb Code   206  tftp_cli.o(.text)
    tftp_check_param                         0x0000dc25   Thumb Code    98  tftp_cli.o(.text)
    tftp_cli_start                           0x0000dc87   Thumb Code   104  tftp_cli.o(.text)
    malloc                                   0x0000dd0d   Thumb Code    94  h1_alloc.o(.text)
    free                                     0x0000dd6b   Thumb Code    78  h1_free.o(.text)
    __2sprintf                               0x0000ddb9   Thumb Code    34  noretval__2sprintf.o(.text)
    _printf_pre_padding                      0x0000dde1   Thumb Code    44  _printf_pad.o(.text)
    _printf_post_padding                     0x0000de0d   Thumb Code    34  _printf_pad.o(.text)
    _printf_str                              0x0000de2f   Thumb Code    82  _printf_str.o(.text)
    _printf_int_dec                          0x0000de81   Thumb Code   104  _printf_dec.o(.text)
    _printf_int_hex                          0x0000def9   Thumb Code    84  _printf_hex_int.o(.text)
    _printf_longlong_hex                     0x0000def9   Thumb Code     0  _printf_hex_int.o(.text)
    __printf                                 0x0000df51   Thumb Code   308  __printf_flags_wp.o(.text)
    atoi                                     0x0000e089   Thumb Code    26  atoi.o(.text)
    memcmp                                   0x0000e0a3   Thumb Code    88  memcmp.o(.text)
    strlen                                   0x0000e0fb   Thumb Code    62  strlen.o(.text)
    strncmp                                  0x0000e139   Thumb Code   150  strncmp.o(.text)
    strcat                                   0x0000e1cf   Thumb Code    24  strcat.o(.text)
    __aeabi_memcpy                           0x0000e1e7   Thumb Code     0  rt_memcpy_v6.o(.text)
    __rt_memcpy                              0x0000e1e7   Thumb Code   138  rt_memcpy_v6.o(.text)
    _memcpy_lastbytes                        0x0000e24d   Thumb Code     0  rt_memcpy_v6.o(.text)
    __aeabi_memcpy4                          0x0000e271   Thumb Code     0  rt_memcpy_w.o(.text)
    __aeabi_memcpy8                          0x0000e271   Thumb Code     0  rt_memcpy_w.o(.text)
    __rt_memcpy_w                            0x0000e271   Thumb Code   100  rt_memcpy_w.o(.text)
    _memcpy_lastbytes_aligned                0x0000e2b9   Thumb Code     0  rt_memcpy_w.o(.text)
    __aeabi_memset                           0x0000e2d5   Thumb Code    16  aeabi_memset.o(.text)
    __aeabi_memclr                           0x0000e2e5   Thumb Code     0  rt_memclr.o(.text)
    __rt_memclr                              0x0000e2e5   Thumb Code    68  rt_memclr.o(.text)
    _memset                                  0x0000e2e9   Thumb Code     0  rt_memclr.o(.text)
    __aeabi_memclr4                          0x0000e329   Thumb Code     0  rt_memclr_w.o(.text)
    __aeabi_memclr8                          0x0000e329   Thumb Code     0  rt_memclr_w.o(.text)
    __rt_memclr_w                            0x0000e329   Thumb Code    78  rt_memclr_w.o(.text)
    _memset_w                                0x0000e32d   Thumb Code     0  rt_memclr_w.o(.text)
    strcmp                                   0x0000e379   Thumb Code   128  strcmpv7m.o(.text)
    __use_two_region_memory                  0x0000e3f9   Thumb Code     2  heapauxi.o(.text)
    __rt_heap_escrow                         0x0000e3fb   Thumb Code     2  heapauxi.o(.text)
    __rt_heap_expand                         0x0000e3fd   Thumb Code     2  heapauxi.o(.text)
    __rt_heap_descriptor                     0x0000e401   Thumb Code     8  rt_heap_descriptor_intlibspace.o(.text)
    __aeabi_errno_addr                       0x0000e409   Thumb Code     8  rt_errno_addr_intlibspace.o(.text)
    __errno$intlibspace                      0x0000e409   Thumb Code     0  rt_errno_addr_intlibspace.o(.text)
    __rt_errno_addr$intlibspace              0x0000e409   Thumb Code     0  rt_errno_addr_intlibspace.o(.text)
    __use_no_heap                            0x0000e411   Thumb Code     2  hguard.o(.text)
    __heap$guard                             0x0000e413   Thumb Code     2  hguard.o(.text)
    _terminate_user_alloc                    0x0000e415   Thumb Code     2  init_alloc.o(.text)
    _init_user_alloc                         0x0000e417   Thumb Code     2  init_alloc.o(.text)
    __Heap_Full                              0x0000e419   Thumb Code    34  init_alloc.o(.text)
    __Heap_Broken                            0x0000e43b   Thumb Code     6  init_alloc.o(.text)
    _init_alloc                              0x0000e441   Thumb Code    94  init_alloc.o(.text)
    __Heap_Initialize                        0x0000e49f   Thumb Code    10  h1_init.o(.text)
    __Heap_DescSize                          0x0000e4a9   Thumb Code     4  h1_init.o(.text)
    _printf_int_common                       0x0000e4ad   Thumb Code   178  _printf_intcommon.o(.text)
    _printf_char_common                      0x0000e56b   Thumb Code    32  _printf_char_common.o(.text)
    _sputc                                   0x0000e591   Thumb Code    10  _sputc.o(.text)
    _printf_cs_common                        0x0000e59b   Thumb Code    20  _printf_char.o(.text)
    _printf_char                             0x0000e5af   Thumb Code    16  _printf_char.o(.text)
    _printf_string                           0x0000e5bf   Thumb Code     8  _printf_char.o(.text)
    strtol                                   0x0000e5c7   Thumb Code   112  strtol.o(.text)
    __user_libspace                          0x0000e639   Thumb Code     8  libspace.o(.text)
    __user_perproc_libspace                  0x0000e639   Thumb Code     0  libspace.o(.text)
    __user_perthread_libspace                0x0000e639   Thumb Code     0  libspace.o(.text)
    __rt_ctype_table                         0x0000e641   Thumb Code    16  rt_ctype_table.o(.text)
    __Heap_ProvideMemory                     0x0000e651   Thumb Code    52  h1_extend.o(.text)
    _strtoul                                 0x0000e685   Thumb Code   158  _strtoul.o(.text)
    __rt_SIGRTMEM                            0x0000e723   Thumb Code    14  defsig_rtmem_outer.o(.text)
    __I$use$semihosting                      0x0000e731   Thumb Code     0  use_no_semi.o(.text)
    __use_no_semihosting_swi                 0x0000e731   Thumb Code     2  use_no_semi.o(.text)
    __semihosting_library_function           0x0000e733   Thumb Code     0  indicate_semi.o(.text)
    __user_setup_stackheap                   0x0000e733   Thumb Code    74  sys_stackheap_outer.o(.text)
    __rt_locale                              0x0000e77d   Thumb Code     8  rt_locale_intlibspace.o(.text)
    _chval                                   0x0000e785   Thumb Code    28  _chval.o(.text)
    exit                                     0x0000e7a1   Thumb Code    12  exit.o(.text)
    __sig_exit                               0x0000e7ad   Thumb Code    10  defsig_exit.o(.text)
    __rt_SIGRTMEM_inner                      0x0000e7b9   Thumb Code    22  defsig_rtmem_inner.o(.text)
    _sys_exit                                0x0000e809   Thumb Code     8  sys_exit.o(.text)
    __default_signal_display                 0x0000e815   Thumb Code    50  defsig_general.o(.text)
    _ttywrch                                 0x0000e847   Thumb Code    14  sys_wrch.o(.text)
    _is_digit                                0x0000e855   Thumb Code    14  __printf_wp.o(i._is_digit)
    _get_lc_ctype                            0x0000e865   Thumb Code    44  lc_ctype_c.o(locale$$code)
    led_row_select                           0x0000e890   Data          34  hc595.o(.constdata)
    head_buf                                 0x0000ea44   Data          45  myhttpd.o(.constdata)
    frame_info                               0x0000ea71   Data         150  myhttpd.o(.constdata)
    frame_set                                0x0000eb07   Data         192  myhttpd.o(.constdata)
    left                                     0x0000ebc7   Data         249  myhttpd.o(.constdata)
    log_err                                  0x0000ecc0   Data         308  myhttpd.o(.constdata)
    sw_update_input_err                      0x0000edf4   Data          85  myhttpd.o(.constdata)
    login                                    0x0000ee49   Data         386  myhttpd.o(.constdata)
    mode_sel                                 0x0000efcb   Data         671  myhttpd.o(.constdata)
    update_sw                                0x0000f26a   Data         962  myhttpd.o(.constdata)
    updating                                 0x0000f62c   Data         180  myhttpd.o(.constdata)
    tcp_backoff                              0x0000f704   Data          13  tcp.o(.constdata)
    tcp_persist_backoff                      0x0000f711   Data           7  tcp.o(.constdata)
    ip_addr_any                              0x0000f718   Data           4  ip_addr.o(.constdata)
    ip_addr_broadcast                        0x0000f71c   Data           4  ip_addr.o(.constdata)
    ethbroadcast                             0x0000f720   Data           6  etharp.o(.constdata)
    ethzero                                  0x0000f726   Data           6  etharp.o(.constdata)
    Evt_udp_CtrlMsg_send_Tbl_ledScreen       0x0000f72c   Data          40  process_net.o(.constdata)
    Evt_udp_CtrlMsg_recv_Tbl                 0x0000f754   Data          56  process_net.o(.constdata)
    Evt_udp_CtrlMsg_recv_Tbl_ledScreen       0x0000f78c   Data          64  process_net.o(.constdata)
    Evt_udp_TEST_recv_Tbl                    0x0000f7cc   Data          24  process_net.o(.constdata)
    Evt_udpTest_send_Tbl                     0x0000f7e4   Data          24  process_net.o(.constdata)
    software_version                         0x0000f7fc   Data           4  process_ledscreen.o(.constdata)
    build_date_str                           0x0000f800   Data          12  process_ledscreen.o(.constdata)
    build_time_str                           0x0000f80c   Data           9  process_ledscreen.o(.constdata)
    char_tbl                                 0x0000f816   Data         304  process_ledscreen.o(.constdata)
    zimo                                     0x0000f946   Data        1216  process_ledscreen.o(.constdata)
    Software_Version_V10                     0x0000fe06   Data         336  process_ledscreen.o(.constdata)
    device_name                              0x0000ff56   Data         384  process_ledscreen.o(.constdata)
    ceshizhong                               0x000100d6   Data          96  process_ledscreen.o(.constdata)
    Region$$Table$$Base                      0x00010910   Number         0  anon$$obj.o(Region$$Table)
    Region$$Table$$Limit                     0x00010930   Number         0  anon$$obj.o(Region$$Table)
    __ctype                                  0x0001093d   Data           0  lc_ctype_c.o(locale$$data)
    prog_flag                                0x08004000   Data       16384  flash_if.o(.ARM.__AT_0x08004000)
    Debuger                                  0x20000000   Data           4  main.o(.data)
    test                                     0x20000004   Data           2  main.o(.data)
    timer_flag                               0x20000006   Data           1  main.o(.data)
    timer3_flag                              0x20000007   Data           1  main.o(.data)
    refresh_flag                             0x20000008   Data           1  main.o(.data)
    timer2_flag                              0x20000009   Data           1  main.o(.data)
    blank_buf                                0x20000022   Data           6  hc595.o(.data)
    DevType                                  0x2000002c   Data           1  myapp.o(.data)
    DevId                                    0x2000002d   Data           1  myapp.o(.data)
    TrainId                                  0x2000002e   Data           2  myapp.o(.data)
    AppStartTimer                            0x20000030   Data           4  myapp.o(.data)
    AppStartFlag                             0x20000034   Data           4  myapp.o(.data)
    PlayLeftFifo                             0x20000038   Data           1  myaudio.o(.data)
    pPlayLeftFifo                            0x2000003c   Data           4  myaudio.o(.data)
    PlayLeftProduceIndex                     0x20000040   Data           4  myaudio.o(.data)
    PlayLeftConsumeIndex                     0x20000044   Data           4  myaudio.o(.data)
    PlayLeftWaitFlag                         0x20000048   Data           4  myaudio.o(.data)
    PlayRightFifo                            0x2000004c   Data           1  myaudio.o(.data)
    pPlayRightFifo                           0x20000050   Data           4  myaudio.o(.data)
    PlayRightProduceIndex                    0x20000054   Data           4  myaudio.o(.data)
    PlayRightConsumeIndex                    0x20000058   Data           4  myaudio.o(.data)
    PlayRightWaitFlag                        0x2000005c   Data           4  myaudio.o(.data)
    pListenLeftFifo                          0x20000060   Data           4  myaudio.o(.data)
    ListenLeftProduceIndex                   0x20000064   Data           4  myaudio.o(.data)
    ListenLeftConsumeIndex                   0x20000068   Data           4  myaudio.o(.data)
    pListenRightFifo                         0x2000006c   Data           4  myaudio.o(.data)
    ListenRightProduceIndex                  0x20000070   Data           4  myaudio.o(.data)
    ListenRightConsumeIndex                  0x20000074   Data           4  myaudio.o(.data)
    ListenFlag                               0x20000078   Data           4  myaudio.o(.data)
    ListenEnable                             0x2000007c   Data           4  myaudio.o(.data)
    AudioPlayInfo                            0x20000080   Data           8  myaudio.o(.data)
    AudioVolume                              0x20000088   Data           4  myaudio.o(.data)
    AudioTreble                              0x2000008c   Data           4  myaudio.o(.data)
    AudioBass                                0x20000090   Data           4  myaudio.o(.data)
    AudioFrontPlayFlag                       0x20000094   Data           4  myaudio.o(.data)
    AudioBackPlayFlag                        0x20000098   Data           4  myaudio.o(.data)
    PlayClock                                0x2000009c   Data           4  myaudio.o(.data)
    PlayClockSendFlag                        0x200000a0   Data           4  myaudio.o(.data)
    EthInitStatus                            0x200000a4   Data           4  myethernet.o(.data)
    EthLinkStatus                            0x200000a8   Data           1  myethernet.o(.data)
    run_iap_req                              0x200000ac   Data           1  myhttpd.o(.data)
    HttpTestAAA                              0x200000ad   Data         128  myhttpd.o(.data)
    HttpTestBBB                              0x2000012d   Data         128  myhttpd.o(.data)
    mode_description                         0x200001b0   Data          20  myhttpd.o(.data)
    dev_description                          0x200001c4   Data          12  myhttpd.o(.data)
    DmaPlayFlag                              0x200001d0   Data           4  myi2s.o(.data)
    AllBroadIpAddr                           0x200001d4   Data           4  mylwip.o(.data)
    pUdpTestRcvPcb                           0x200001d8   Data           4  mylwip.o(.data)
    pUdpTestSendPcb                          0x200001dc   Data           4  mylwip.o(.data)
    pUdpCommanderPcb                         0x200001e0   Data           4  mylwip.o(.data)
    pUdpControlRcvPcb                        0x200001e4   Data           4  mylwip.o(.data)
    pUdpControlSendPcb                       0x200001e8   Data           4  mylwip.o(.data)
    pUdpBroadcastRcvPcb                      0x200001ec   Data           4  mylwip.o(.data)
    pUdpBroadcastSendPcb                     0x200001f0   Data           4  mylwip.o(.data)
    pUdpTalkRcvPcb                           0x200001f4   Data           4  mylwip.o(.data)
    pUdpTalkSendPcb                          0x200001f8   Data           4  mylwip.o(.data)
    pUdpPlayclkRcvPcb                        0x200001fc   Data           4  mylwip.o(.data)
    pUdpPlayclkSendPcb                       0x20000200   Data           4  mylwip.o(.data)
    NetLocalMac                              0x20000208   Data           6  mynet.o(.data)
    NetLocalIp                               0x2000020e   Data           4  mynet.o(.data)
    NetRouterIp                              0x20000212   Data           4  mynet.o(.data)
    NetMaskIp                                0x20000216   Data           4  mynet.o(.data)
    NetShowIp                                0x2000021a   Data           4  mynet.o(.data)
    pNetReceiveBuf                           0x20000220   Data           4  mynet.o(.data)
    NetReceiveBufSize                        0x20000224   Data           4  mynet.o(.data)
    pNetSendBuf                              0x20000228   Data           4  mynet.o(.data)
    NetSendBufSize                           0x2000022c   Data           4  mynet.o(.data)
    NetStartingFlag                          0x20000230   Data           4  mynet.o(.data)
    NetListenSendFlag                        0x20000234   Data           4  mynet.o(.data)
    ProtocolLocalInfo                        0x20000238   Data           8  myprotocol.o(.data)
    ProtocolBroadInfo                        0x20000240   Data           8  myprotocol.o(.data)
    StorageInfoSaveFlag                      0x2000024c   Data           4  mystorage.o(.data)
    MyTmCnt10                                0x20000250   Data           4  mytimer.o(.data)
    MyTmCnt20                                0x20000254   Data           4  mytimer.o(.data)
    MyTmCnt50                                0x20000258   Data           4  mytimer.o(.data)
    MyTmCnt100                               0x2000025c   Data           4  mytimer.o(.data)
    MyTmCnt500                               0x20000260   Data           4  mytimer.o(.data)
    MyTmCnt1000                              0x20000264   Data           4  mytimer.o(.data)
    MyTmCnt2000                              0x20000268   Data           4  mytimer.o(.data)
    SystemCoreClock                          0x2000026c   Data           4  system_stm32f2xx.o(.data)
    AHBPrescTable                            0x20000270   Data          16  system_stm32f2xx.o(.data)
    DMATxDescToSet                           0x20000280   Data           4  stm32f2x7_eth.o(.data)
    DMARxDescToGet                           0x20000284   Data           4  stm32f2x7_eth.o(.data)
    DMA_RX_FRAME_infos                       0x20000288   Data           4  stm32f2x7_eth.o(.data)
    Frame_Rx_index                           0x2000028c   Data           4  stm32f2x7_eth.o(.data)
    netif_list                               0x200002a0   Data           4  netif.o(.data)
    netif_default                            0x200002a4   Data           4  netif.o(.data)
    tcp_state_str                            0x200002b0   Data          44  tcp.o(.data)
    tcp_ticks                                0x200002dc   Data           4  tcp.o(.data)
    tcp_bound_pcbs                           0x200002e0   Data           4  tcp.o(.data)
    tcp_listen_pcbs                          0x200002e4   Data           4  tcp.o(.data)
    tcp_active_pcbs                          0x200002e8   Data           4  tcp.o(.data)
    tcp_tw_pcbs                              0x200002ec   Data           4  tcp.o(.data)
    tcp_tmp_pcb                              0x200002f0   Data           4  tcp.o(.data)
    tcp_input_pcb                            0x20000318   Data           4  tcp_in.o(.data)
    udp_pcbs                                 0x2000031c   Data           4  udp.o(.data)
    current_netif                            0x20000320   Data           4  ip.o(.data)
    current_header                           0x20000324   Data           4  ip.o(.data)
    dmp_process_data                         0x20000344   Data           3  process_net.o(.data)
    dmp_run_status                           0x20000347   Data           1  process_net.o(.data)
    pack_len                                 0x20000348   Data           2  process_net.o(.data)
    hled_process_data                        0x2000034a   Data           5  process_net.o(.data)
    Hled_run_status                          0x2000034f   Data           1  process_net.o(.data)
    roll_col_sum_tmp                         0x20000350   Data           2  process_ledscreen.o(.data)
    color_tmp                                0x20000352   Data           1  process_ledscreen.o(.data)
    roll_col_num                             0x20000354   Data           2  process_ledscreen.o(.data)
    roll_speed                               0x20000356   Data           1  process_ledscreen.o(.data)
    brightness                               0x20000358   Data           2  process_ledscreen.o(.data)
    DISP_COL_TAIL                            0x2000035a   Data           2  process_ledscreen.o(.data)
    DISP_COL_HEAD                            0x2000035c   Data           2  process_ledscreen.o(.data)
    DIV                                      0x2000035e   Data           2  process_ledscreen.o(.data)
    FILL_COLsum_tail                         0x20000360   Data           2  process_ledscreen.o(.data)
    FILL_COLsum_head                         0x20000362   Data           2  process_ledscreen.o(.data)
    sel_screen_MODE                          0x20000364   Data          12  process_ledscreen.o(.data)
    SCREEN_MODE_stationID_SEL2_tbl           0x20000370   Data          48  process_ledscreen.o(.data)
    screen_mode_disp_tbl                     0x200003a0   Data          48  process_ledscreen.o(.data)
    screen_mode_set_tbl                      0x200003d0   Data          48  process_ledscreen.o(.data)
    mode_index_tbl                           0x20000400   Data           5  process_ledscreen.o(.data)
    ptu_SetMode                              0x20000405   Data           1  process_ledscreen.o(.data)
    Jump_To_Application                      0x2000040c   Data           4  flash_if.o(.data)
    Jump_To_iapPROG                          0x20000410   Data           4  flash_if.o(.data)
    JumpAddress                              0x20000414   Data           4  flash_if.o(.data)
    err_codes                                0x20000424   Data          32  tftp_cli.o(.data)
    red_CN                                   0x20000454   Data         288  hc595.o(.bss)
    green_CN                                 0x20000574   Data         288  hc595.o(.bss)
    red_EN                                   0x20000694   Data         144  hc595.o(.bss)
    green_EN                                 0x20000724   Data         144  hc595.o(.bss)
    ListenLeftFifo                           0x200007b4   Data        4096  myaudio.o(.bss)
    ListenRightFifo                          0x200017b4   Data        4096  myaudio.o(.bss)
    OutStr                                   0x200027b4   Data         256  mycommander.o(.bss)
    HttpTest                                 0x200028b4   Data        1024  myhttpd.o(.bss)
    str_tmp                                  0x20002cb4   Data        1024  myhttpd.o(.bss)
    DmaPlayMem0                              0x200030b4   Data        2048  myi2s.o(.bss)
    DmaPlayMem1                              0x200038b4   Data        2048  myi2s.o(.bss)
    DmaListenMem0                            0x200040b4   Data        2048  myi2s.o(.bss)
    DmaListenMem1                            0x200048b4   Data        2048  myi2s.o(.bss)
    Netif                                    0x200050b4   Data          52  mylwip.o(.bss)
    NetBuf                                   0x200050e8   Data        1280  mynet.o(.bss)
    StorageInfo                              0x200055e8   Data          24  mystorage.o(.bss)
    DMARxDscrTab                             0x20005600   Data         160  stm32f2x7_eth.o(.bss)
    DMATxDscrTab                             0x200056a0   Data         160  stm32f2x7_eth.o(.bss)
    Rx_Buff                                  0x20005740   Data        7620  stm32f2x7_eth.o(.bss)
    Tx_Buff                                  0x20007504   Data        7620  stm32f2x7_eth.o(.bss)
    RX_Frame_Descriptor                      0x200092c8   Data          12  stm32f2x7_eth.o(.bss)
    pack_data                                0x200129fc   Data        1156  process_net.o(.bss)
    netCNDispInfo                            0x20012e80   Data        1030  process_net.o(.bss)
    netENDispInfo                            0x20013286   Data        1030  process_net.o(.bss)
    tmpProtocolDispInfo                      0x2001368c   Data        1028  process_net.o(.bss)
    ledbuf_tmp1                              0x20013a90   Data        6200  process_ledscreen.o(.bss)
    ledbuf_tmp                               0x200152c8   Data        6200  process_ledscreen.o(.bss)
    red_tmp                                  0x20016b00   Data         288  process_ledscreen.o(.bss)
    green_tmp                                0x20016c20   Data         288  process_ledscreen.o(.bss)
    disp_param_SCREEN_MODE_softwareVersion   0x20016d40   Data          10  process_ledscreen.o(.bss)
    tftp_conn_cli                            0x20016d58   Data         544  tftp_cli.o(.bss)
    __libspace_start                         0x20016f78   Data          96  libspace.o(.bss)
    __temporary_stack_top$libspace           0x20016fd8   Data           0  libspace.o(.bss)



==============================================================================

Memory Map of the image

  Image Entry point : 0x00000185

  Load Region LR_IROM1 (Base: 0x00000000, Size: 0x00010e94, Max: 0x00040000, ABSOLUTE, COMPRESSED[0x00010b74])

    Execution Region ER_IROM1 (Base: 0x00000000, Size: 0x00010a40, Max: 0x00040000, ABSOLUTE)

    Base Addr    Size         Type   Attr      Idx    E Section Name        Object

    0x00000000   0x00000184   Data   RO          778    RESET               startup_stm32f2xx.o
    0x00000184   0x00000008   Code   RO         1672  * !!!main             c_w.l(__main.o)
    0x0000018c   0x00000034   Code   RO         1906    !!!scatter          c_w.l(__scatter.o)
    0x000001c0   0x0000005a   Code   RO         1904    !!dczerorl2         c_w.l(__dczerorl2.o)
    0x0000021a   0x00000002   PAD
    0x0000021c   0x0000001c   Code   RO         1908    !!handler_zi        c_w.l(__scatter_zi.o)
    0x00000238   0x00000000   Code   RO         1645    .ARM.Collect$$_printf_percent$$00000000  c_w.l(_printf_percent.o)
    0x00000238   0x00000006   Code   RO         1644    .ARM.Collect$$_printf_percent$$00000009  c_w.l(_printf_d.o)
    0x0000023e   0x00000006   Code   RO         1643    .ARM.Collect$$_printf_percent$$0000000C  c_w.l(_printf_x.o)
    0x00000244   0x00000006   Code   RO         1642    .ARM.Collect$$_printf_percent$$00000014  c_w.l(_printf_s.o)
    0x0000024a   0x00000004   Code   RO         1715    .ARM.Collect$$_printf_percent$$00000017  c_w.l(_printf_percent_end.o)
    0x0000024e   0x00000002   Code   RO         1844    .ARM.Collect$$libinit$$00000000  c_w.l(libinit.o)
    0x00000250   0x00000000   Code   RO         1721    .ARM.Collect$$libinit$$00000002  c_w.l(libinit2.o)
    0x00000250   0x00000000   Code   RO         1723    .ARM.Collect$$libinit$$00000004  c_w.l(libinit2.o)
    0x00000250   0x00000008   Code   RO         1724    .ARM.Collect$$libinit$$00000005  c_w.l(libinit2.o)
    0x00000258   0x00000000   Code   RO         1726    .ARM.Collect$$libinit$$0000000A  c_w.l(libinit2.o)
    0x00000258   0x00000000   Code   RO         1728    .ARM.Collect$$libinit$$0000000C  c_w.l(libinit2.o)
    0x00000258   0x00000000   Code   RO         1730    .ARM.Collect$$libinit$$0000000E  c_w.l(libinit2.o)
    0x00000258   0x00000006   Code   RO         1731    .ARM.Collect$$libinit$$0000000F  c_w.l(libinit2.o)
    0x0000025e   0x00000000   Code   RO         1733    .ARM.Collect$$libinit$$00000011  c_w.l(libinit2.o)
    0x0000025e   0x0000000c   Code   RO         1734    .ARM.Collect$$libinit$$00000012  c_w.l(libinit2.o)
    0x0000026a   0x00000000   Code   RO         1735    .ARM.Collect$$libinit$$00000013  c_w.l(libinit2.o)
    0x0000026a   0x00000000   Code   RO         1737    .ARM.Collect$$libinit$$00000015  c_w.l(libinit2.o)
    0x0000026a   0x00000000   Code   RO         1739    .ARM.Collect$$libinit$$00000017  c_w.l(libinit2.o)
    0x0000026a   0x00000000   Code   RO         1741    .ARM.Collect$$libinit$$00000019  c_w.l(libinit2.o)
    0x0000026a   0x00000000   Code   RO         1743    .ARM.Collect$$libinit$$0000001B  c_w.l(libinit2.o)
    0x0000026a   0x00000000   Code   RO         1745    .ARM.Collect$$libinit$$0000001D  c_w.l(libinit2.o)
    0x0000026a   0x00000000   Code   RO         1747    .ARM.Collect$$libinit$$0000001F  c_w.l(libinit2.o)
    0x0000026a   0x00000000   Code   RO         1749    .ARM.Collect$$libinit$$00000021  c_w.l(libinit2.o)
    0x0000026a   0x00000000   Code   RO         1751    .ARM.Collect$$libinit$$00000023  c_w.l(libinit2.o)
    0x0000026a   0x00000000   Code   RO         1753    .ARM.Collect$$libinit$$00000025  c_w.l(libinit2.o)
    0x0000026a   0x00000000   Code   RO         1757    .ARM.Collect$$libinit$$0000002C  c_w.l(libinit2.o)
    0x0000026a   0x00000000   Code   RO         1759    .ARM.Collect$$libinit$$0000002E  c_w.l(libinit2.o)
    0x0000026a   0x00000000   Code   RO         1761    .ARM.Collect$$libinit$$00000030  c_w.l(libinit2.o)
    0x0000026a   0x00000000   Code   RO         1763    .ARM.Collect$$libinit$$00000032  c_w.l(libinit2.o)
    0x0000026a   0x00000002   Code   RO         1764    .ARM.Collect$$libinit$$00000033  c_w.l(libinit2.o)
    0x0000026c   0x00000002   Code   RO         1901    .ARM.Collect$$libshutdown$$00000000  c_w.l(libshutdown.o)
    0x0000026e   0x00000000   Code   RO         1859    .ARM.Collect$$libshutdown$$00000003  c_w.l(libshutdown2.o)
    0x0000026e   0x00000000   Code   RO         1862    .ARM.Collect$$libshutdown$$00000006  c_w.l(libshutdown2.o)
    0x0000026e   0x00000000   Code   RO         1865    .ARM.Collect$$libshutdown$$00000009  c_w.l(libshutdown2.o)
    0x0000026e   0x00000000   Code   RO         1867    .ARM.Collect$$libshutdown$$0000000B  c_w.l(libshutdown2.o)
    0x0000026e   0x00000000   Code   RO         1870    .ARM.Collect$$libshutdown$$0000000E  c_w.l(libshutdown2.o)
    0x0000026e   0x00000002   Code   RO         1871    .ARM.Collect$$libshutdown$$0000000F  c_w.l(libshutdown2.o)
    0x00000270   0x00000000   Code   RO         1676    .ARM.Collect$$rtentry$$00000000  c_w.l(__rtentry.o)
    0x00000270   0x00000000   Code   RO         1771    .ARM.Collect$$rtentry$$00000002  c_w.l(__rtentry2.o)
    0x00000270   0x00000006   Code   RO         1783    .ARM.Collect$$rtentry$$00000004  c_w.l(__rtentry4.o)
    0x00000276   0x00000000   Code   RO         1773    .ARM.Collect$$rtentry$$00000009  c_w.l(__rtentry2.o)
    0x00000276   0x00000004   Code   RO         1774    .ARM.Collect$$rtentry$$0000000A  c_w.l(__rtentry2.o)
    0x0000027a   0x00000000   Code   RO         1776    .ARM.Collect$$rtentry$$0000000C  c_w.l(__rtentry2.o)
    0x0000027a   0x00000008   Code   RO         1777    .ARM.Collect$$rtentry$$0000000D  c_w.l(__rtentry2.o)
    0x00000282   0x00000002   Code   RO         1847    .ARM.Collect$$rtexit$$00000000  c_w.l(rtexit.o)
    0x00000284   0x00000000   Code   RO         1875    .ARM.Collect$$rtexit$$00000002  c_w.l(rtexit2.o)
    0x00000284   0x00000004   Code   RO         1876    .ARM.Collect$$rtexit$$00000003  c_w.l(rtexit2.o)
    0x00000288   0x00000006   Code   RO         1877    .ARM.Collect$$rtexit$$00000004  c_w.l(rtexit2.o)
    0x0000028e   0x00000002   PAD
    0x00000290   0x00000020   Code   RO          765    .emb_text           core_cm3.o
    0x000002b0   0x00000000   Code   RO         1789    .emb_text           c_w.l(maybetermalloc1.o)
    0x000002b0   0x00000180   Code   RO            1    .text               main.o
    0x00000430   0x00000036   Code   RO          288    .text               mem_str.o
    0x00000466   0x00000002   PAD
    0x00000468   0x00000108   Code   RO          338    .text               p_sys.o
    0x00000570   0x00000268   Code   RO          352    .text               hc595.o
    0x000007d8   0x000000b0   Code   RO          372    .text               myapp.o
    0x00000888   0x00000228   Code   RO          390    .text               myaudio.o
    0x00000ab0   0x0000038c   Code   RO          418    .text               myboard.o
    0x00000e3c   0x000004c8   Code   RO          433    .text               mycommander.o
    0x00001304   0x00000158   Code   RO          450    .text               myethernet.o
    0x0000145c   0x000009d0   Code   RO          480    .text               myhttpd.o
    0x00001e2c   0x000003c0   Code   RO          578    .text               myi2c.o
    0x000021ec   0x000005aa   Code   RO          590    .text               myi2s.o
    0x00002796   0x00000002   PAD
    0x00002798   0x00000568   Code   RO          609    .text               mylwip.o
    0x00002d00   0x00000300   Code   RO          628    .text               mymiscfunc.o
    0x00003000   0x000003d0   Code   RO          640    .text               mynet.o
    0x000033d0   0x000002c0   Code   RO          663    .text               myprotocol.o
    0x00003690   0x00000218   Code   RO          685    .text               mystorage.o
    0x000038a8   0x00000110   Code   RO          716    .text               mytimer.o
    0x000039b8   0x00000030   Code   RO          738    .text               stm32f2xx_it.o
    0x000039e8   0x000000fc   Code   RO          753    .text               bsp_dev_id.o
    0x00003ae4   0x00000040   Code   RO          779    .text               startup_stm32f2xx.o
    0x00003b24   0x000001e0   Code   RO          783    .text               system_stm32f2xx.o
    0x00003d04   0x00000d84   Code   RO          801    .text               stm32f2x7_eth.o
    0x00004a88   0x0000034c   Code   RO          918    .text               mem.o
    0x00004dd4   0x000000a8   Code   RO          933    .text               memp.o
    0x00004e7c   0x00000204   Code   RO          963    .text               netif.o
    0x00005080   0x0000059c   Code   RO          985    .text               pbuf.o
    0x0000561c   0x000001a0   Code   RO         1000    .text               raw.o
    0x000057bc   0x00000bd0   Code   RO         1026    .text               tcp.o
    0x0000638c   0x00001294   Code   RO         1047    .text               tcp_in.o
    0x00007620   0x00000a8e   Code   RO         1070    .text               tcp_out.o
    0x000080ae   0x00000002   PAD
    0x000080b0   0x000003e0   Code   RO         1082    .text               udp.o
    0x00008490   0x000003c0   Code   RO         1100    .text               autoip.o
    0x00008850   0x00000200   Code   RO         1112    .text               icmp.o
    0x00008a50   0x0000021c   Code   RO         1130    .text               inet.o
    0x00008c6c   0x00000156   Code   RO         1143    .text               inet_chksum.o
    0x00008dc2   0x00000002   PAD
    0x00008dc4   0x00000314   Code   RO         1162    .text               ip.o
    0x000090d8   0x0000004e   Code   RO         1183    .text               ip_addr.o
    0x00009126   0x00000002   PAD
    0x00009128   0x000005ec   Code   RO         1205    .text               ip_frag.o
    0x00009714   0x00000960   Code   RO         1220    .text               etharp.o
    0x0000a074   0x000001d4   Code   RO         1261    .text               ethernetif.o
    0x0000a248   0x000000e0   Code   RO         1274    .text               misc.o
    0x0000a328   0x000003a8   Code   RO         1298    .text               stm32f2xx_dma.o
    0x0000a6d0   0x000004bc   Code   RO         1322    .text               stm32f2xx_flash.o
    0x0000ab8c   0x0000025c   Code   RO         1334    .text               stm32f2xx_gpio.o
    0x0000ade8   0x00000428   Code   RO         1346    .text               stm32f2xx_i2c.o
    0x0000b210   0x00000588   Code   RO         1370    .text               stm32f2xx_rcc.o
    0x0000b798   0x00000364   Code   RO         1384    .text               stm32f2xx_spi.o
    0x0000bafc   0x0000008c   Code   RO         1396    .text               stm32f2xx_syscfg.o
    0x0000bb88   0x00000d18   Code   RO         1438    .text               process_net.o
    0x0000c8a0   0x00000a80   Code   RO         1458    .text               process_ledscreen.o
    0x0000d320   0x0000049c   Code   RO         1478    .text               flash_if.o
    0x0000d7bc   0x00000550   Code   RO         1508    .text               tftp_cli.o
    0x0000dd0c   0x0000005e   Code   RO         1531    .text               c_w.l(h1_alloc.o)
    0x0000dd6a   0x0000004e   Code   RO         1533    .text               c_w.l(h1_free.o)
    0x0000ddb8   0x00000028   Code   RO         1591    .text               c_w.l(noretval__2sprintf.o)
    0x0000dde0   0x0000004e   Code   RO         1595    .text               c_w.l(_printf_pad.o)
    0x0000de2e   0x00000052   Code   RO         1597    .text               c_w.l(_printf_str.o)
    0x0000de80   0x00000078   Code   RO         1599    .text               c_w.l(_printf_dec.o)
    0x0000def8   0x00000058   Code   RO         1604    .text               c_w.l(_printf_hex_int.o)
    0x0000df50   0x00000138   Code   RO         1634    .text               c_w.l(__printf_flags_wp.o)
    0x0000e088   0x0000001a   Code   RO         1646    .text               c_w.l(atoi.o)
    0x0000e0a2   0x00000058   Code   RO         1648    .text               c_w.l(memcmp.o)
    0x0000e0fa   0x0000003e   Code   RO         1650    .text               c_w.l(strlen.o)
    0x0000e138   0x00000096   Code   RO         1652    .text               c_w.l(strncmp.o)
    0x0000e1ce   0x00000018   Code   RO         1654    .text               c_w.l(strcat.o)
    0x0000e1e6   0x0000008a   Code   RO         1656    .text               c_w.l(rt_memcpy_v6.o)
    0x0000e270   0x00000064   Code   RO         1658    .text               c_w.l(rt_memcpy_w.o)
    0x0000e2d4   0x00000010   Code   RO         1660    .text               c_w.l(aeabi_memset.o)
    0x0000e2e4   0x00000044   Code   RO         1662    .text               c_w.l(rt_memclr.o)
    0x0000e328   0x0000004e   Code   RO         1664    .text               c_w.l(rt_memclr_w.o)
    0x0000e376   0x00000002   PAD
    0x0000e378   0x00000080   Code   RO         1668    .text               c_w.l(strcmpv7m.o)
    0x0000e3f8   0x00000006   Code   RO         1670    .text               c_w.l(heapauxi.o)
    0x0000e3fe   0x00000002   PAD
    0x0000e400   0x00000008   Code   RO         1680    .text               c_w.l(rt_heap_descriptor_intlibspace.o)
    0x0000e408   0x00000008   Code   RO         1685    .text               c_w.l(rt_errno_addr_intlibspace.o)
    0x0000e410   0x00000004   Code   RO         1687    .text               c_w.l(hguard.o)
    0x0000e414   0x0000008a   Code   RO         1689    .text               c_w.l(init_alloc.o)
    0x0000e49e   0x0000000e   Code   RO         1693    .text               c_w.l(h1_init.o)
    0x0000e4ac   0x000000b2   Code   RO         1707    .text               c_w.l(_printf_intcommon.o)
    0x0000e55e   0x00000002   PAD
    0x0000e560   0x00000030   Code   RO         1709    .text               c_w.l(_printf_char_common.o)
    0x0000e590   0x0000000a   Code   RO         1711    .text               c_w.l(_sputc.o)
    0x0000e59a   0x0000002c   Code   RO         1713    .text               c_w.l(_printf_char.o)
    0x0000e5c6   0x00000070   Code   RO         1716    .text               c_w.l(strtol.o)
    0x0000e636   0x00000002   PAD
    0x0000e638   0x00000008   Code   RO         1767    .text               c_w.l(libspace.o)
    0x0000e640   0x00000010   Code   RO         1785    .text               c_w.l(rt_ctype_table.o)
    0x0000e650   0x00000034   Code   RO         1791    .text               c_w.l(h1_extend.o)
    0x0000e684   0x0000009e   Code   RO         1797    .text               c_w.l(_strtoul.o)
    0x0000e722   0x0000000e   Code   RO         1799    .text               c_w.l(defsig_rtmem_outer.o)
    0x0000e730   0x00000002   Code   RO         1810    .text               c_w.l(use_no_semi.o)
    0x0000e732   0x00000000   Code   RO         1812    .text               c_w.l(indicate_semi.o)
    0x0000e732   0x0000004a   Code   RO         1813    .text               c_w.l(sys_stackheap_outer.o)
    0x0000e77c   0x00000008   Code   RO         1820    .text               c_w.l(rt_locale_intlibspace.o)
    0x0000e784   0x0000001c   Code   RO         1824    .text               c_w.l(_chval.o)
    0x0000e7a0   0x0000000c   Code   RO         1829    .text               c_w.l(exit.o)
    0x0000e7ac   0x0000000a   Code   RO         1831    .text               c_w.l(defsig_exit.o)
    0x0000e7b6   0x00000002   PAD
    0x0000e7b8   0x00000050   Code   RO         1833    .text               c_w.l(defsig_rtmem_inner.o)
    0x0000e808   0x0000000c   Code   RO         1845    .text               c_w.l(sys_exit.o)
    0x0000e814   0x00000032   Code   RO         1855    .text               c_w.l(defsig_general.o)
    0x0000e846   0x0000000e   Code   RO         1872    .text               c_w.l(sys_wrch.o)
    0x0000e854   0x0000000e   Code   RO         1632    i._is_digit         c_w.l(__printf_wp.o)
    0x0000e862   0x00000002   PAD
    0x0000e864   0x0000002c   Code   RO         1827    locale$$code        c_w.l(lc_ctype_c.o)
    0x0000e890   0x00000022   Data   RO          354    .constdata          hc595.o
    0x0000e8b2   0x00000002   PAD
    0x0000e8b4   0x00000190   Data   RO          435    .constdata          mycommander.o
    0x0000ea44   0x00000c9c   Data   RO          482    .constdata          myhttpd.o
    0x0000f6e0   0x00000024   Data   RO          935    .constdata          memp.o
    0x0000f704   0x00000014   Data   RO         1027    .constdata          tcp.o
    0x0000f718   0x00000008   Data   RO         1184    .constdata          ip_addr.o
    0x0000f720   0x0000000c   Data   RO         1222    .constdata          etharp.o
    0x0000f72c   0x000000d0   Data   RO         1440    .constdata          process_net.o
    0x0000f7fc   0x0000093a   Data   RO         1460    .constdata          process_ledscreen.o
    0x00010136   0x00000028   Data   RO         1605    .constdata          c_w.l(_printf_hex_int.o)
    0x0001015e   0x00000011   Data   RO         1635    .constdata          c_w.l(__printf_flags_wp.o)
    0x0001016f   0x00000001   PAD
    0x00010170   0x000000c0   Data   RO          436    .conststring        mycommander.o
    0x00010230   0x00000588   Data   RO          483    .conststring        myhttpd.o
    0x000107b8   0x00000075   Data   RO         1028    .conststring        tcp.o
    0x0001082d   0x00000003   PAD
    0x00010830   0x000000a4   Data   RO         1510    .conststring        tftp_cli.o
    0x000108d4   0x0000003a   Data   RO          484    .conststrlit        myhttpd.o
    0x0001090e   0x00000002   PAD
    0x00010910   0x00000020   Data   RO         1902    Region$$Table       anon$$obj.o
    0x00010930   0x00000110   Data   RO         1826    locale$$data        c_w.l(lc_ctype_c.o)


    Execution Region RW_IRAM1 (Base: 0x20000000, Size: 0x000187d8, Max: 0x00020000, ABSOLUTE, COMPRESSED[0x00000134])

    Base Addr    Size         Type   Attr      Idx    E Section Name        Object

    0x20000000   0x00000018   Data   RW            2    .data               main.o
    0x20000018   0x0000000a   Data   RW          339    .data               p_sys.o
    0x20000022   0x00000007   Data   RW          355    .data               hc595.o
    0x20000029   0x00000003   PAD
    0x2000002c   0x0000000c   Data   RW          373    .data               myapp.o
    0x20000038   0x0000006c   Data   RW          392    .data               myaudio.o
    0x200000a4   0x00000005   Data   RW          451    .data               myethernet.o
    0x200000a9   0x00000003   PAD
    0x200000ac   0x00000124   Data   RW          485    .data               myhttpd.o
    0x200001d0   0x00000004   Data   RW          592    .data               myi2s.o
    0x200001d4   0x00000034   Data   RW          611    .data               mylwip.o
    0x20000208   0x00000030   Data   RW          642    .data               mynet.o
    0x20000238   0x00000014   Data   RW          664    .data               myprotocol.o
    0x2000024c   0x00000004   Data   RW          687    .data               mystorage.o
    0x20000250   0x0000001c   Data   RW          717    .data               mytimer.o
    0x2000026c   0x00000014   Data   RW          784    .data               system_stm32f2xx.o
    0x20000280   0x00000010   Data   RW          803    .data               stm32f2x7_eth.o
    0x20000290   0x0000000d   Data   RW          920    .data               mem.o
    0x2000029d   0x00000003   PAD
    0x200002a0   0x00000009   Data   RW          964    .data               netif.o
    0x200002a9   0x00000003   PAD
    0x200002ac   0x00000004   Data   RW         1001    .data               raw.o
    0x200002b0   0x0000004c   Data   RW         1029    .data               tcp.o
    0x200002fc   0x00000020   Data   RW         1049    .data               tcp_in.o
    0x2000031c   0x00000004   Data   RW         1083    .data               udp.o
    0x20000320   0x0000000a   Data   RW         1163    .data               ip.o
    0x2000032a   0x00000002   PAD
    0x2000032c   0x00000006   Data   RW         1207    .data               ip_frag.o
    0x20000332   0x00000001   Data   RW         1223    .data               etharp.o
    0x20000333   0x00000010   Data   RW         1371    .data               stm32f2xx_rcc.o
    0x20000343   0x00000001   PAD
    0x20000344   0x0000000c   Data   RW         1441    .data               process_net.o
    0x20000350   0x000000bb   Data   RW         1461    .data               process_ledscreen.o
    0x2000040b   0x00000001   PAD
    0x2000040c   0x0000000c   Data   RW         1480    .data               flash_if.o
    0x20000418   0x00000039   Data   RW         1511    .data               tftp_cli.o
    0x20000451   0x00000003   PAD
    0x20000454   0x00000360   Zero   RW          353    .bss                hc595.o
    0x200007b4   0x00002000   Zero   RW          391    .bss                myaudio.o
    0x200027b4   0x00000100   Zero   RW          434    .bss                mycommander.o
    0x200028b4   0x00000800   Zero   RW          481    .bss                myhttpd.o
    0x200030b4   0x00002000   Zero   RW          591    .bss                myi2s.o
    0x200050b4   0x00000034   Zero   RW          610    .bss                mylwip.o
    0x200050e8   0x00000500   Zero   RW          641    .bss                mynet.o
    0x200055e8   0x00000018   Zero   RW          686    .bss                mystorage.o
    0x20005600   0x00003cd4   Zero   RW          802    .bss                stm32f2x7_eth.o
    0x200092d4   0x00002814   Zero   RW          919    .bss                mem.o
    0x2000bae8   0x00006847   Zero   RW          934    .bss                memp.o
    0x2001232f   0x00000001   PAD
    0x20012330   0x00000014   Zero   RW         1048    .bss                tcp_in.o
    0x20012344   0x00000010   Zero   RW         1131    .bss                inet.o
    0x20012354   0x000005e0   Zero   RW         1206    .bss                ip_frag.o
    0x20012934   0x000000c8   Zero   RW         1221    .bss                etharp.o
    0x200129fc   0x00001094   Zero   RW         1439    .bss                process_net.o
    0x20013a90   0x000032c8   Zero   RW         1459    .bss                process_ledscreen.o
    0x20016d58   0x00000220   Zero   RW         1509    .bss                tftp_cli.o
    0x20016f78   0x00000060   Zero   RW         1768    .bss                c_w.l(libspace.o)
    0x20016fd8   0x00000800   Zero   RW          777    HEAP                startup_stm32f2xx.o
    0x200177d8   0x00001000   Zero   RW          776    STACK               startup_stm32f2xx.o



  Load Region LR$$.ARM.__AT_0x08004000 (Base: 0x08004000, Size: 0x00004000, Max: 0x00004000, ABSOLUTE)

    Execution Region ER$$.ARM.__AT_0x08004000 (Base: 0x08004000, Size: 0x00004000, Max: 0x00004000, ABSOLUTE, UNINIT)

    Base Addr    Size         Type   Attr      Idx    E Section Name        Object

    0x08004000   0x00004000   Data   RO         1479    .ARM.__AT_0x08004000  flash_if.o


==============================================================================

Image component sizes


      Code (inc. data)   RO Data    RW Data    ZI Data      Debug   Object Name

       960         34          0          0          0       4566   autoip.o
       252         10          0          0          0       1466   bsp_dev_id.o
        32          0          0          0          0        656   core_cm3.o
      2400         22         12          1        200       9958   etharp.o
       468         42          0          0          0       3104   ethernetif.o
      1180         42      16384         12          0       5828   flash_if.o
       616         32         34          7        864       2665   hc595.o
       512          0          0          0          0       2766   icmp.o
       540         12          0          0         16       3412   inet.o
       342          0          0          0          0       5574   inet_chksum.o
         0          0          0          0          0       5658   init.o
       788         22          0         10          0       6310   ip.o
        78          0          8          0          0       6073   ip_addr.o
      1516         18          0          6       1504       6164   ip_frag.o
       384         44          0         24          0     311729   main.o
       844         22          0         13      10260       4022   mem.o
        54          0          0          0          0       1458   mem_str.o
       168         18         36          0      26695       3422   memp.o
       224         20          0          0          0       2077   misc.o
       176         22          0         12          0       1963   myapp.o
       552         90          0        108       8192       4487   myaudio.o
       908         20          0          0          0       2505   myboard.o
      1224        276        592          0        256       3669   mycommander.o
       344         18          0          5          0       1501   myethernet.o
      2512        356       4702        292       2048      36635   myhttpd.o
       960         20          0          0          0       3199   myi2c.o
      1450         88          0          4       8192       5267   myi2s.o
      1384        102          0         52         52       7854   mylwip.o
       768          4          0          0          0       4536   mymiscfunc.o
       976         72          0         48       1280      22961   mynet.o
       704         28          0         20          0       7556   myprotocol.o
       536         32          0          4         24       2903   mystorage.o
       272         42          0         28          0      19271   mytimer.o
       516         20          0          9          0       5780   netif.o
       264         28          0         10          0       2147   p_sys.o
      1436          0          0          0          0       5724   pbuf.o
      2688        270       2362        187      13000      11017   process_ledscreen.o
      3352        178        208         12       4244      16646   process_net.o
       416          4          0          4          0       3749   raw.o
        64         26        388          0       6144        884   startup_stm32f2xx.o
      3460         92          0         16      15572      19788   stm32f2x7_eth.o
       936         32          0          0          0       6505   stm32f2xx_dma.o
      1212         26          0          0          0       7017   stm32f2xx_flash.o
       604         36          0          0          0       4173   stm32f2xx_gpio.o
      1064         26          0          0          0       8235   stm32f2xx_i2c.o
        48          0          0          0          0       1515   stm32f2xx_it.o
      1416         48          0         16          0      11239   stm32f2xx_rcc.o
       868         22          0          0          0       6496   stm32f2xx_spi.o
       140         12          0          0          0       1647   stm32f2xx_syscfg.o
       480         40          0         20          0       2059   system_stm32f2xx.o
      3024        116        137         76          0      18300   tcp.o
      4756        214          0         32         20      13720   tcp_in.o
      2702         12          0          0          0       7138   tcp_out.o
      1360         72        164         57        544       6626   tftp_cli.o
       992          8          0          4          0       6689   udp.o

    ----------------------------------------------------------------------
     55932       2790      25066       1108      99108     678309   Object Totals
         0          0         32          0          0          0   (incl. Generated)
        10          0          7         19          1          0   (incl. Padding)

    ----------------------------------------------------------------------

      Code (inc. data)   RO Data    RW Data    ZI Data      Debug   Library Member Name

        90          0          0          0          0          0   __dczerorl2.o
         8          0          0          0          0         68   __main.o
       312          4         17          0          0         92   __printf_flags_wp.o
        14          0          0          0          0         68   __printf_wp.o
         0          0          0          0          0          0   __rtentry.o
        12          0          0          0          0          0   __rtentry2.o
         6          0          0          0          0          0   __rtentry4.o
        52          8          0          0          0          0   __scatter.o
        28          0          0          0          0          0   __scatter_zi.o
        28          0          0          0          0         68   _chval.o
        44          0          0          0          0        108   _printf_char.o
        48          6          0          0          0         96   _printf_char_common.o
         6          0          0          0          0          0   _printf_d.o
       120         16          0          0          0         92   _printf_dec.o
        88          4         40          0          0         88   _printf_hex_int.o
       178          0          0          0          0         88   _printf_intcommon.o
        78          0          0          0          0        108   _printf_pad.o
         0          0          0          0          0          0   _printf_percent.o
         4          0          0          0          0          0   _printf_percent_end.o
         6          0          0          0          0          0   _printf_s.o
        82          0          0          0          0         80   _printf_str.o
         6          0          0          0          0          0   _printf_x.o
        10          0          0          0          0         68   _sputc.o
       158          0          0          0          0         92   _strtoul.o
        16          0          0          0          0         68   aeabi_memset.o
        26          0          0          0          0         80   atoi.o
        10          0          0          0          0         68   defsig_exit.o
        50          0          0          0          0         88   defsig_general.o
        80         58          0          0          0         76   defsig_rtmem_inner.o
        14          0          0          0          0         80   defsig_rtmem_outer.o
        12          0          0          0          0         72   exit.o
        94          0          0          0          0         80   h1_alloc.o
        52          0          0          0          0         68   h1_extend.o
        78          0          0          0          0         80   h1_free.o
        14          0          0          0          0         84   h1_init.o
         6          0          0          0          0        152   heapauxi.o
         4          0          0          0          0        136   hguard.o
         0          0          0          0          0          0   indicate_semi.o
       138          0          0          0          0        168   init_alloc.o
        44         10        272          0          0         76   lc_ctype_c.o
         2          0          0          0          0          0   libinit.o
        28          0          0          0          0          0   libinit2.o
         2          0          0          0          0          0   libshutdown.o
         2          0          0          0          0          0   libshutdown2.o
         8          4          0          0         96         68   libspace.o
         0          0          0          0          0          0   maybetermalloc1.o
        88          0          0          0          0         76   memcmp.o
        40          6          0          0          0         84   noretval__2sprintf.o
        16          4          0          0          0         76   rt_ctype_table.o
         8          4          0          0          0         68   rt_errno_addr_intlibspace.o
         8          4          0          0          0         68   rt_heap_descriptor_intlibspace.o
         8          4          0          0          0         68   rt_locale_intlibspace.o
        68          0          0          0          0         68   rt_memclr.o
        78          0          0          0          0         80   rt_memclr_w.o
       138          0          0          0          0         68   rt_memcpy_v6.o
       100          0          0          0          0         80   rt_memcpy_w.o
         2          0          0          0          0          0   rtexit.o
        10          0          0          0          0          0   rtexit2.o
        24          0          0          0          0         68   strcat.o
       128          0          0          0          0         68   strcmpv7m.o
        62          0          0          0          0         76   strlen.o
       150          0          0          0          0         80   strncmp.o
       112          0          0          0          0         88   strtol.o
        12          4          0          0          0         68   sys_exit.o
        74          0          0          0          0         80   sys_stackheap_outer.o
        14          0          0          0          0         76   sys_wrch.o
         2          0          0          0          0         68   use_no_semi.o

    ----------------------------------------------------------------------
      3216        136        330          0         96       3968   Library Totals
        16          0          1          0          0          0   (incl. Padding)

    ----------------------------------------------------------------------

      Code (inc. data)   RO Data    RW Data    ZI Data      Debug   Library Name

      3200        136        329          0         96       3968   c_w.l

    ----------------------------------------------------------------------
      3216        136        330          0         96       3968   Library Totals

    ----------------------------------------------------------------------

==============================================================================


      Code (inc. data)   RO Data    RW Data    ZI Data      Debug   

     59148       2926      25396       1108      99204     674421   Grand Totals
     59148       2926      25396        308      99204     674421   ELF Image Totals (compressed)
     59148       2926      25396        308          0          0   ROM Totals

==============================================================================

    Total RO  Size (Code + RO Data)                84544 (  82.56kB)
    Total RW  Size (RW Data + ZI Data)            100312 (  97.96kB)
    Total ROM Size (Code + RO Data + RW Data)      84852 (  82.86kB)

==============================================================================

